<!doctype html public "-//w3c//dtd html 4.0 transitional//en">
<html><head>
<title>Static Call Graph - [.\Objects\Universal Bus Converter.axf]</title></head>
<body><HR>
<H1>Static Call Graph for image .\Objects\Universal Bus Converter.axf</H1><HR>
<BR><P>#&#060CALLGRAPH&#062# ARM Linker, 6140002: Last Updated: Sun Jul 23 18:26:50 2023
<BR><P>
<H3>Maximum Stack Usage =       4608 bytes + Unknown(Functions without stacksize, Cycles, Untraceable Function Pointers)</H3><H3>
Call chain for Maximum Stack Depth:</H3>
__rt_entry_main &rArr; main &rArr; CAN_COM::CAN_COM(CAN_TypeDef*, GPIO_TypeDef*, unsigned char, unsigned char, unsigned short, unsigned short, unsigned char) &rArr; BASE_COM_t::BASE_COM_t__sub_object() &rArr; std::__1::vector&lang;BASE_COM_t*, std::__1::allocator&lang;BASE_COM_t*&rang;&rang;::__swap_out_circular_buffer(std::__1::__split_buffer&lang;BASE_COM_t*, std::__1::allocator&lang;BASE_COM_t*&rang;&&rang;&) &rArr; __aeabi_memcpy4
<P>
<H3>
Functions with no stack information
</H3><UL>
 <LI><a href="#[10f]">__user_initial_stackheap</a>
</UL>
</UL>
<P>
<H3>
Mutually Recursive functions
</H3> <LI><a href="#[1]">NMI_Handler</a>&nbsp;&nbsp;&nbsp;&rArr;&nbsp;&nbsp;&nbsp;<a href="#[1]">NMI_Handler</a><BR>
 <LI><a href="#[3]">MemManage_Handler</a>&nbsp;&nbsp;&nbsp;&rArr;&nbsp;&nbsp;&nbsp;<a href="#[3]">MemManage_Handler</a><BR>
 <LI><a href="#[4]">BusFault_Handler</a>&nbsp;&nbsp;&nbsp;&rArr;&nbsp;&nbsp;&nbsp;<a href="#[4]">BusFault_Handler</a><BR>
 <LI><a href="#[5]">UsageFault_Handler</a>&nbsp;&nbsp;&nbsp;&rArr;&nbsp;&nbsp;&nbsp;<a href="#[5]">UsageFault_Handler</a><BR>
 <LI><a href="#[6]">SVC_Handler</a>&nbsp;&nbsp;&nbsp;&rArr;&nbsp;&nbsp;&nbsp;<a href="#[6]">SVC_Handler</a><BR>
 <LI><a href="#[7]">DebugMon_Handler</a>&nbsp;&nbsp;&nbsp;&rArr;&nbsp;&nbsp;&nbsp;<a href="#[7]">DebugMon_Handler</a><BR>
 <LI><a href="#[8]">PendSV_Handler</a>&nbsp;&nbsp;&nbsp;&rArr;&nbsp;&nbsp;&nbsp;<a href="#[8]">PendSV_Handler</a><BR>
 <LI><a href="#[1c]">ADC_IRQHandler</a>&nbsp;&nbsp;&nbsp;&rArr;&nbsp;&nbsp;&nbsp;<a href="#[1c]">ADC_IRQHandler</a><BR>
</UL>
<P>
<H3>
Function Pointers
</H3><UL>
 <LI><a href="#[1c]">ADC_IRQHandler</a> from startup_stm32f446xx.o(.text) referenced from startup_stm32f446xx.o(RESET)
 <LI><a href="#[4]">BusFault_Handler</a> from startup_stm32f446xx.o(.text) referenced from startup_stm32f446xx.o(RESET)
 <LI><a href="#[1e]">CAN1_RX0_IRQHandler</a> from main.o(.text.CAN1_RX0_IRQHandler) referenced from startup_stm32f446xx.o(RESET)
 <LI><a href="#[1f]">CAN1_RX1_IRQHandler</a> from main.o(.text.CAN1_RX1_IRQHandler) referenced from startup_stm32f446xx.o(RESET)
 <LI><a href="#[20]">CAN1_SCE_IRQHandler</a> from main.o(.text.CAN1_SCE_IRQHandler) referenced from startup_stm32f446xx.o(RESET)
 <LI><a href="#[1d]">CAN1_TX_IRQHandler</a> from main.o(.text.CAN1_TX_IRQHandler) referenced from startup_stm32f446xx.o(RESET)
 <LI><a href="#[48]">CAN2_RX0_IRQHandler</a> from startup_stm32f446xx.o(.text) referenced from startup_stm32f446xx.o(RESET)
 <LI><a href="#[49]">CAN2_RX1_IRQHandler</a> from startup_stm32f446xx.o(.text) referenced from startup_stm32f446xx.o(RESET)
 <LI><a href="#[4a]">CAN2_SCE_IRQHandler</a> from startup_stm32f446xx.o(.text) referenced from startup_stm32f446xx.o(RESET)
 <LI><a href="#[47]">CAN2_TX_IRQHandler</a> from startup_stm32f446xx.o(.text) referenced from startup_stm32f446xx.o(RESET)
 <LI><a href="#[5c]">CEC_IRQHandler</a> from startup_stm32f446xx.o(.text) referenced from startup_stm32f446xx.o(RESET)
 <LI><a href="#[56]">DCMI_IRQHandler</a> from startup_stm32f446xx.o(.text) referenced from startup_stm32f446xx.o(RESET)
 <LI><a href="#[15]">DMA1_Stream0_IRQHandler</a> from startup_stm32f446xx.o(.text) referenced from startup_stm32f446xx.o(RESET)
 <LI><a href="#[16]">DMA1_Stream1_IRQHandler</a> from startup_stm32f446xx.o(.text) referenced from startup_stm32f446xx.o(RESET)
 <LI><a href="#[17]">DMA1_Stream2_IRQHandler</a> from startup_stm32f446xx.o(.text) referenced from startup_stm32f446xx.o(RESET)
 <LI><a href="#[18]">DMA1_Stream3_IRQHandler</a> from startup_stm32f446xx.o(.text) referenced from startup_stm32f446xx.o(RESET)
 <LI><a href="#[19]">DMA1_Stream4_IRQHandler</a> from startup_stm32f446xx.o(.text) referenced from startup_stm32f446xx.o(RESET)
 <LI><a href="#[1a]">DMA1_Stream5_IRQHandler</a> from startup_stm32f446xx.o(.text) referenced from startup_stm32f446xx.o(RESET)
 <LI><a href="#[1b]">DMA1_Stream6_IRQHandler</a> from startup_stm32f446xx.o(.text) referenced from startup_stm32f446xx.o(RESET)
 <LI><a href="#[39]">DMA1_Stream7_IRQHandler</a> from startup_stm32f446xx.o(.text) referenced from startup_stm32f446xx.o(RESET)
 <LI><a href="#[42]">DMA2_Stream0_IRQHandler</a> from startup_stm32f446xx.o(.text) referenced from startup_stm32f446xx.o(RESET)
 <LI><a href="#[43]">DMA2_Stream1_IRQHandler</a> from startup_stm32f446xx.o(.text) referenced from startup_stm32f446xx.o(RESET)
 <LI><a href="#[44]">DMA2_Stream2_IRQHandler</a> from startup_stm32f446xx.o(.text) referenced from startup_stm32f446xx.o(RESET)
 <LI><a href="#[45]">DMA2_Stream3_IRQHandler</a> from startup_stm32f446xx.o(.text) referenced from startup_stm32f446xx.o(RESET)
 <LI><a href="#[46]">DMA2_Stream4_IRQHandler</a> from startup_stm32f446xx.o(.text) referenced from startup_stm32f446xx.o(RESET)
 <LI><a href="#[4c]">DMA2_Stream5_IRQHandler</a> from startup_stm32f446xx.o(.text) referenced from startup_stm32f446xx.o(RESET)
 <LI><a href="#[4d]">DMA2_Stream6_IRQHandler</a> from startup_stm32f446xx.o(.text) referenced from startup_stm32f446xx.o(RESET)
 <LI><a href="#[4e]">DMA2_Stream7_IRQHandler</a> from startup_stm32f446xx.o(.text) referenced from startup_stm32f446xx.o(RESET)
 <LI><a href="#[7]">DebugMon_Handler</a> from startup_stm32f446xx.o(.text) referenced from startup_stm32f446xx.o(RESET)
 <LI><a href="#[10]">EXTI0_IRQHandler</a> from startup_stm32f446xx.o(.text) referenced from startup_stm32f446xx.o(RESET)
 <LI><a href="#[32]">EXTI15_10_IRQHandler</a> from startup_stm32f446xx.o(.text) referenced from startup_stm32f446xx.o(RESET)
 <LI><a href="#[11]">EXTI1_IRQHandler</a> from startup_stm32f446xx.o(.text) referenced from startup_stm32f446xx.o(RESET)
 <LI><a href="#[12]">EXTI2_IRQHandler</a> from startup_stm32f446xx.o(.text) referenced from startup_stm32f446xx.o(RESET)
 <LI><a href="#[13]">EXTI3_IRQHandler</a> from startup_stm32f446xx.o(.text) referenced from startup_stm32f446xx.o(RESET)
 <LI><a href="#[14]">EXTI4_IRQHandler</a> from startup_stm32f446xx.o(.text) referenced from startup_stm32f446xx.o(RESET)
 <LI><a href="#[21]">EXTI9_5_IRQHandler</a> from startup_stm32f446xx.o(.text) referenced from startup_stm32f446xx.o(RESET)
 <LI><a href="#[e]">FLASH_IRQHandler</a> from startup_stm32f446xx.o(.text) referenced from startup_stm32f446xx.o(RESET)
 <LI><a href="#[3a]">FMC_IRQHandler</a> from startup_stm32f446xx.o(.text) referenced from startup_stm32f446xx.o(RESET)
 <LI><a href="#[5f]">FMPI2C1_ER_IRQHandler</a> from startup_stm32f446xx.o(.text) referenced from startup_stm32f446xx.o(RESET)
 <LI><a href="#[5e]">FMPI2C1_EV_IRQHandler</a> from startup_stm32f446xx.o(.text) referenced from startup_stm32f446xx.o(RESET)
 <LI><a href="#[57]">FPU_IRQHandler</a> from startup_stm32f446xx.o(.text) referenced from startup_stm32f446xx.o(RESET)
 <LI><a href="#[71]">HAL_CAN_ErrorCallback</a> from stm32f4xx_hal_can.o(.text.HAL_CAN_ErrorCallback) referenced 2 times from stm32f4xx_hal_can.o(.text.HAL_CAN_Init)
 <LI><a href="#[72]">HAL_CAN_MspInit</a> from stm32f4xx_hal_can.o(.text.HAL_CAN_MspInit) referenced 2 times from stm32f4xx_hal_can.o(.text.HAL_CAN_Init)
 <LI><a href="#[66]">HAL_CAN_RxFifo0FullCallback</a> from stm32f4xx_hal_can.o(.text.HAL_CAN_RxFifo0FullCallback) referenced 2 times from stm32f4xx_hal_can.o(.text.HAL_CAN_Init)
 <LI><a href="#[65]">HAL_CAN_RxFifo0MsgPendingCallback</a> from stm32f4xx_hal_can.o(.text.HAL_CAN_RxFifo0MsgPendingCallback) referenced 2 times from stm32f4xx_hal_can.o(.text.HAL_CAN_Init)
 <LI><a href="#[68]">HAL_CAN_RxFifo1FullCallback</a> from stm32f4xx_hal_can.o(.text.HAL_CAN_RxFifo1FullCallback) referenced 2 times from stm32f4xx_hal_can.o(.text.HAL_CAN_Init)
 <LI><a href="#[67]">HAL_CAN_RxFifo1MsgPendingCallback</a> from stm32f4xx_hal_can.o(.text.HAL_CAN_RxFifo1MsgPendingCallback) referenced 2 times from stm32f4xx_hal_can.o(.text.HAL_CAN_Init)
 <LI><a href="#[6f]">HAL_CAN_SleepCallback</a> from stm32f4xx_hal_can.o(.text.HAL_CAN_SleepCallback) referenced 2 times from stm32f4xx_hal_can.o(.text.HAL_CAN_Init)
 <LI><a href="#[6c]">HAL_CAN_TxMailbox0AbortCallback</a> from stm32f4xx_hal_can.o(.text.HAL_CAN_TxMailbox0AbortCallback) referenced 2 times from stm32f4xx_hal_can.o(.text.HAL_CAN_Init)
 <LI><a href="#[69]">HAL_CAN_TxMailbox0CompleteCallback</a> from stm32f4xx_hal_can.o(.text.HAL_CAN_TxMailbox0CompleteCallback) referenced 2 times from stm32f4xx_hal_can.o(.text.HAL_CAN_Init)
 <LI><a href="#[6d]">HAL_CAN_TxMailbox1AbortCallback</a> from stm32f4xx_hal_can.o(.text.HAL_CAN_TxMailbox1AbortCallback) referenced 2 times from stm32f4xx_hal_can.o(.text.HAL_CAN_Init)
 <LI><a href="#[6a]">HAL_CAN_TxMailbox1CompleteCallback</a> from stm32f4xx_hal_can.o(.text.HAL_CAN_TxMailbox1CompleteCallback) referenced 2 times from stm32f4xx_hal_can.o(.text.HAL_CAN_Init)
 <LI><a href="#[6e]">HAL_CAN_TxMailbox2AbortCallback</a> from stm32f4xx_hal_can.o(.text.HAL_CAN_TxMailbox2AbortCallback) referenced 2 times from stm32f4xx_hal_can.o(.text.HAL_CAN_Init)
 <LI><a href="#[6b]">HAL_CAN_TxMailbox2CompleteCallback</a> from stm32f4xx_hal_can.o(.text.HAL_CAN_TxMailbox2CompleteCallback) referenced 2 times from stm32f4xx_hal_can.o(.text.HAL_CAN_Init)
 <LI><a href="#[70]">HAL_CAN_WakeUpFromRxMsgCallback</a> from stm32f4xx_hal_can.o(.text.HAL_CAN_WakeUpFromRxMsgCallback) referenced 2 times from stm32f4xx_hal_can.o(.text.HAL_CAN_Init)
 <LI><a href="#[7b]">HAL_I2C_AbortCpltCallback</a> from stm32f4xx_hal_i2c.o(.text.HAL_I2C_AbortCpltCallback) referenced 2 times from stm32f4xx_hal_i2c.o(.text.HAL_I2C_Init)
 <LI><a href="#[7c]">HAL_I2C_AddrCallback</a> from stm32f4xx_hal_i2c.o(.text.HAL_I2C_AddrCallback) referenced 2 times from stm32f4xx_hal_i2c.o(.text.HAL_I2C_Init)
 <LI><a href="#[7a]">HAL_I2C_ErrorCallback</a> from stm32f4xx_hal_i2c.o(.text.HAL_I2C_ErrorCallback) referenced 2 times from stm32f4xx_hal_i2c.o(.text.HAL_I2C_Init)
 <LI><a href="#[77]">HAL_I2C_ListenCpltCallback</a> from stm32f4xx_hal_i2c.o(.text.HAL_I2C_ListenCpltCallback) referenced 2 times from stm32f4xx_hal_i2c.o(.text.HAL_I2C_Init)
 <LI><a href="#[74]">HAL_I2C_MasterRxCpltCallback</a> from stm32f4xx_hal_i2c.o(.text.HAL_I2C_MasterRxCpltCallback) referenced 2 times from stm32f4xx_hal_i2c.o(.text.HAL_I2C_Init)
 <LI><a href="#[73]">HAL_I2C_MasterTxCpltCallback</a> from main.o(.text.HAL_I2C_MasterTxCpltCallback) referenced 2 times from stm32f4xx_hal_i2c.o(.text.HAL_I2C_Init)
 <LI><a href="#[79]">HAL_I2C_MemRxCpltCallback</a> from stm32f4xx_hal_i2c.o(.text.HAL_I2C_MemRxCpltCallback) referenced 2 times from stm32f4xx_hal_i2c.o(.text.HAL_I2C_Init)
 <LI><a href="#[78]">HAL_I2C_MemTxCpltCallback</a> from stm32f4xx_hal_i2c.o(.text.HAL_I2C_MemTxCpltCallback) referenced 2 times from stm32f4xx_hal_i2c.o(.text.HAL_I2C_Init)
 <LI><a href="#[7d]">HAL_I2C_MspInit</a> from stm32f4xx_hal_i2c.o(.text.HAL_I2C_MspInit) referenced 2 times from stm32f4xx_hal_i2c.o(.text.HAL_I2C_Init)
 <LI><a href="#[76]">HAL_I2C_SlaveRxCpltCallback</a> from main.o(.text.HAL_I2C_SlaveRxCpltCallback) referenced 2 times from stm32f4xx_hal_i2c.o(.text.HAL_I2C_Init)
 <LI><a href="#[75]">HAL_I2C_SlaveTxCpltCallback</a> from stm32f4xx_hal_i2c.o(.text.HAL_I2C_SlaveTxCpltCallback) referenced 2 times from stm32f4xx_hal_i2c.o(.text.HAL_I2C_Init)
 <LI><a href="#[89]">HAL_UARTEx_RxEventCallback</a> from stm32f4xx_hal_uart.o(.text.HAL_UARTEx_RxEventCallback) referenced 2 times from stm32f4xx_hal_uart.o(.text.UART_InitCallbacksToDefault)
 <LI><a href="#[86]">HAL_UART_AbortCpltCallback</a> from stm32f4xx_hal_uart.o(.text.HAL_UART_AbortCpltCallback) referenced 2 times from stm32f4xx_hal_uart.o(.text.UART_InitCallbacksToDefault)
 <LI><a href="#[88]">HAL_UART_AbortReceiveCpltCallback</a> from stm32f4xx_hal_uart.o(.text.HAL_UART_AbortReceiveCpltCallback) referenced 2 times from stm32f4xx_hal_uart.o(.text.UART_InitCallbacksToDefault)
 <LI><a href="#[87]">HAL_UART_AbortTransmitCpltCallback</a> from stm32f4xx_hal_uart.o(.text.HAL_UART_AbortTransmitCpltCallback) referenced 2 times from stm32f4xx_hal_uart.o(.text.UART_InitCallbacksToDefault)
 <LI><a href="#[85]">HAL_UART_ErrorCallback</a> from stm32f4xx_hal_uart.o(.text.HAL_UART_ErrorCallback) referenced 2 times from stm32f4xx_hal_uart.o(.text.UART_InitCallbacksToDefault)
 <LI><a href="#[7f]">HAL_UART_MspInit</a> from stm32f4xx_hal_uart.o(.text.HAL_UART_MspInit) referenced 2 times from stm32f4xx_hal_uart.o(.text.HAL_UART_Init)
 <LI><a href="#[84]">HAL_UART_RxCpltCallback</a> from main.o(.text.HAL_UART_RxCpltCallback) referenced 2 times from stm32f4xx_hal_uart.o(.text.UART_InitCallbacksToDefault)
 <LI><a href="#[83]">HAL_UART_RxHalfCpltCallback</a> from stm32f4xx_hal_uart.o(.text.HAL_UART_RxHalfCpltCallback) referenced 2 times from stm32f4xx_hal_uart.o(.text.UART_InitCallbacksToDefault)
 <LI><a href="#[82]">HAL_UART_TxCpltCallback</a> from main.o(.text.HAL_UART_TxCpltCallback) referenced 2 times from stm32f4xx_hal_uart.o(.text.UART_InitCallbacksToDefault)
 <LI><a href="#[81]">HAL_UART_TxHalfCpltCallback</a> from stm32f4xx_hal_uart.o(.text.HAL_UART_TxHalfCpltCallback) referenced 2 times from stm32f4xx_hal_uart.o(.text.UART_InitCallbacksToDefault)
 <LI><a href="#[2]">HardFault_Handler</a> from main.o(.text.HardFault_Handler) referenced from startup_stm32f446xx.o(RESET)
 <LI><a href="#[2a]">I2C1_ER_IRQHandler</a> from startup_stm32f446xx.o(.text) referenced from startup_stm32f446xx.o(RESET)
 <LI><a href="#[29]">I2C1_EV_IRQHandler</a> from main.o(.text.I2C1_EV_IRQHandler) referenced from startup_stm32f446xx.o(RESET)
 <LI><a href="#[2c]">I2C2_ER_IRQHandler</a> from startup_stm32f446xx.o(.text) referenced from startup_stm32f446xx.o(RESET)
 <LI><a href="#[2b]">I2C2_EV_IRQHandler</a> from main.o(.text.I2C2_EV_IRQHandler) referenced from startup_stm32f446xx.o(RESET)
 <LI><a href="#[51]">I2C3_ER_IRQHandler</a> from startup_stm32f446xx.o(.text) referenced from startup_stm32f446xx.o(RESET)
 <LI><a href="#[50]">I2C3_EV_IRQHandler</a> from startup_stm32f446xx.o(.text) referenced from startup_stm32f446xx.o(RESET)
 <LI><a href="#[80]">I2C_DMAAbort</a> from stm32f4xx_hal_i2c.o(.text.I2C_DMAAbort) referenced 4 times from stm32f4xx_hal_i2c.o(.text.I2C_ITError)
 <LI><a href="#[80]">I2C_DMAAbort</a> from stm32f4xx_hal_i2c.o(.text.I2C_DMAAbort) referenced 4 times from stm32f4xx_hal_i2c.o(.text.I2C_Slave_STOPF)
 <LI><a href="#[3]">MemManage_Handler</a> from startup_stm32f446xx.o(.text) referenced from startup_stm32f446xx.o(RESET)
 <LI><a href="#[1]">NMI_Handler</a> from startup_stm32f446xx.o(.text) referenced from startup_stm32f446xx.o(RESET)
 <LI><a href="#[4b]">OTG_FS_IRQHandler</a> from startup_stm32f446xx.o(.text) referenced from startup_stm32f446xx.o(RESET)
 <LI><a href="#[34]">OTG_FS_WKUP_IRQHandler</a> from startup_stm32f446xx.o(.text) referenced from startup_stm32f446xx.o(RESET)
 <LI><a href="#[53]">OTG_HS_EP1_IN_IRQHandler</a> from startup_stm32f446xx.o(.text) referenced from startup_stm32f446xx.o(RESET)
 <LI><a href="#[52]">OTG_HS_EP1_OUT_IRQHandler</a> from startup_stm32f446xx.o(.text) referenced from startup_stm32f446xx.o(RESET)
 <LI><a href="#[55]">OTG_HS_IRQHandler</a> from startup_stm32f446xx.o(.text) referenced from startup_stm32f446xx.o(RESET)
 <LI><a href="#[54]">OTG_HS_WKUP_IRQHandler</a> from startup_stm32f446xx.o(.text) referenced from startup_stm32f446xx.o(RESET)
 <LI><a href="#[b]">PVD_IRQHandler</a> from startup_stm32f446xx.o(.text) referenced from startup_stm32f446xx.o(RESET)
 <LI><a href="#[8]">PendSV_Handler</a> from startup_stm32f446xx.o(.text) referenced from startup_stm32f446xx.o(RESET)
 <LI><a href="#[5b]">QUADSPI_IRQHandler</a> from startup_stm32f446xx.o(.text) referenced from startup_stm32f446xx.o(RESET)
 <LI><a href="#[f]">RCC_IRQHandler</a> from startup_stm32f446xx.o(.text) referenced from startup_stm32f446xx.o(RESET)
 <LI><a href="#[33]">RTC_Alarm_IRQHandler</a> from startup_stm32f446xx.o(.text) referenced from startup_stm32f446xx.o(RESET)
 <LI><a href="#[d]">RTC_WKUP_IRQHandler</a> from startup_stm32f446xx.o(.text) referenced from startup_stm32f446xx.o(RESET)
 <LI><a href="#[0]">Reset_Handler</a> from startup_stm32f446xx.o(.text) referenced from startup_stm32f446xx.o(RESET)
 <LI><a href="#[59]">SAI1_IRQHandler</a> from startup_stm32f446xx.o(.text) referenced from startup_stm32f446xx.o(RESET)
 <LI><a href="#[5a]">SAI2_IRQHandler</a> from startup_stm32f446xx.o(.text) referenced from startup_stm32f446xx.o(RESET)
 <LI><a href="#[3b]">SDIO_IRQHandler</a> from startup_stm32f446xx.o(.text) referenced from startup_stm32f446xx.o(RESET)
 <LI><a href="#[5d]">SPDIF_RX_IRQHandler</a> from startup_stm32f446xx.o(.text) referenced from startup_stm32f446xx.o(RESET)
 <LI><a href="#[2d]">SPI1_IRQHandler</a> from startup_stm32f446xx.o(.text) referenced from startup_stm32f446xx.o(RESET)
 <LI><a href="#[2e]">SPI2_IRQHandler</a> from startup_stm32f446xx.o(.text) referenced from startup_stm32f446xx.o(RESET)
 <LI><a href="#[3d]">SPI3_IRQHandler</a> from startup_stm32f446xx.o(.text) referenced from startup_stm32f446xx.o(RESET)
 <LI><a href="#[58]">SPI4_IRQHandler</a> from startup_stm32f446xx.o(.text) referenced from startup_stm32f446xx.o(RESET)
 <LI><a href="#[6]">SVC_Handler</a> from startup_stm32f446xx.o(.text) referenced from startup_stm32f446xx.o(RESET)
 <LI><a href="#[9]">SysTick_Handler</a> from main.o(.text.SysTick_Handler) referenced from startup_stm32f446xx.o(RESET)
 <LI><a href="#[60]">SystemInit</a> from system_stm32f4xx.o(.text.SystemInit) referenced from startup_stm32f446xx.o(.text)
 <LI><a href="#[c]">TAMP_STAMP_IRQHandler</a> from startup_stm32f446xx.o(.text) referenced from startup_stm32f446xx.o(RESET)
 <LI><a href="#[22]">TIM1_BRK_TIM9_IRQHandler</a> from startup_stm32f446xx.o(.text) referenced from startup_stm32f446xx.o(RESET)
 <LI><a href="#[25]">TIM1_CC_IRQHandler</a> from startup_stm32f446xx.o(.text) referenced from startup_stm32f446xx.o(RESET)
 <LI><a href="#[24]">TIM1_TRG_COM_TIM11_IRQHandler</a> from startup_stm32f446xx.o(.text) referenced from startup_stm32f446xx.o(RESET)
 <LI><a href="#[23]">TIM1_UP_TIM10_IRQHandler</a> from startup_stm32f446xx.o(.text) referenced from startup_stm32f446xx.o(RESET)
 <LI><a href="#[26]">TIM2_IRQHandler</a> from startup_stm32f446xx.o(.text) referenced from startup_stm32f446xx.o(RESET)
 <LI><a href="#[27]">TIM3_IRQHandler</a> from startup_stm32f446xx.o(.text) referenced from startup_stm32f446xx.o(RESET)
 <LI><a href="#[28]">TIM4_IRQHandler</a> from startup_stm32f446xx.o(.text) referenced from startup_stm32f446xx.o(RESET)
 <LI><a href="#[3c]">TIM5_IRQHandler</a> from startup_stm32f446xx.o(.text) referenced from startup_stm32f446xx.o(RESET)
 <LI><a href="#[40]">TIM6_DAC_IRQHandler</a> from startup_stm32f446xx.o(.text) referenced from startup_stm32f446xx.o(RESET)
 <LI><a href="#[41]">TIM7_IRQHandler</a> from startup_stm32f446xx.o(.text) referenced from startup_stm32f446xx.o(RESET)
 <LI><a href="#[35]">TIM8_BRK_TIM12_IRQHandler</a> from startup_stm32f446xx.o(.text) referenced from startup_stm32f446xx.o(RESET)
 <LI><a href="#[38]">TIM8_CC_IRQHandler</a> from startup_stm32f446xx.o(.text) referenced from startup_stm32f446xx.o(RESET)
 <LI><a href="#[37]">TIM8_TRG_COM_TIM14_IRQHandler</a> from startup_stm32f446xx.o(.text) referenced from startup_stm32f446xx.o(RESET)
 <LI><a href="#[36]">TIM8_UP_TIM13_IRQHandler</a> from startup_stm32f446xx.o(.text) referenced from startup_stm32f446xx.o(RESET)
 <LI><a href="#[3e]">UART4_IRQHandler</a> from main.o(.text.UART4_IRQHandler) referenced from startup_stm32f446xx.o(RESET)
 <LI><a href="#[3f]">UART5_IRQHandler</a> from main.o(.text.UART5_IRQHandler) referenced from startup_stm32f446xx.o(RESET)
 <LI><a href="#[7e]">UART_DMAAbortOnError</a> from stm32f4xx_hal_uart.o(.text.UART_DMAAbortOnError) referenced 2 times from stm32f4xx_hal_uart.o(.text.HAL_UART_IRQHandler)
 <LI><a href="#[2f]">USART1_IRQHandler</a> from startup_stm32f446xx.o(.text) referenced from startup_stm32f446xx.o(RESET)
 <LI><a href="#[30]">USART2_IRQHandler</a> from startup_stm32f446xx.o(.text) referenced from startup_stm32f446xx.o(RESET)
 <LI><a href="#[31]">USART3_IRQHandler</a> from startup_stm32f446xx.o(.text) referenced from startup_stm32f446xx.o(RESET)
 <LI><a href="#[4f]">USART6_IRQHandler</a> from startup_stm32f446xx.o(.text) referenced from startup_stm32f446xx.o(RESET)
 <LI><a href="#[5]">UsageFault_Handler</a> from startup_stm32f446xx.o(.text) referenced from startup_stm32f446xx.o(RESET)
 <LI><a href="#[a]">WWDG_IRQHandler</a> from startup_stm32f446xx.o(.text) referenced from startup_stm32f446xx.o(RESET)
 <LI><a href="#[9c]">_GLOBAL__sub_I_BASE_COM.cpp</a> from base_com.o(.text._GLOBAL__sub_I_BASE_COM.cpp) referenced from base_com.o(.init_array)
 <LI><a href="#[8c]">BASE_COM_t::poll()</a> from base_com.o(.text._ZN10BASE_COM_t4pollEv) referenced from base_com.o(.rodata._ZTV10BASE_COM_t)
 <LI><a href="#[8c]">BASE_COM_t::poll()</a> from base_com.o(.text._ZN10BASE_COM_t4pollEv) referenced from can_com.o(.rodata._ZTV7CAN_COM)
 <LI><a href="#[8c]">BASE_COM_t::poll()</a> from base_com.o(.text._ZN10BASE_COM_t4pollEv) referenced from i2c_com.o(.rodata._ZTV7I2C_COM)
 <LI><a href="#[8c]">BASE_COM_t::poll()</a> from base_com.o(.text._ZN10BASE_COM_t4pollEv) referenced from uart_com.o(.rodata._ZTV8UART_COM)
 <LI><a href="#[90]">CAN_COM::Send_callback()</a> from can_com.o(.text._ZN7CAN_COM13Send_callbackEv) referenced from can_com.o(.rodata._ZTV7CAN_COM)
 <LI><a href="#[8f]">CAN_COM::Receive_callback()</a> from can_com.o(.text._ZN7CAN_COM16Receive_callbackEv) referenced from can_com.o(.rodata._ZTV7CAN_COM)
 <LI><a href="#[91]">CAN_COM::Interrupt_handler()</a> from can_com.o(.text._ZN7CAN_COM17Interrupt_handlerEv) referenced from can_com.o(.rodata._ZTV7CAN_COM)
 <LI><a href="#[8d]">CAN_COM::Send(char*, unsigned)</a> from can_com.o(.text._ZN7CAN_COM4SendEPcj) referenced from can_com.o(.rodata._ZTV7CAN_COM)
 <LI><a href="#[8e]">CAN_COM::Receive()</a> from can_com.o(.text._ZN7CAN_COM7ReceiveEv) referenced from can_com.o(.rodata._ZTV7CAN_COM)
 <LI><a href="#[95]">I2C_COM::Send_callback()</a> from i2c_com.o(.text._ZN7I2C_COM13Send_callbackEv) referenced from i2c_com.o(.rodata._ZTV7I2C_COM)
 <LI><a href="#[94]">I2C_COM::Receive_callback()</a> from i2c_com.o(.text._ZN7I2C_COM16Receive_callbackEv) referenced from i2c_com.o(.rodata._ZTV7I2C_COM)
 <LI><a href="#[96]">I2C_COM::Interrupt_handler()</a> from i2c_com.o(.text._ZN7I2C_COM17Interrupt_handlerEv) referenced from i2c_com.o(.rodata._ZTV7I2C_COM)
 <LI><a href="#[92]">I2C_COM::Send(char*, unsigned)</a> from i2c_com.o(.text._ZN7I2C_COM4SendEPcj) referenced from i2c_com.o(.rodata._ZTV7I2C_COM)
 <LI><a href="#[93]">I2C_COM::Receive()</a> from i2c_com.o(.text._ZN7I2C_COM7ReceiveEv) referenced from i2c_com.o(.rodata._ZTV7I2C_COM)
 <LI><a href="#[9a]">UART_COM::Send_callback()</a> from uart_com.o(.text._ZN8UART_COM13Send_callbackEv) referenced from uart_com.o(.rodata._ZTV8UART_COM)
 <LI><a href="#[99]">UART_COM::Receive_callback()</a> from uart_com.o(.text._ZN8UART_COM16Receive_callbackEv) referenced from uart_com.o(.rodata._ZTV8UART_COM)
 <LI><a href="#[9b]">UART_COM::Interrupt_handler()</a> from uart_com.o(.text._ZN8UART_COM17Interrupt_handlerEv) referenced from uart_com.o(.rodata._ZTV8UART_COM)
 <LI><a href="#[97]">UART_COM::Send(char*, unsigned)</a> from uart_com.o(.text._ZN8UART_COM4SendEPcj) referenced from uart_com.o(.rodata._ZTV8UART_COM)
 <LI><a href="#[98]">UART_COM::Receive()</a> from uart_com.o(.text._ZN8UART_COM7ReceiveEv) referenced from uart_com.o(.rodata._ZTV8UART_COM)
 <LI><a href="#[8a]">std::__1::vector&lang;BASE_COM_t*, std::__1::allocator&lang;BASE_COM_t*&rang;&rang;::~vector__sub_object()</a> from base_com.o(.text._ZNSt3__16vectorIP10BASE_COM_tNS_9allocatorIS2_EEED2Ev) referenced 2 times from base_com.o(.text.__cxx_global_var_init)
 <LI><a href="#[8b]">__cxa_pure_virtual</a> from cxa_virtual.cpp.o(.text.__cxa_pure_virtual) referenced 5 times from base_com.o(.rodata._ZTV10BASE_COM_t)
 <LI><a href="#[61]">__main</a> from __main.o(!!!main) referenced from startup_stm32f446xx.o(.text)
 <LI><a href="#[64]">_get_lc_ctype</a> from lc_ctype_c.o(locale$$code) referenced from rt_ctype_table.o(.text)
 <LI><a href="#[63]">_printf_input_char</a> from _printf_char_common.o(.text) referenced from _printf_char_common.o(.text)
 <LI><a href="#[62]">_sputc</a> from _sputc.o(.text) referenced from sprintf.o(.text)
</UL>
<P>
<H3>
Global Symbols
</H3>
<P><STRONG><a name="[61]"></a>__main</STRONG> (Thumb, 8 bytes, Stack size 0 bytes, __main.o(!!!main))
<BR><BR>[Calls]<UL><LI><a href="#[9f]">&gt;&gt;</a>&nbsp;&nbsp;&nbsp;__rt_entry
<LI><a href="#[9e]">&gt;&gt;</a>&nbsp;&nbsp;&nbsp;__scatterload
</UL>
<BR>[Address Reference Count : 1]<UL><LI> startup_stm32f446xx.o(.text)
</UL>
<P><STRONG><a name="[9e]"></a>__scatterload</STRONG> (Thumb, 0 bytes, Stack size unknown bytes, __scatter.o(!!!scatter))
<BR><BR>[Called By]<UL><LI><a href="#[61]">&gt;&gt;</a>&nbsp;&nbsp;&nbsp;__main
</UL>

<P><STRONG><a name="[a0]"></a>__scatterload_rt2</STRONG> (Thumb, 44 bytes, Stack size unknown bytes, __scatter.o(!!!scatter), UNUSED)
<BR><BR>[Calls]<UL><LI><a href="#[9f]">&gt;&gt;</a>&nbsp;&nbsp;&nbsp;__rt_entry
</UL>

<P><STRONG><a name="[190]"></a>__scatterload_rt2_thumb_only</STRONG> (Thumb, 0 bytes, Stack size unknown bytes, __scatter.o(!!!scatter), UNUSED)

<P><STRONG><a name="[191]"></a>__scatterload_null</STRONG> (Thumb, 0 bytes, Stack size unknown bytes, __scatter.o(!!!scatter), UNUSED)

<P><STRONG><a name="[a1]"></a>__scatterload_copy</STRONG> (Thumb, 26 bytes, Stack size unknown bytes, __scatter_copy.o(!!handler_copy), UNUSED)
<BR><BR>[Calls]<UL><LI><a href="#[a1]">&gt;&gt;</a>&nbsp;&nbsp;&nbsp;__scatterload_copy
</UL>
<BR>[Called By]<UL><LI><a href="#[a1]">&gt;&gt;</a>&nbsp;&nbsp;&nbsp;__scatterload_copy
</UL>

<P><STRONG><a name="[192]"></a>__scatterload_zeroinit</STRONG> (Thumb, 28 bytes, Stack size unknown bytes, __scatter_zi.o(!!handler_zi), UNUSED)

<P><STRONG><a name="[a2]"></a>_printf_n</STRONG> (Thumb, 0 bytes, Stack size unknown bytes, _printf_n.o(.ARM.Collect$$_printf_percent$$00000001))
<BR><BR>[Calls]<UL><LI><a href="#[a3]">&gt;&gt;</a>&nbsp;&nbsp;&nbsp;_printf_charcount
</UL>

<P><STRONG><a name="[f7]"></a>_printf_percent</STRONG> (Thumb, 0 bytes, Stack size unknown bytes, _printf_percent.o(.ARM.Collect$$_printf_percent$$00000000))
<BR><BR>[Called By]<UL><LI><a href="#[f0]">&gt;&gt;</a>&nbsp;&nbsp;&nbsp;__printf
</UL>

<P><STRONG><a name="[a4]"></a>_printf_p</STRONG> (Thumb, 0 bytes, Stack size unknown bytes, _printf_p.o(.ARM.Collect$$_printf_percent$$00000002))
<BR><BR>[Stack]<UL><LI>Max Depth = 64 + Unknown Stack Size
<LI>Call Chain = _printf_p &rArr; _printf_hex_ptr &rArr; _printf_longlong_hex &rArr; _printf_int_common &rArr; _printf_post_padding
</UL>
<BR>[Calls]<UL><LI><a href="#[a5]">&gt;&gt;</a>&nbsp;&nbsp;&nbsp;_printf_hex_ptr
</UL>

<P><STRONG><a name="[a6]"></a>_printf_f</STRONG> (Thumb, 0 bytes, Stack size unknown bytes, _printf_f.o(.ARM.Collect$$_printf_percent$$00000003))
<BR><BR>[Stack]<UL><LI>Max Depth = 324 + Unknown Stack Size
<LI>Call Chain = _printf_f &rArr; _printf_fp_dec &rArr; _printf_fp_dec_real &rArr; _fp_digits &rArr; _btod_etento &rArr; _btod_emul &rArr; _e2e
</UL>
<BR>[Calls]<UL><LI><a href="#[a7]">&gt;&gt;</a>&nbsp;&nbsp;&nbsp;_printf_fp_dec
</UL>

<P><STRONG><a name="[a8]"></a>_printf_e</STRONG> (Thumb, 0 bytes, Stack size unknown bytes, _printf_e.o(.ARM.Collect$$_printf_percent$$00000004))
<BR><BR>[Stack]<UL><LI>Max Depth = 324 + Unknown Stack Size
<LI>Call Chain = _printf_e &rArr; _printf_fp_dec &rArr; _printf_fp_dec_real &rArr; _fp_digits &rArr; _btod_etento &rArr; _btod_emul &rArr; _e2e
</UL>
<BR>[Calls]<UL><LI><a href="#[a7]">&gt;&gt;</a>&nbsp;&nbsp;&nbsp;_printf_fp_dec
</UL>

<P><STRONG><a name="[a9]"></a>_printf_g</STRONG> (Thumb, 0 bytes, Stack size unknown bytes, _printf_g.o(.ARM.Collect$$_printf_percent$$00000005))
<BR><BR>[Stack]<UL><LI>Max Depth = 324 + Unknown Stack Size
<LI>Call Chain = _printf_g &rArr; _printf_fp_dec &rArr; _printf_fp_dec_real &rArr; _fp_digits &rArr; _btod_etento &rArr; _btod_emul &rArr; _e2e
</UL>
<BR>[Calls]<UL><LI><a href="#[a7]">&gt;&gt;</a>&nbsp;&nbsp;&nbsp;_printf_fp_dec
</UL>

<P><STRONG><a name="[aa]"></a>_printf_a</STRONG> (Thumb, 0 bytes, Stack size unknown bytes, _printf_a.o(.ARM.Collect$$_printf_percent$$00000006))
<BR><BR>[Stack]<UL><LI>Max Depth = 112 + Unknown Stack Size
<LI>Call Chain = _printf_a &rArr; _printf_fp_hex &rArr; _printf_fp_hex_real &rArr; _printf_fp_infnan &rArr; _printf_post_padding
</UL>
<BR>[Calls]<UL><LI><a href="#[ab]">&gt;&gt;</a>&nbsp;&nbsp;&nbsp;_printf_fp_hex
</UL>

<P><STRONG><a name="[193]"></a>_printf_ll</STRONG> (Thumb, 0 bytes, Stack size unknown bytes, _printf_ll.o(.ARM.Collect$$_printf_percent$$00000007))

<P><STRONG><a name="[ac]"></a>_printf_i</STRONG> (Thumb, 0 bytes, Stack size unknown bytes, _printf_i.o(.ARM.Collect$$_printf_percent$$00000008))
<BR><BR>[Stack]<UL><LI>Max Depth = 72 + Unknown Stack Size
<LI>Call Chain = _printf_i &rArr; _printf_int_dec &rArr; _printf_int_common &rArr; _printf_post_padding
</UL>
<BR>[Calls]<UL><LI><a href="#[ad]">&gt;&gt;</a>&nbsp;&nbsp;&nbsp;_printf_int_dec
</UL>

<P><STRONG><a name="[ae]"></a>_printf_d</STRONG> (Thumb, 0 bytes, Stack size unknown bytes, _printf_d.o(.ARM.Collect$$_printf_percent$$00000009))
<BR><BR>[Stack]<UL><LI>Max Depth = 72 + Unknown Stack Size
<LI>Call Chain = _printf_d &rArr; _printf_int_dec &rArr; _printf_int_common &rArr; _printf_post_padding
</UL>
<BR>[Calls]<UL><LI><a href="#[ad]">&gt;&gt;</a>&nbsp;&nbsp;&nbsp;_printf_int_dec
</UL>

<P><STRONG><a name="[af]"></a>_printf_u</STRONG> (Thumb, 0 bytes, Stack size unknown bytes, _printf_u.o(.ARM.Collect$$_printf_percent$$0000000A))
<BR><BR>[Stack]<UL><LI>Max Depth = 72 + Unknown Stack Size
<LI>Call Chain = _printf_u &rArr; _printf_int_dec &rArr; _printf_int_common &rArr; _printf_post_padding
</UL>
<BR>[Calls]<UL><LI><a href="#[ad]">&gt;&gt;</a>&nbsp;&nbsp;&nbsp;_printf_int_dec
</UL>

<P><STRONG><a name="[b0]"></a>_printf_o</STRONG> (Thumb, 0 bytes, Stack size unknown bytes, _printf_o.o(.ARM.Collect$$_printf_percent$$0000000B))
<BR><BR>[Stack]<UL><LI>Max Depth = 64 + Unknown Stack Size
<LI>Call Chain = _printf_o &rArr; _printf_int_oct &rArr; _printf_longlong_oct &rArr; _printf_int_common &rArr; _printf_post_padding
</UL>
<BR>[Calls]<UL><LI><a href="#[b1]">&gt;&gt;</a>&nbsp;&nbsp;&nbsp;_printf_int_oct
</UL>

<P><STRONG><a name="[b2]"></a>_printf_x</STRONG> (Thumb, 0 bytes, Stack size unknown bytes, _printf_x.o(.ARM.Collect$$_printf_percent$$0000000C))
<BR><BR>[Stack]<UL><LI>Max Depth = 80 + Unknown Stack Size
<LI>Call Chain = _printf_x &rArr; _printf_int_hex &rArr; _printf_longlong_hex &rArr; _printf_int_common &rArr; _printf_post_padding
</UL>
<BR>[Calls]<UL><LI><a href="#[b3]">&gt;&gt;</a>&nbsp;&nbsp;&nbsp;_printf_int_hex
</UL>

<P><STRONG><a name="[b4]"></a>_printf_lli</STRONG> (Thumb, 0 bytes, Stack size unknown bytes, _printf_lli.o(.ARM.Collect$$_printf_percent$$0000000D))
<BR><BR>[Stack]<UL><LI>Max Depth = 72 + Unknown Stack Size
<LI>Call Chain = _printf_lli &rArr; _printf_longlong_dec &rArr; _printf_int_common &rArr; _printf_post_padding
</UL>
<BR>[Calls]<UL><LI><a href="#[b5]">&gt;&gt;</a>&nbsp;&nbsp;&nbsp;_printf_longlong_dec
</UL>

<P><STRONG><a name="[b6]"></a>_printf_lld</STRONG> (Thumb, 0 bytes, Stack size unknown bytes, _printf_lld.o(.ARM.Collect$$_printf_percent$$0000000E))
<BR><BR>[Stack]<UL><LI>Max Depth = 72 + Unknown Stack Size
<LI>Call Chain = _printf_lld &rArr; _printf_longlong_dec &rArr; _printf_int_common &rArr; _printf_post_padding
</UL>
<BR>[Calls]<UL><LI><a href="#[b5]">&gt;&gt;</a>&nbsp;&nbsp;&nbsp;_printf_longlong_dec
</UL>

<P><STRONG><a name="[b7]"></a>_printf_llu</STRONG> (Thumb, 0 bytes, Stack size unknown bytes, _printf_llu.o(.ARM.Collect$$_printf_percent$$0000000F))
<BR><BR>[Stack]<UL><LI>Max Depth = 72 + Unknown Stack Size
<LI>Call Chain = _printf_llu &rArr; _printf_longlong_dec &rArr; _printf_int_common &rArr; _printf_post_padding
</UL>
<BR>[Calls]<UL><LI><a href="#[b5]">&gt;&gt;</a>&nbsp;&nbsp;&nbsp;_printf_longlong_dec
</UL>

<P><STRONG><a name="[b8]"></a>_printf_llo</STRONG> (Thumb, 0 bytes, Stack size unknown bytes, _printf_llo.o(.ARM.Collect$$_printf_percent$$00000010))
<BR><BR>[Stack]<UL><LI>Max Depth = 56 + Unknown Stack Size
<LI>Call Chain = _printf_llo &rArr; _printf_ll_oct &rArr; _printf_longlong_oct &rArr; _printf_int_common &rArr; _printf_post_padding
</UL>
<BR>[Calls]<UL><LI><a href="#[b9]">&gt;&gt;</a>&nbsp;&nbsp;&nbsp;_printf_ll_oct
</UL>

<P><STRONG><a name="[ba]"></a>_printf_llx</STRONG> (Thumb, 0 bytes, Stack size unknown bytes, _printf_llx.o(.ARM.Collect$$_printf_percent$$00000011))
<BR><BR>[Stack]<UL><LI>Max Depth = 64 + Unknown Stack Size
<LI>Call Chain = _printf_llx &rArr; _printf_ll_hex &rArr; _printf_longlong_hex &rArr; _printf_int_common &rArr; _printf_post_padding
</UL>
<BR>[Calls]<UL><LI><a href="#[bb]">&gt;&gt;</a>&nbsp;&nbsp;&nbsp;_printf_ll_hex
</UL>

<P><STRONG><a name="[194]"></a>_printf_l</STRONG> (Thumb, 0 bytes, Stack size unknown bytes, _printf_l.o(.ARM.Collect$$_printf_percent$$00000012))

<P><STRONG><a name="[bc]"></a>_printf_c</STRONG> (Thumb, 0 bytes, Stack size unknown bytes, _printf_c.o(.ARM.Collect$$_printf_percent$$00000013))
<BR><BR>[Stack]<UL><LI>Max Depth = 40 + Unknown Stack Size
<LI>Call Chain = _printf_c &rArr; _printf_char &rArr; _printf_cs_common &rArr; _printf_str &rArr; _printf_post_padding
</UL>
<BR>[Calls]<UL><LI><a href="#[bd]">&gt;&gt;</a>&nbsp;&nbsp;&nbsp;_printf_char
</UL>

<P><STRONG><a name="[be]"></a>_printf_s</STRONG> (Thumb, 0 bytes, Stack size unknown bytes, _printf_s.o(.ARM.Collect$$_printf_percent$$00000014))
<BR><BR>[Stack]<UL><LI>Max Depth = 40 + Unknown Stack Size
<LI>Call Chain = _printf_s &rArr; _printf_string &rArr; _printf_cs_common &rArr; _printf_str &rArr; _printf_post_padding
</UL>
<BR>[Calls]<UL><LI><a href="#[bf]">&gt;&gt;</a>&nbsp;&nbsp;&nbsp;_printf_string
</UL>

<P><STRONG><a name="[c0]"></a>_printf_lc</STRONG> (Thumb, 0 bytes, Stack size unknown bytes, _printf_lc.o(.ARM.Collect$$_printf_percent$$00000015))
<BR><BR>[Stack]<UL><LI>Max Depth = 88 + Unknown Stack Size
<LI>Call Chain = _printf_lc &rArr; _printf_wchar &rArr; _printf_lcs_common &rArr; _printf_wctomb &rArr; _wcrtomb
</UL>
<BR>[Calls]<UL><LI><a href="#[c1]">&gt;&gt;</a>&nbsp;&nbsp;&nbsp;_printf_wchar
</UL>

<P><STRONG><a name="[c2]"></a>_printf_ls</STRONG> (Thumb, 0 bytes, Stack size unknown bytes, _printf_ls.o(.ARM.Collect$$_printf_percent$$00000016))
<BR><BR>[Stack]<UL><LI>Max Depth = 88 + Unknown Stack Size
<LI>Call Chain = _printf_ls &rArr; _printf_wstring &rArr; _printf_lcs_common &rArr; _printf_wctomb &rArr; _wcrtomb
</UL>
<BR>[Calls]<UL><LI><a href="#[c3]">&gt;&gt;</a>&nbsp;&nbsp;&nbsp;_printf_wstring
</UL>

<P><STRONG><a name="[195]"></a>_printf_percent_end</STRONG> (Thumb, 0 bytes, Stack size unknown bytes, _printf_percent_end.o(.ARM.Collect$$_printf_percent$$00000017))

<P><STRONG><a name="[d5]"></a>__rt_lib_init</STRONG> (Thumb, 0 bytes, Stack size unknown bytes, libinit.o(.ARM.Collect$$libinit$$00000000))
<BR><BR>[Called By]<UL><LI><a href="#[d4]">&gt;&gt;</a>&nbsp;&nbsp;&nbsp;__rt_entry_li
</UL>

<P><STRONG><a name="[c4]"></a>__rt_lib_init_fp_1</STRONG> (Thumb, 0 bytes, Stack size unknown bytes, libinit2.o(.ARM.Collect$$libinit$$00000001))
<BR><BR>[Calls]<UL><LI><a href="#[c5]">&gt;&gt;</a>&nbsp;&nbsp;&nbsp;_fp_init
</UL>

<P><STRONG><a name="[c6]"></a>__rt_lib_init_heap_2</STRONG> (Thumb, 0 bytes, Stack size unknown bytes, libinit2.o(.ARM.Collect$$libinit$$00000005))
<BR><BR>[Stack]<UL><LI>Max Depth = 64 + Unknown Stack Size
<LI>Call Chain = __rt_lib_init_heap_2 &rArr; _init_alloc &rArr; __rt_SIGRTMEM &rArr; __rt_SIGRTMEM_inner &rArr; __default_signal_display &rArr; _ttywrch
</UL>
<BR>[Calls]<UL><LI><a href="#[c7]">&gt;&gt;</a>&nbsp;&nbsp;&nbsp;_init_alloc
</UL>

<P><STRONG><a name="[196]"></a>__rt_lib_init_preinit_1</STRONG> (Thumb, 0 bytes, Stack size unknown bytes, libinit2.o(.ARM.Collect$$libinit$$00000004))

<P><STRONG><a name="[197]"></a>__rt_lib_init_heap_1</STRONG> (Thumb, 0 bytes, Stack size unknown bytes, libinit2.o(.ARM.Collect$$libinit$$0000000A))

<P><STRONG><a name="[c8]"></a>__rt_lib_init_lc_common</STRONG> (Thumb, 0 bytes, Stack size unknown bytes, libinit2.o(.ARM.Collect$$libinit$$0000000F))
<BR><BR>[Calls]<UL><LI><a href="#[c9]">&gt;&gt;</a>&nbsp;&nbsp;&nbsp;__rt_locale
</UL>

<P><STRONG><a name="[198]"></a>__rt_lib_init_rand_1</STRONG> (Thumb, 0 bytes, Stack size unknown bytes, libinit2.o(.ARM.Collect$$libinit$$0000000E))

<P><STRONG><a name="[199]"></a>__rt_lib_init_user_alloc_1</STRONG> (Thumb, 0 bytes, Stack size unknown bytes, libinit2.o(.ARM.Collect$$libinit$$0000000C))

<P><STRONG><a name="[19a]"></a>__rt_lib_init_lc_collate_1</STRONG> (Thumb, 0 bytes, Stack size unknown bytes, libinit2.o(.ARM.Collect$$libinit$$00000011))

<P><STRONG><a name="[ca]"></a>__rt_lib_init_lc_ctype_2</STRONG> (Thumb, 0 bytes, Stack size unknown bytes, libinit2.o(.ARM.Collect$$libinit$$00000012))
<BR><BR>[Stack]<UL><LI>Max Depth = 16 + Unknown Stack Size
<LI>Call Chain = __rt_lib_init_lc_ctype_2 &rArr; _get_lc_ctype &rArr; strcmp
</UL>
<BR>[Calls]<UL><LI><a href="#[64]">&gt;&gt;</a>&nbsp;&nbsp;&nbsp;_get_lc_ctype
</UL>

<P><STRONG><a name="[19b]"></a>__rt_lib_init_lc_ctype_1</STRONG> (Thumb, 0 bytes, Stack size unknown bytes, libinit2.o(.ARM.Collect$$libinit$$00000013))

<P><STRONG><a name="[19c]"></a>__rt_lib_init_lc_monetary_1</STRONG> (Thumb, 0 bytes, Stack size unknown bytes, libinit2.o(.ARM.Collect$$libinit$$00000015))

<P><STRONG><a name="[cb]"></a>__rt_lib_init_lc_numeric_2</STRONG> (Thumb, 0 bytes, Stack size unknown bytes, libinit2.o(.ARM.Collect$$libinit$$00000016))
<BR><BR>[Stack]<UL><LI>Max Depth = 16 + Unknown Stack Size
<LI>Call Chain = __rt_lib_init_lc_numeric_2 &rArr; _get_lc_numeric &rArr; strcmp
</UL>
<BR>[Calls]<UL><LI><a href="#[cc]">&gt;&gt;</a>&nbsp;&nbsp;&nbsp;_get_lc_numeric
</UL>

<P><STRONG><a name="[cd]"></a>__rt_lib_init_argv_1</STRONG> (Thumb, 0 bytes, Stack size unknown bytes, libinit2.o(.ARM.Collect$$libinit$$00000026))
<BR><BR>[Stack]<UL><LI>Max Depth = 96 + Unknown Stack Size
<LI>Call Chain = __rt_lib_init_argv_1 &rArr; __ARM_argv_veneer &rArr; __ARM_get_argv &rArr; malloc &rArr; __Heap_Full &rArr; __Heap_ProvideMemory &rArr; free
</UL>
<BR>[Calls]<UL><LI><a href="#[ce]">&gt;&gt;</a>&nbsp;&nbsp;&nbsp;__ARM_argv_veneer
</UL>

<P><STRONG><a name="[19d]"></a>__rt_lib_init_atexit_1</STRONG> (Thumb, 0 bytes, Stack size unknown bytes, libinit2.o(.ARM.Collect$$libinit$$0000001B))

<P><STRONG><a name="[19e]"></a>__rt_lib_init_clock_1</STRONG> (Thumb, 0 bytes, Stack size unknown bytes, libinit2.o(.ARM.Collect$$libinit$$00000021))

<P><STRONG><a name="[19f]"></a>__rt_lib_init_fp_trap_1</STRONG> (Thumb, 0 bytes, Stack size unknown bytes, libinit2.o(.ARM.Collect$$libinit$$0000001F))

<P><STRONG><a name="[1a0]"></a>__rt_lib_init_getenv_1</STRONG> (Thumb, 0 bytes, Stack size unknown bytes, libinit2.o(.ARM.Collect$$libinit$$00000023))

<P><STRONG><a name="[1a1]"></a>__rt_lib_init_lc_numeric_1</STRONG> (Thumb, 0 bytes, Stack size unknown bytes, libinit2.o(.ARM.Collect$$libinit$$00000017))

<P><STRONG><a name="[1a2]"></a>__rt_lib_init_lc_time_1</STRONG> (Thumb, 0 bytes, Stack size unknown bytes, libinit2.o(.ARM.Collect$$libinit$$00000019))

<P><STRONG><a name="[1a3]"></a>__rt_lib_init_signal_1</STRONG> (Thumb, 0 bytes, Stack size unknown bytes, libinit2.o(.ARM.Collect$$libinit$$0000001D))

<P><STRONG><a name="[1a4]"></a>__rt_lib_init_stdio_1</STRONG> (Thumb, 0 bytes, Stack size unknown bytes, libinit2.o(.ARM.Collect$$libinit$$00000025))

<P><STRONG><a name="[1a5]"></a>__rt_lib_init_alloca_1</STRONG> (Thumb, 0 bytes, Stack size unknown bytes, libinit2.o(.ARM.Collect$$libinit$$0000002E))

<P><STRONG><a name="[cf]"></a>__rt_lib_init_cpp_2</STRONG> (Thumb, 0 bytes, Stack size unknown bytes, libinit2.o(.ARM.Collect$$libinit$$00000031))
<BR><BR>[Stack]<UL><LI>Max Depth = 16 + Unknown Stack Size
<LI>Call Chain = __rt_lib_init_cpp_2 &rArr; __cpp_initialize__aeabi_
</UL>
<BR>[Calls]<UL><LI><a href="#[9d]">&gt;&gt;</a>&nbsp;&nbsp;&nbsp;__cpp_initialize__aeabi_
</UL>

<P><STRONG><a name="[1a6]"></a>__rt_lib_init_exceptions_1</STRONG> (Thumb, 0 bytes, Stack size unknown bytes, libinit2.o(.ARM.Collect$$libinit$$00000030))

<P><STRONG><a name="[1a7]"></a>__rt_lib_init_cpp_1</STRONG> (Thumb, 0 bytes, Stack size unknown bytes, libinit2.o(.ARM.Collect$$libinit$$00000032))

<P><STRONG><a name="[1a8]"></a>__rt_lib_init_return</STRONG> (Thumb, 0 bytes, Stack size unknown bytes, libinit2.o(.ARM.Collect$$libinit$$00000033))

<P><STRONG><a name="[da]"></a>__rt_lib_shutdown</STRONG> (Thumb, 0 bytes, Stack size unknown bytes, libshutdown.o(.ARM.Collect$$libshutdown$$00000000))
<BR><BR>[Called By]<UL><LI><a href="#[e0]">&gt;&gt;</a>&nbsp;&nbsp;&nbsp;abort
<LI><a href="#[d9]">&gt;&gt;</a>&nbsp;&nbsp;&nbsp;__rt_exit_ls
</UL>

<P><STRONG><a name="[d0]"></a>__rt_lib_shutdown_cpp_2</STRONG> (Thumb, 0 bytes, Stack size unknown bytes, libshutdown2.o(.ARM.Collect$$libshutdown$$00000001))
<BR><BR>[Stack]<UL><LI>Max Depth = 40 + Unknown Stack Size
<LI>Call Chain = __rt_lib_shutdown_cpp_2 &rArr; __cxa_finalize &rArr; free
</UL>
<BR>[Calls]<UL><LI><a href="#[d1]">&gt;&gt;</a>&nbsp;&nbsp;&nbsp;__cxa_finalize
</UL>

<P><STRONG><a name="[1a9]"></a>__rt_lib_shutdown_cpp_1</STRONG> (Thumb, 0 bytes, Stack size unknown bytes, libshutdown2.o(.ARM.Collect$$libshutdown$$00000002))

<P><STRONG><a name="[1aa]"></a>__rt_lib_shutdown_fp_trap_1</STRONG> (Thumb, 0 bytes, Stack size unknown bytes, libshutdown2.o(.ARM.Collect$$libshutdown$$00000007))

<P><STRONG><a name="[1ab]"></a>__rt_lib_shutdown_heap_1</STRONG> (Thumb, 0 bytes, Stack size unknown bytes, libshutdown2.o(.ARM.Collect$$libshutdown$$0000000F))

<P><STRONG><a name="[1ac]"></a>__rt_lib_shutdown_return</STRONG> (Thumb, 0 bytes, Stack size unknown bytes, libshutdown2.o(.ARM.Collect$$libshutdown$$00000010))

<P><STRONG><a name="[1ad]"></a>__rt_lib_shutdown_signal_1</STRONG> (Thumb, 0 bytes, Stack size unknown bytes, libshutdown2.o(.ARM.Collect$$libshutdown$$0000000A))

<P><STRONG><a name="[1ae]"></a>__rt_lib_shutdown_stdio_1</STRONG> (Thumb, 0 bytes, Stack size unknown bytes, libshutdown2.o(.ARM.Collect$$libshutdown$$00000004))

<P><STRONG><a name="[1af]"></a>__rt_lib_shutdown_user_alloc_1</STRONG> (Thumb, 0 bytes, Stack size unknown bytes, libshutdown2.o(.ARM.Collect$$libshutdown$$0000000C))

<P><STRONG><a name="[9f]"></a>__rt_entry</STRONG> (Thumb, 0 bytes, Stack size unknown bytes, __rtentry.o(.ARM.Collect$$rtentry$$00000000))
<BR><BR>[Called By]<UL><LI><a href="#[61]">&gt;&gt;</a>&nbsp;&nbsp;&nbsp;__main
<LI><a href="#[a0]">&gt;&gt;</a>&nbsp;&nbsp;&nbsp;__scatterload_rt2
</UL>

<P><STRONG><a name="[1b0]"></a>__rt_entry_presh_1</STRONG> (Thumb, 0 bytes, Stack size unknown bytes, __rtentry2.o(.ARM.Collect$$rtentry$$00000002))

<P><STRONG><a name="[d2]"></a>__rt_entry_sh</STRONG> (Thumb, 0 bytes, Stack size unknown bytes, __rtentry4.o(.ARM.Collect$$rtentry$$00000004))
<BR><BR>[Stack]<UL><LI>Max Depth = 8 + Unknown Stack Size
<LI>Call Chain = __rt_entry_sh &rArr; __user_setup_stackheap
</UL>
<BR>[Calls]<UL><LI><a href="#[d3]">&gt;&gt;</a>&nbsp;&nbsp;&nbsp;__user_setup_stackheap
</UL>

<P><STRONG><a name="[d4]"></a>__rt_entry_li</STRONG> (Thumb, 0 bytes, Stack size unknown bytes, __rtentry2.o(.ARM.Collect$$rtentry$$0000000A))
<BR><BR>[Calls]<UL><LI><a href="#[d5]">&gt;&gt;</a>&nbsp;&nbsp;&nbsp;__rt_lib_init
</UL>

<P><STRONG><a name="[1b1]"></a>__rt_entry_postsh_1</STRONG> (Thumb, 0 bytes, Stack size unknown bytes, __rtentry2.o(.ARM.Collect$$rtentry$$00000009))

<P><STRONG><a name="[d6]"></a>__rt_entry_main</STRONG> (Thumb, 0 bytes, Stack size unknown bytes, __rtentry2.o(.ARM.Collect$$rtentry$$0000000D))
<BR><BR>[Stack]<UL><LI>Max Depth = 4608 + Unknown Stack Size
<LI>Call Chain = __rt_entry_main &rArr; main &rArr; CAN_COM::CAN_COM(CAN_TypeDef*, GPIO_TypeDef*, unsigned char, unsigned char, unsigned short, unsigned short, unsigned char) &rArr; BASE_COM_t::BASE_COM_t__sub_object() &rArr; std::__1::vector&lang;BASE_COM_t*, std::__1::allocator&lang;BASE_COM_t*&rang;&rang;::__swap_out_circular_buffer(std::__1::__split_buffer&lang;BASE_COM_t*, std::__1::allocator&lang;BASE_COM_t*&rang;&&rang;&) &rArr; __aeabi_memcpy4
</UL>
<BR>[Calls]<UL><LI><a href="#[d7]">&gt;&gt;</a>&nbsp;&nbsp;&nbsp;main
<LI><a href="#[d8]">&gt;&gt;</a>&nbsp;&nbsp;&nbsp;exit
</UL>

<P><STRONG><a name="[1b2]"></a>__rt_entry_postli_1</STRONG> (Thumb, 0 bytes, Stack size unknown bytes, __rtentry2.o(.ARM.Collect$$rtentry$$0000000C))

<P><STRONG><a name="[110]"></a>__rt_exit</STRONG> (Thumb, 0 bytes, Stack size unknown bytes, rtexit.o(.ARM.Collect$$rtexit$$00000000))
<BR><BR>[Called By]<UL><LI><a href="#[d8]">&gt;&gt;</a>&nbsp;&nbsp;&nbsp;exit
</UL>

<P><STRONG><a name="[d9]"></a>__rt_exit_ls</STRONG> (Thumb, 0 bytes, Stack size unknown bytes, rtexit2.o(.ARM.Collect$$rtexit$$00000003))
<BR><BR>[Calls]<UL><LI><a href="#[da]">&gt;&gt;</a>&nbsp;&nbsp;&nbsp;__rt_lib_shutdown
</UL>

<P><STRONG><a name="[1b3]"></a>__rt_exit_prels_1</STRONG> (Thumb, 0 bytes, Stack size unknown bytes, rtexit2.o(.ARM.Collect$$rtexit$$00000002))

<P><STRONG><a name="[db]"></a>__rt_exit_exit</STRONG> (Thumb, 0 bytes, Stack size unknown bytes, rtexit2.o(.ARM.Collect$$rtexit$$00000004))
<BR><BR>[Calls]<UL><LI><a href="#[dc]">&gt;&gt;</a>&nbsp;&nbsp;&nbsp;_sys_exit
</UL>

<P><STRONG><a name="[ce]"></a>__ARM_argv_veneer</STRONG> (Thumb, 4 bytes, Stack size 0 bytes, argv_veneer.o(.emb_text))
<BR><BR>[Stack]<UL><LI>Max Depth = 96<LI>Call Chain = __ARM_argv_veneer &rArr; __ARM_get_argv &rArr; malloc &rArr; __Heap_Full &rArr; __Heap_ProvideMemory &rArr; free
</UL>
<BR>[Calls]<UL><LI><a href="#[dd]">&gt;&gt;</a>&nbsp;&nbsp;&nbsp;__ARM_get_argv
</UL>
<BR>[Called By]<UL><LI><a href="#[cd]">&gt;&gt;</a>&nbsp;&nbsp;&nbsp;__rt_lib_init_argv_1
</UL>

<P><STRONG><a name="[0]"></a>Reset_Handler</STRONG> (Thumb, 8 bytes, Stack size 0 bytes, startup_stm32f446xx.o(.text))
<BR>[Address Reference Count : 1]<UL><LI> startup_stm32f446xx.o(RESET)
</UL>
<P><STRONG><a name="[1]"></a>NMI_Handler</STRONG> (Thumb, 2 bytes, Stack size 0 bytes, startup_stm32f446xx.o(.text))
<BR><BR>[Calls]<UL><LI><a href="#[1]">&gt;&gt;</a>&nbsp;&nbsp;&nbsp;NMI_Handler
</UL>
<BR>[Called By]<UL><LI><a href="#[1]">&gt;&gt;</a>&nbsp;&nbsp;&nbsp;NMI_Handler
</UL>
<BR>[Address Reference Count : 1]<UL><LI> startup_stm32f446xx.o(RESET)
</UL>
<P><STRONG><a name="[3]"></a>MemManage_Handler</STRONG> (Thumb, 2 bytes, Stack size 0 bytes, startup_stm32f446xx.o(.text))
<BR><BR>[Calls]<UL><LI><a href="#[3]">&gt;&gt;</a>&nbsp;&nbsp;&nbsp;MemManage_Handler
</UL>
<BR>[Called By]<UL><LI><a href="#[3]">&gt;&gt;</a>&nbsp;&nbsp;&nbsp;MemManage_Handler
</UL>
<BR>[Address Reference Count : 1]<UL><LI> startup_stm32f446xx.o(RESET)
</UL>
<P><STRONG><a name="[4]"></a>BusFault_Handler</STRONG> (Thumb, 2 bytes, Stack size 0 bytes, startup_stm32f446xx.o(.text))
<BR><BR>[Calls]<UL><LI><a href="#[4]">&gt;&gt;</a>&nbsp;&nbsp;&nbsp;BusFault_Handler
</UL>
<BR>[Called By]<UL><LI><a href="#[4]">&gt;&gt;</a>&nbsp;&nbsp;&nbsp;BusFault_Handler
</UL>
<BR>[Address Reference Count : 1]<UL><LI> startup_stm32f446xx.o(RESET)
</UL>
<P><STRONG><a name="[5]"></a>UsageFault_Handler</STRONG> (Thumb, 2 bytes, Stack size 0 bytes, startup_stm32f446xx.o(.text))
<BR><BR>[Calls]<UL><LI><a href="#[5]">&gt;&gt;</a>&nbsp;&nbsp;&nbsp;UsageFault_Handler
</UL>
<BR>[Called By]<UL><LI><a href="#[5]">&gt;&gt;</a>&nbsp;&nbsp;&nbsp;UsageFault_Handler
</UL>
<BR>[Address Reference Count : 1]<UL><LI> startup_stm32f446xx.o(RESET)
</UL>
<P><STRONG><a name="[6]"></a>SVC_Handler</STRONG> (Thumb, 2 bytes, Stack size 0 bytes, startup_stm32f446xx.o(.text))
<BR><BR>[Calls]<UL><LI><a href="#[6]">&gt;&gt;</a>&nbsp;&nbsp;&nbsp;SVC_Handler
</UL>
<BR>[Called By]<UL><LI><a href="#[6]">&gt;&gt;</a>&nbsp;&nbsp;&nbsp;SVC_Handler
</UL>
<BR>[Address Reference Count : 1]<UL><LI> startup_stm32f446xx.o(RESET)
</UL>
<P><STRONG><a name="[7]"></a>DebugMon_Handler</STRONG> (Thumb, 2 bytes, Stack size 0 bytes, startup_stm32f446xx.o(.text))
<BR><BR>[Calls]<UL><LI><a href="#[7]">&gt;&gt;</a>&nbsp;&nbsp;&nbsp;DebugMon_Handler
</UL>
<BR>[Called By]<UL><LI><a href="#[7]">&gt;&gt;</a>&nbsp;&nbsp;&nbsp;DebugMon_Handler
</UL>
<BR>[Address Reference Count : 1]<UL><LI> startup_stm32f446xx.o(RESET)
</UL>
<P><STRONG><a name="[8]"></a>PendSV_Handler</STRONG> (Thumb, 2 bytes, Stack size 0 bytes, startup_stm32f446xx.o(.text))
<BR><BR>[Calls]<UL><LI><a href="#[8]">&gt;&gt;</a>&nbsp;&nbsp;&nbsp;PendSV_Handler
</UL>
<BR>[Called By]<UL><LI><a href="#[8]">&gt;&gt;</a>&nbsp;&nbsp;&nbsp;PendSV_Handler
</UL>
<BR>[Address Reference Count : 1]<UL><LI> startup_stm32f446xx.o(RESET)
</UL>
<P><STRONG><a name="[1c]"></a>ADC_IRQHandler</STRONG> (Thumb, 0 bytes, Stack size 0 bytes, startup_stm32f446xx.o(.text))
<BR><BR>[Calls]<UL><LI><a href="#[1c]">&gt;&gt;</a>&nbsp;&nbsp;&nbsp;ADC_IRQHandler
</UL>
<BR>[Called By]<UL><LI><a href="#[1c]">&gt;&gt;</a>&nbsp;&nbsp;&nbsp;ADC_IRQHandler
</UL>
<BR>[Address Reference Count : 1]<UL><LI> startup_stm32f446xx.o(RESET)
</UL>
<P><STRONG><a name="[48]"></a>CAN2_RX0_IRQHandler</STRONG> (Thumb, 0 bytes, Stack size 0 bytes, startup_stm32f446xx.o(.text))
<BR>[Address Reference Count : 1]<UL><LI> startup_stm32f446xx.o(RESET)
</UL>
<P><STRONG><a name="[49]"></a>CAN2_RX1_IRQHandler</STRONG> (Thumb, 0 bytes, Stack size 0 bytes, startup_stm32f446xx.o(.text))
<BR>[Address Reference Count : 1]<UL><LI> startup_stm32f446xx.o(RESET)
</UL>
<P><STRONG><a name="[4a]"></a>CAN2_SCE_IRQHandler</STRONG> (Thumb, 0 bytes, Stack size 0 bytes, startup_stm32f446xx.o(.text))
<BR>[Address Reference Count : 1]<UL><LI> startup_stm32f446xx.o(RESET)
</UL>
<P><STRONG><a name="[47]"></a>CAN2_TX_IRQHandler</STRONG> (Thumb, 0 bytes, Stack size 0 bytes, startup_stm32f446xx.o(.text))
<BR>[Address Reference Count : 1]<UL><LI> startup_stm32f446xx.o(RESET)
</UL>
<P><STRONG><a name="[5c]"></a>CEC_IRQHandler</STRONG> (Thumb, 0 bytes, Stack size 0 bytes, startup_stm32f446xx.o(.text))
<BR>[Address Reference Count : 1]<UL><LI> startup_stm32f446xx.o(RESET)
</UL>
<P><STRONG><a name="[56]"></a>DCMI_IRQHandler</STRONG> (Thumb, 0 bytes, Stack size 0 bytes, startup_stm32f446xx.o(.text))
<BR>[Address Reference Count : 1]<UL><LI> startup_stm32f446xx.o(RESET)
</UL>
<P><STRONG><a name="[15]"></a>DMA1_Stream0_IRQHandler</STRONG> (Thumb, 0 bytes, Stack size 0 bytes, startup_stm32f446xx.o(.text))
<BR>[Address Reference Count : 1]<UL><LI> startup_stm32f446xx.o(RESET)
</UL>
<P><STRONG><a name="[16]"></a>DMA1_Stream1_IRQHandler</STRONG> (Thumb, 0 bytes, Stack size 0 bytes, startup_stm32f446xx.o(.text))
<BR>[Address Reference Count : 1]<UL><LI> startup_stm32f446xx.o(RESET)
</UL>
<P><STRONG><a name="[17]"></a>DMA1_Stream2_IRQHandler</STRONG> (Thumb, 0 bytes, Stack size 0 bytes, startup_stm32f446xx.o(.text))
<BR>[Address Reference Count : 1]<UL><LI> startup_stm32f446xx.o(RESET)
</UL>
<P><STRONG><a name="[18]"></a>DMA1_Stream3_IRQHandler</STRONG> (Thumb, 0 bytes, Stack size 0 bytes, startup_stm32f446xx.o(.text))
<BR>[Address Reference Count : 1]<UL><LI> startup_stm32f446xx.o(RESET)
</UL>
<P><STRONG><a name="[19]"></a>DMA1_Stream4_IRQHandler</STRONG> (Thumb, 0 bytes, Stack size 0 bytes, startup_stm32f446xx.o(.text))
<BR>[Address Reference Count : 1]<UL><LI> startup_stm32f446xx.o(RESET)
</UL>
<P><STRONG><a name="[1a]"></a>DMA1_Stream5_IRQHandler</STRONG> (Thumb, 0 bytes, Stack size 0 bytes, startup_stm32f446xx.o(.text))
<BR>[Address Reference Count : 1]<UL><LI> startup_stm32f446xx.o(RESET)
</UL>
<P><STRONG><a name="[1b]"></a>DMA1_Stream6_IRQHandler</STRONG> (Thumb, 0 bytes, Stack size 0 bytes, startup_stm32f446xx.o(.text))
<BR>[Address Reference Count : 1]<UL><LI> startup_stm32f446xx.o(RESET)
</UL>
<P><STRONG><a name="[39]"></a>DMA1_Stream7_IRQHandler</STRONG> (Thumb, 0 bytes, Stack size 0 bytes, startup_stm32f446xx.o(.text))
<BR>[Address Reference Count : 1]<UL><LI> startup_stm32f446xx.o(RESET)
</UL>
<P><STRONG><a name="[42]"></a>DMA2_Stream0_IRQHandler</STRONG> (Thumb, 0 bytes, Stack size 0 bytes, startup_stm32f446xx.o(.text))
<BR>[Address Reference Count : 1]<UL><LI> startup_stm32f446xx.o(RESET)
</UL>
<P><STRONG><a name="[43]"></a>DMA2_Stream1_IRQHandler</STRONG> (Thumb, 0 bytes, Stack size 0 bytes, startup_stm32f446xx.o(.text))
<BR>[Address Reference Count : 1]<UL><LI> startup_stm32f446xx.o(RESET)
</UL>
<P><STRONG><a name="[44]"></a>DMA2_Stream2_IRQHandler</STRONG> (Thumb, 0 bytes, Stack size 0 bytes, startup_stm32f446xx.o(.text))
<BR>[Address Reference Count : 1]<UL><LI> startup_stm32f446xx.o(RESET)
</UL>
<P><STRONG><a name="[45]"></a>DMA2_Stream3_IRQHandler</STRONG> (Thumb, 0 bytes, Stack size 0 bytes, startup_stm32f446xx.o(.text))
<BR>[Address Reference Count : 1]<UL><LI> startup_stm32f446xx.o(RESET)
</UL>
<P><STRONG><a name="[46]"></a>DMA2_Stream4_IRQHandler</STRONG> (Thumb, 0 bytes, Stack size 0 bytes, startup_stm32f446xx.o(.text))
<BR>[Address Reference Count : 1]<UL><LI> startup_stm32f446xx.o(RESET)
</UL>
<P><STRONG><a name="[4c]"></a>DMA2_Stream5_IRQHandler</STRONG> (Thumb, 0 bytes, Stack size 0 bytes, startup_stm32f446xx.o(.text))
<BR>[Address Reference Count : 1]<UL><LI> startup_stm32f446xx.o(RESET)
</UL>
<P><STRONG><a name="[4d]"></a>DMA2_Stream6_IRQHandler</STRONG> (Thumb, 0 bytes, Stack size 0 bytes, startup_stm32f446xx.o(.text))
<BR>[Address Reference Count : 1]<UL><LI> startup_stm32f446xx.o(RESET)
</UL>
<P><STRONG><a name="[4e]"></a>DMA2_Stream7_IRQHandler</STRONG> (Thumb, 0 bytes, Stack size 0 bytes, startup_stm32f446xx.o(.text))
<BR>[Address Reference Count : 1]<UL><LI> startup_stm32f446xx.o(RESET)
</UL>
<P><STRONG><a name="[10]"></a>EXTI0_IRQHandler</STRONG> (Thumb, 0 bytes, Stack size 0 bytes, startup_stm32f446xx.o(.text))
<BR>[Address Reference Count : 1]<UL><LI> startup_stm32f446xx.o(RESET)
</UL>
<P><STRONG><a name="[32]"></a>EXTI15_10_IRQHandler</STRONG> (Thumb, 0 bytes, Stack size 0 bytes, startup_stm32f446xx.o(.text))
<BR>[Address Reference Count : 1]<UL><LI> startup_stm32f446xx.o(RESET)
</UL>
<P><STRONG><a name="[11]"></a>EXTI1_IRQHandler</STRONG> (Thumb, 0 bytes, Stack size 0 bytes, startup_stm32f446xx.o(.text))
<BR>[Address Reference Count : 1]<UL><LI> startup_stm32f446xx.o(RESET)
</UL>
<P><STRONG><a name="[12]"></a>EXTI2_IRQHandler</STRONG> (Thumb, 0 bytes, Stack size 0 bytes, startup_stm32f446xx.o(.text))
<BR>[Address Reference Count : 1]<UL><LI> startup_stm32f446xx.o(RESET)
</UL>
<P><STRONG><a name="[13]"></a>EXTI3_IRQHandler</STRONG> (Thumb, 0 bytes, Stack size 0 bytes, startup_stm32f446xx.o(.text))
<BR>[Address Reference Count : 1]<UL><LI> startup_stm32f446xx.o(RESET)
</UL>
<P><STRONG><a name="[14]"></a>EXTI4_IRQHandler</STRONG> (Thumb, 0 bytes, Stack size 0 bytes, startup_stm32f446xx.o(.text))
<BR>[Address Reference Count : 1]<UL><LI> startup_stm32f446xx.o(RESET)
</UL>
<P><STRONG><a name="[21]"></a>EXTI9_5_IRQHandler</STRONG> (Thumb, 0 bytes, Stack size 0 bytes, startup_stm32f446xx.o(.text))
<BR>[Address Reference Count : 1]<UL><LI> startup_stm32f446xx.o(RESET)
</UL>
<P><STRONG><a name="[e]"></a>FLASH_IRQHandler</STRONG> (Thumb, 0 bytes, Stack size 0 bytes, startup_stm32f446xx.o(.text))
<BR>[Address Reference Count : 1]<UL><LI> startup_stm32f446xx.o(RESET)
</UL>
<P><STRONG><a name="[3a]"></a>FMC_IRQHandler</STRONG> (Thumb, 0 bytes, Stack size 0 bytes, startup_stm32f446xx.o(.text))
<BR>[Address Reference Count : 1]<UL><LI> startup_stm32f446xx.o(RESET)
</UL>
<P><STRONG><a name="[5f]"></a>FMPI2C1_ER_IRQHandler</STRONG> (Thumb, 0 bytes, Stack size 0 bytes, startup_stm32f446xx.o(.text))
<BR>[Address Reference Count : 1]<UL><LI> startup_stm32f446xx.o(RESET)
</UL>
<P><STRONG><a name="[5e]"></a>FMPI2C1_EV_IRQHandler</STRONG> (Thumb, 0 bytes, Stack size 0 bytes, startup_stm32f446xx.o(.text))
<BR>[Address Reference Count : 1]<UL><LI> startup_stm32f446xx.o(RESET)
</UL>
<P><STRONG><a name="[57]"></a>FPU_IRQHandler</STRONG> (Thumb, 0 bytes, Stack size 0 bytes, startup_stm32f446xx.o(.text))
<BR>[Address Reference Count : 1]<UL><LI> startup_stm32f446xx.o(RESET)
</UL>
<P><STRONG><a name="[2a]"></a>I2C1_ER_IRQHandler</STRONG> (Thumb, 0 bytes, Stack size 0 bytes, startup_stm32f446xx.o(.text))
<BR>[Address Reference Count : 1]<UL><LI> startup_stm32f446xx.o(RESET)
</UL>
<P><STRONG><a name="[2c]"></a>I2C2_ER_IRQHandler</STRONG> (Thumb, 0 bytes, Stack size 0 bytes, startup_stm32f446xx.o(.text))
<BR>[Address Reference Count : 1]<UL><LI> startup_stm32f446xx.o(RESET)
</UL>
<P><STRONG><a name="[51]"></a>I2C3_ER_IRQHandler</STRONG> (Thumb, 0 bytes, Stack size 0 bytes, startup_stm32f446xx.o(.text))
<BR>[Address Reference Count : 1]<UL><LI> startup_stm32f446xx.o(RESET)
</UL>
<P><STRONG><a name="[50]"></a>I2C3_EV_IRQHandler</STRONG> (Thumb, 0 bytes, Stack size 0 bytes, startup_stm32f446xx.o(.text))
<BR>[Address Reference Count : 1]<UL><LI> startup_stm32f446xx.o(RESET)
</UL>
<P><STRONG><a name="[4b]"></a>OTG_FS_IRQHandler</STRONG> (Thumb, 0 bytes, Stack size 0 bytes, startup_stm32f446xx.o(.text))
<BR>[Address Reference Count : 1]<UL><LI> startup_stm32f446xx.o(RESET)
</UL>
<P><STRONG><a name="[34]"></a>OTG_FS_WKUP_IRQHandler</STRONG> (Thumb, 0 bytes, Stack size 0 bytes, startup_stm32f446xx.o(.text))
<BR>[Address Reference Count : 1]<UL><LI> startup_stm32f446xx.o(RESET)
</UL>
<P><STRONG><a name="[53]"></a>OTG_HS_EP1_IN_IRQHandler</STRONG> (Thumb, 0 bytes, Stack size 0 bytes, startup_stm32f446xx.o(.text))
<BR>[Address Reference Count : 1]<UL><LI> startup_stm32f446xx.o(RESET)
</UL>
<P><STRONG><a name="[52]"></a>OTG_HS_EP1_OUT_IRQHandler</STRONG> (Thumb, 0 bytes, Stack size 0 bytes, startup_stm32f446xx.o(.text))
<BR>[Address Reference Count : 1]<UL><LI> startup_stm32f446xx.o(RESET)
</UL>
<P><STRONG><a name="[55]"></a>OTG_HS_IRQHandler</STRONG> (Thumb, 0 bytes, Stack size 0 bytes, startup_stm32f446xx.o(.text))
<BR>[Address Reference Count : 1]<UL><LI> startup_stm32f446xx.o(RESET)
</UL>
<P><STRONG><a name="[54]"></a>OTG_HS_WKUP_IRQHandler</STRONG> (Thumb, 0 bytes, Stack size 0 bytes, startup_stm32f446xx.o(.text))
<BR>[Address Reference Count : 1]<UL><LI> startup_stm32f446xx.o(RESET)
</UL>
<P><STRONG><a name="[b]"></a>PVD_IRQHandler</STRONG> (Thumb, 0 bytes, Stack size 0 bytes, startup_stm32f446xx.o(.text))
<BR>[Address Reference Count : 1]<UL><LI> startup_stm32f446xx.o(RESET)
</UL>
<P><STRONG><a name="[5b]"></a>QUADSPI_IRQHandler</STRONG> (Thumb, 0 bytes, Stack size 0 bytes, startup_stm32f446xx.o(.text))
<BR>[Address Reference Count : 1]<UL><LI> startup_stm32f446xx.o(RESET)
</UL>
<P><STRONG><a name="[f]"></a>RCC_IRQHandler</STRONG> (Thumb, 0 bytes, Stack size 0 bytes, startup_stm32f446xx.o(.text))
<BR>[Address Reference Count : 1]<UL><LI> startup_stm32f446xx.o(RESET)
</UL>
<P><STRONG><a name="[33]"></a>RTC_Alarm_IRQHandler</STRONG> (Thumb, 0 bytes, Stack size 0 bytes, startup_stm32f446xx.o(.text))
<BR>[Address Reference Count : 1]<UL><LI> startup_stm32f446xx.o(RESET)
</UL>
<P><STRONG><a name="[d]"></a>RTC_WKUP_IRQHandler</STRONG> (Thumb, 0 bytes, Stack size 0 bytes, startup_stm32f446xx.o(.text))
<BR>[Address Reference Count : 1]<UL><LI> startup_stm32f446xx.o(RESET)
</UL>
<P><STRONG><a name="[59]"></a>SAI1_IRQHandler</STRONG> (Thumb, 0 bytes, Stack size 0 bytes, startup_stm32f446xx.o(.text))
<BR>[Address Reference Count : 1]<UL><LI> startup_stm32f446xx.o(RESET)
</UL>
<P><STRONG><a name="[5a]"></a>SAI2_IRQHandler</STRONG> (Thumb, 0 bytes, Stack size 0 bytes, startup_stm32f446xx.o(.text))
<BR>[Address Reference Count : 1]<UL><LI> startup_stm32f446xx.o(RESET)
</UL>
<P><STRONG><a name="[3b]"></a>SDIO_IRQHandler</STRONG> (Thumb, 0 bytes, Stack size 0 bytes, startup_stm32f446xx.o(.text))
<BR>[Address Reference Count : 1]<UL><LI> startup_stm32f446xx.o(RESET)
</UL>
<P><STRONG><a name="[5d]"></a>SPDIF_RX_IRQHandler</STRONG> (Thumb, 0 bytes, Stack size 0 bytes, startup_stm32f446xx.o(.text))
<BR>[Address Reference Count : 1]<UL><LI> startup_stm32f446xx.o(RESET)
</UL>
<P><STRONG><a name="[2d]"></a>SPI1_IRQHandler</STRONG> (Thumb, 0 bytes, Stack size 0 bytes, startup_stm32f446xx.o(.text))
<BR>[Address Reference Count : 1]<UL><LI> startup_stm32f446xx.o(RESET)
</UL>
<P><STRONG><a name="[2e]"></a>SPI2_IRQHandler</STRONG> (Thumb, 0 bytes, Stack size 0 bytes, startup_stm32f446xx.o(.text))
<BR>[Address Reference Count : 1]<UL><LI> startup_stm32f446xx.o(RESET)
</UL>
<P><STRONG><a name="[3d]"></a>SPI3_IRQHandler</STRONG> (Thumb, 0 bytes, Stack size 0 bytes, startup_stm32f446xx.o(.text))
<BR>[Address Reference Count : 1]<UL><LI> startup_stm32f446xx.o(RESET)
</UL>
<P><STRONG><a name="[58]"></a>SPI4_IRQHandler</STRONG> (Thumb, 0 bytes, Stack size 0 bytes, startup_stm32f446xx.o(.text))
<BR>[Address Reference Count : 1]<UL><LI> startup_stm32f446xx.o(RESET)
</UL>
<P><STRONG><a name="[c]"></a>TAMP_STAMP_IRQHandler</STRONG> (Thumb, 0 bytes, Stack size 0 bytes, startup_stm32f446xx.o(.text))
<BR>[Address Reference Count : 1]<UL><LI> startup_stm32f446xx.o(RESET)
</UL>
<P><STRONG><a name="[22]"></a>TIM1_BRK_TIM9_IRQHandler</STRONG> (Thumb, 0 bytes, Stack size 0 bytes, startup_stm32f446xx.o(.text))
<BR>[Address Reference Count : 1]<UL><LI> startup_stm32f446xx.o(RESET)
</UL>
<P><STRONG><a name="[25]"></a>TIM1_CC_IRQHandler</STRONG> (Thumb, 0 bytes, Stack size 0 bytes, startup_stm32f446xx.o(.text))
<BR>[Address Reference Count : 1]<UL><LI> startup_stm32f446xx.o(RESET)
</UL>
<P><STRONG><a name="[24]"></a>TIM1_TRG_COM_TIM11_IRQHandler</STRONG> (Thumb, 0 bytes, Stack size 0 bytes, startup_stm32f446xx.o(.text))
<BR>[Address Reference Count : 1]<UL><LI> startup_stm32f446xx.o(RESET)
</UL>
<P><STRONG><a name="[23]"></a>TIM1_UP_TIM10_IRQHandler</STRONG> (Thumb, 0 bytes, Stack size 0 bytes, startup_stm32f446xx.o(.text))
<BR>[Address Reference Count : 1]<UL><LI> startup_stm32f446xx.o(RESET)
</UL>
<P><STRONG><a name="[26]"></a>TIM2_IRQHandler</STRONG> (Thumb, 0 bytes, Stack size 0 bytes, startup_stm32f446xx.o(.text))
<BR>[Address Reference Count : 1]<UL><LI> startup_stm32f446xx.o(RESET)
</UL>
<P><STRONG><a name="[27]"></a>TIM3_IRQHandler</STRONG> (Thumb, 0 bytes, Stack size 0 bytes, startup_stm32f446xx.o(.text))
<BR>[Address Reference Count : 1]<UL><LI> startup_stm32f446xx.o(RESET)
</UL>
<P><STRONG><a name="[28]"></a>TIM4_IRQHandler</STRONG> (Thumb, 0 bytes, Stack size 0 bytes, startup_stm32f446xx.o(.text))
<BR>[Address Reference Count : 1]<UL><LI> startup_stm32f446xx.o(RESET)
</UL>
<P><STRONG><a name="[3c]"></a>TIM5_IRQHandler</STRONG> (Thumb, 0 bytes, Stack size 0 bytes, startup_stm32f446xx.o(.text))
<BR>[Address Reference Count : 1]<UL><LI> startup_stm32f446xx.o(RESET)
</UL>
<P><STRONG><a name="[40]"></a>TIM6_DAC_IRQHandler</STRONG> (Thumb, 0 bytes, Stack size 0 bytes, startup_stm32f446xx.o(.text))
<BR>[Address Reference Count : 1]<UL><LI> startup_stm32f446xx.o(RESET)
</UL>
<P><STRONG><a name="[41]"></a>TIM7_IRQHandler</STRONG> (Thumb, 0 bytes, Stack size 0 bytes, startup_stm32f446xx.o(.text))
<BR>[Address Reference Count : 1]<UL><LI> startup_stm32f446xx.o(RESET)
</UL>
<P><STRONG><a name="[35]"></a>TIM8_BRK_TIM12_IRQHandler</STRONG> (Thumb, 0 bytes, Stack size 0 bytes, startup_stm32f446xx.o(.text))
<BR>[Address Reference Count : 1]<UL><LI> startup_stm32f446xx.o(RESET)
</UL>
<P><STRONG><a name="[38]"></a>TIM8_CC_IRQHandler</STRONG> (Thumb, 0 bytes, Stack size 0 bytes, startup_stm32f446xx.o(.text))
<BR>[Address Reference Count : 1]<UL><LI> startup_stm32f446xx.o(RESET)
</UL>
<P><STRONG><a name="[37]"></a>TIM8_TRG_COM_TIM14_IRQHandler</STRONG> (Thumb, 0 bytes, Stack size 0 bytes, startup_stm32f446xx.o(.text))
<BR>[Address Reference Count : 1]<UL><LI> startup_stm32f446xx.o(RESET)
</UL>
<P><STRONG><a name="[36]"></a>TIM8_UP_TIM13_IRQHandler</STRONG> (Thumb, 0 bytes, Stack size 0 bytes, startup_stm32f446xx.o(.text))
<BR>[Address Reference Count : 1]<UL><LI> startup_stm32f446xx.o(RESET)
</UL>
<P><STRONG><a name="[2f]"></a>USART1_IRQHandler</STRONG> (Thumb, 0 bytes, Stack size 0 bytes, startup_stm32f446xx.o(.text))
<BR>[Address Reference Count : 1]<UL><LI> startup_stm32f446xx.o(RESET)
</UL>
<P><STRONG><a name="[30]"></a>USART2_IRQHandler</STRONG> (Thumb, 0 bytes, Stack size 0 bytes, startup_stm32f446xx.o(.text))
<BR>[Address Reference Count : 1]<UL><LI> startup_stm32f446xx.o(RESET)
</UL>
<P><STRONG><a name="[31]"></a>USART3_IRQHandler</STRONG> (Thumb, 0 bytes, Stack size 0 bytes, startup_stm32f446xx.o(.text))
<BR>[Address Reference Count : 1]<UL><LI> startup_stm32f446xx.o(RESET)
</UL>
<P><STRONG><a name="[4f]"></a>USART6_IRQHandler</STRONG> (Thumb, 0 bytes, Stack size 0 bytes, startup_stm32f446xx.o(.text))
<BR>[Address Reference Count : 1]<UL><LI> startup_stm32f446xx.o(RESET)
</UL>
<P><STRONG><a name="[a]"></a>WWDG_IRQHandler</STRONG> (Thumb, 0 bytes, Stack size 0 bytes, startup_stm32f446xx.o(.text))
<BR>[Address Reference Count : 1]<UL><LI> startup_stm32f446xx.o(RESET)
</UL>
<P><STRONG><a name="[10f]"></a>__user_initial_stackheap</STRONG> (Thumb, 0 bytes, Stack size unknown bytes, startup_stm32f446xx.o(.text))
<BR><BR>[Called By]<UL><LI><a href="#[d3]">&gt;&gt;</a>&nbsp;&nbsp;&nbsp;__user_setup_stackheap
</UL>

<P><STRONG><a name="[13e]"></a>__aeabi_uldivmod</STRONG> (Thumb, 0 bytes, Stack size 48 bytes, lludivv7m.o(.text))
<BR><BR>[Stack]<UL><LI>Max Depth = 48<LI>Call Chain = __aeabi_uldivmod
</UL>
<BR>[Called By]<UL><LI><a href="#[13b]">&gt;&gt;</a>&nbsp;&nbsp;&nbsp;HAL_RCC_GetSysClockFreq
<LI><a href="#[149]">&gt;&gt;</a>&nbsp;&nbsp;&nbsp;UART_SetConfig
</UL>

<P><STRONG><a name="[1b4]"></a>_ll_udiv</STRONG> (Thumb, 240 bytes, Stack size 48 bytes, lludivv7m.o(.text), UNUSED)

<P><STRONG><a name="[de]"></a>sprintf</STRONG> (Thumb, 38 bytes, Stack size 32 bytes, sprintf.o(.text))
<BR><BR>[Stack]<UL><LI>Max Depth = 136 + Unknown Stack Size
<LI>Call Chain = sprintf &rArr; _printf_char_common &rArr; __printf
</UL>
<BR>[Calls]<UL><LI><a href="#[62]">&gt;&gt;</a>&nbsp;&nbsp;&nbsp;_sputc
<LI><a href="#[df]">&gt;&gt;</a>&nbsp;&nbsp;&nbsp;_printf_char_common
</UL>
<BR>[Called By]<UL><LI><a href="#[15b]">&gt;&gt;</a>&nbsp;&nbsp;&nbsp;_ZL15I2C_obj_triggerv
</UL>

<P><STRONG><a name="[e0]"></a>abort</STRONG> (Thumb, 22 bytes, Stack size 8 bytes, abort.o(.text))
<BR><BR>[Stack]<UL><LI>Max Depth = 48 + Unknown Stack Size
<LI>Call Chain = abort &rArr; __rt_SIGABRT &rArr; __rt_SIGABRT_inner &rArr; __default_signal_display &rArr; _ttywrch
</UL>
<BR>[Calls]<UL><LI><a href="#[e1]">&gt;&gt;</a>&nbsp;&nbsp;&nbsp;__rt_SIGABRT
<LI><a href="#[dc]">&gt;&gt;</a>&nbsp;&nbsp;&nbsp;_sys_exit
<LI><a href="#[da]">&gt;&gt;</a>&nbsp;&nbsp;&nbsp;__rt_lib_shutdown
</UL>
<BR>[Called By]<UL><LI><a href="#[17f]">&gt;&gt;</a>&nbsp;&nbsp;&nbsp;std::__1::__split_buffer&lang;send_handle*, std::__1::allocator&lang;send_handle*&rang;&&rang;::__split_buffer__sub_object(unsigned, unsigned, std::__1::allocator&lang;send_handle*&rang;&)
<LI><a href="#[164]">&gt;&gt;</a>&nbsp;&nbsp;&nbsp;std::__1::__vector_base_common&lang;(bool)1&rang;::__throw_length_error() const
<LI><a href="#[165]">&gt;&gt;</a>&nbsp;&nbsp;&nbsp;std::__1::__split_buffer&lang;BASE_COM_t*, std::__1::allocator&lang;BASE_COM_t*&rang;&&rang;::__split_buffer__sub_object(unsigned, unsigned, std::__1::allocator&lang;BASE_COM_t*&rang;&)
<LI><a href="#[186]">&gt;&gt;</a>&nbsp;&nbsp;&nbsp;abort_message
</UL>

<P><STRONG><a name="[e2]"></a>__cxa_atexit</STRONG> (Thumb, 10 bytes, Stack size 0 bytes, cxa_atexit.o(.text))
<BR><BR>[Stack]<UL><LI>Max Depth = 72<LI>Call Chain = __cxa_atexit &rArr; __aeabi_atexit &rArr; malloc &rArr; __Heap_Full &rArr; __Heap_ProvideMemory &rArr; free
</UL>
<BR>[Calls]<UL><LI><a href="#[e3]">&gt;&gt;</a>&nbsp;&nbsp;&nbsp;__aeabi_atexit
</UL>
<BR>[Called By]<UL><LI><a href="#[154]">&gt;&gt;</a>&nbsp;&nbsp;&nbsp;__cxx_global_var_init
</UL>

<P><STRONG><a name="[15d]"></a>strlen</STRONG> (Thumb, 62 bytes, Stack size 8 bytes, strlen.o(.text))
<BR><BR>[Stack]<UL><LI>Max Depth = 8<LI>Call Chain = strlen
</UL>
<BR>[Called By]<UL><LI><a href="#[15b]">&gt;&gt;</a>&nbsp;&nbsp;&nbsp;_ZL15I2C_obj_triggerv
</UL>

<P><STRONG><a name="[183]"></a>__aeabi_memcpy4</STRONG> (Thumb, 0 bytes, Stack size 8 bytes, rt_memcpy_w.o(.text))
<BR><BR>[Stack]<UL><LI>Max Depth = 8<LI>Call Chain = __aeabi_memcpy4
</UL>
<BR>[Called By]<UL><LI><a href="#[184]">&gt;&gt;</a>&nbsp;&nbsp;&nbsp;std::__1::vector&lang;send_handle*, std::__1::allocator&lang;send_handle*&rang;&rang;::__swap_out_circular_buffer(std::__1::__split_buffer&lang;send_handle*, std::__1::allocator&lang;send_handle*&rang;&&rang;&)
<LI><a href="#[166]">&gt;&gt;</a>&nbsp;&nbsp;&nbsp;std::__1::vector&lang;BASE_COM_t*, std::__1::allocator&lang;BASE_COM_t*&rang;&rang;::__swap_out_circular_buffer(std::__1::__split_buffer&lang;BASE_COM_t*, std::__1::allocator&lang;BASE_COM_t*&rang;&&rang;&)
</UL>

<P><STRONG><a name="[1b5]"></a>__aeabi_memcpy8</STRONG> (Thumb, 0 bytes, Stack size 8 bytes, rt_memcpy_w.o(.text), UNUSED)

<P><STRONG><a name="[1b6]"></a>__rt_memcpy_w</STRONG> (Thumb, 100 bytes, Stack size 8 bytes, rt_memcpy_w.o(.text), UNUSED)

<P><STRONG><a name="[1b7]"></a>_memcpy_lastbytes_aligned</STRONG> (Thumb, 0 bytes, Stack size unknown bytes, rt_memcpy_w.o(.text), UNUSED)

<P><STRONG><a name="[15c]"></a>__aeabi_memclr</STRONG> (Thumb, 0 bytes, Stack size 0 bytes, rt_memclr.o(.text))
<BR><BR>[Called By]<UL><LI><a href="#[15b]">&gt;&gt;</a>&nbsp;&nbsp;&nbsp;_ZL15I2C_obj_triggerv
</UL>

<P><STRONG><a name="[e4]"></a>__rt_memclr</STRONG> (Thumb, 68 bytes, Stack size 0 bytes, rt_memclr.o(.text), UNUSED)
<BR><BR>[Calls]<UL><LI><a href="#[e5]">&gt;&gt;</a>&nbsp;&nbsp;&nbsp;_memset_w
</UL>

<P><STRONG><a name="[1b8]"></a>_memset</STRONG> (Thumb, 0 bytes, Stack size unknown bytes, rt_memclr.o(.text), UNUSED)

<P><STRONG><a name="[156]"></a>__aeabi_memclr4</STRONG> (Thumb, 0 bytes, Stack size 4 bytes, rt_memclr_w.o(.text))
<BR><BR>[Stack]<UL><LI>Max Depth = 4<LI>Call Chain = __aeabi_memclr4
</UL>
<BR>[Called By]<UL><LI><a href="#[17c]">&gt;&gt;</a>&nbsp;&nbsp;&nbsp;UART_COM::UART_COM(unsigned, USART_TypeDef*, GPIO_TypeDef*, unsigned, unsigned, unsigned char)
<LI><a href="#[175]">&gt;&gt;</a>&nbsp;&nbsp;&nbsp;I2C_COM::I2C_COM(unsigned, unsigned, unsigned short, I2C_TypeDef*, GPIO_TypeDef*, unsigned, unsigned, unsigned)
<LI><a href="#[16c]">&gt;&gt;</a>&nbsp;&nbsp;&nbsp;CAN_COM::CAN_COM(CAN_TypeDef*, GPIO_TypeDef*, unsigned char, unsigned char, unsigned short, unsigned short, unsigned char)
<LI><a href="#[155]">&gt;&gt;</a>&nbsp;&nbsp;&nbsp;_ZL12Clock_Configv
</UL>

<P><STRONG><a name="[1b9]"></a>__aeabi_memclr8</STRONG> (Thumb, 0 bytes, Stack size 4 bytes, rt_memclr_w.o(.text), UNUSED)

<P><STRONG><a name="[1ba]"></a>__rt_memclr_w</STRONG> (Thumb, 78 bytes, Stack size 4 bytes, rt_memclr_w.o(.text), UNUSED)

<P><STRONG><a name="[e5]"></a>_memset_w</STRONG> (Thumb, 0 bytes, Stack size unknown bytes, rt_memclr_w.o(.text), UNUSED)
<BR><BR>[Called By]<UL><LI><a href="#[e4]">&gt;&gt;</a>&nbsp;&nbsp;&nbsp;__rt_memclr
</UL>

<P><STRONG><a name="[1bb]"></a>__use_two_region_memory</STRONG> (Thumb, 2 bytes, Stack size 0 bytes, heapauxi.o(.text), UNUSED)

<P><STRONG><a name="[1bc]"></a>__rt_heap_escrow</STRONG> (Thumb, 2 bytes, Stack size 0 bytes, heapauxi.o(.text), UNUSED)

<P><STRONG><a name="[1bd]"></a>__rt_heap_expand</STRONG> (Thumb, 2 bytes, Stack size 0 bytes, heapauxi.o(.text), UNUSED)

<P><STRONG><a name="[9d]"></a>__cpp_initialize__aeabi_</STRONG> (Thumb, 28 bytes, Stack size 16 bytes, init_aeabi.o(.text))
<BR><BR>[Stack]<UL><LI>Max Depth = 16<LI>Call Chain = __cpp_initialize__aeabi_
</UL>
<BR>[Called By]<UL><LI><a href="#[cf]">&gt;&gt;</a>&nbsp;&nbsp;&nbsp;__rt_lib_init_cpp_2
</UL>

<P><STRONG><a name="[dc]"></a>_sys_exit</STRONG> (Thumb, 8 bytes, Stack size 0 bytes, sys_exit.o(.text))
<BR><BR>[Called By]<UL><LI><a href="#[fa]">&gt;&gt;</a>&nbsp;&nbsp;&nbsp;__sig_exit
<LI><a href="#[e0]">&gt;&gt;</a>&nbsp;&nbsp;&nbsp;abort
<LI><a href="#[db]">&gt;&gt;</a>&nbsp;&nbsp;&nbsp;__rt_exit_exit
</UL>

<P><STRONG><a name="[e6]"></a>malloc</STRONG> (Thumb, 94 bytes, Stack size 16 bytes, h1_alloc.o(.text))
<BR><BR>[Stack]<UL><LI>Max Depth = 48<LI>Call Chain = malloc &rArr; __Heap_Full &rArr; __Heap_ProvideMemory &rArr; free
</UL>
<BR>[Calls]<UL><LI><a href="#[e8]">&gt;&gt;</a>&nbsp;&nbsp;&nbsp;__Heap_Full
<LI><a href="#[e7]">&gt;&gt;</a>&nbsp;&nbsp;&nbsp;__rt_heap_descriptor
</UL>
<BR>[Called By]<UL><LI><a href="#[16d]">&gt;&gt;</a>&nbsp;&nbsp;&nbsp;operator new(unsigned)
<LI><a href="#[dd]">&gt;&gt;</a>&nbsp;&nbsp;&nbsp;__ARM_get_argv
<LI><a href="#[e3]">&gt;&gt;</a>&nbsp;&nbsp;&nbsp;__aeabi_atexit
</UL>

<P><STRONG><a name="[e9]"></a>free</STRONG> (Thumb, 78 bytes, Stack size 16 bytes, h1_free.o(.text))
<BR><BR>[Stack]<UL><LI>Max Depth = 16<LI>Call Chain = free
</UL>
<BR>[Calls]<UL><LI><a href="#[e7]">&gt;&gt;</a>&nbsp;&nbsp;&nbsp;__rt_heap_descriptor
</UL>
<BR>[Called By]<UL><LI><a href="#[182]">&gt;&gt;</a>&nbsp;&nbsp;&nbsp;operator delete (void*)
<LI><a href="#[d1]">&gt;&gt;</a>&nbsp;&nbsp;&nbsp;__cxa_finalize
<LI><a href="#[fb]">&gt;&gt;</a>&nbsp;&nbsp;&nbsp;__Heap_ProvideMemory
</UL>

<P><STRONG><a name="[eb]"></a>_printf_pre_padding</STRONG> (Thumb, 44 bytes, Stack size 16 bytes, _printf_pad.o(.text))
<BR><BR>[Stack]<UL><LI>Max Depth = 16<LI>Call Chain = _printf_pre_padding
</UL>
<BR>[Called By]<UL><LI><a href="#[107]">&gt;&gt;</a>&nbsp;&nbsp;&nbsp;_printf_fp_hex_real
<LI><a href="#[104]">&gt;&gt;</a>&nbsp;&nbsp;&nbsp;_printf_fp_dec_real
<LI><a href="#[ef]">&gt;&gt;</a>&nbsp;&nbsp;&nbsp;_printf_int_common
<LI><a href="#[f1]">&gt;&gt;</a>&nbsp;&nbsp;&nbsp;_printf_wctomb
<LI><a href="#[ea]">&gt;&gt;</a>&nbsp;&nbsp;&nbsp;_printf_str
<LI><a href="#[106]">&gt;&gt;</a>&nbsp;&nbsp;&nbsp;_printf_fp_infnan
</UL>

<P><STRONG><a name="[ec]"></a>_printf_post_padding</STRONG> (Thumb, 34 bytes, Stack size 16 bytes, _printf_pad.o(.text))
<BR><BR>[Stack]<UL><LI>Max Depth = 16<LI>Call Chain = _printf_post_padding
</UL>
<BR>[Called By]<UL><LI><a href="#[107]">&gt;&gt;</a>&nbsp;&nbsp;&nbsp;_printf_fp_hex_real
<LI><a href="#[104]">&gt;&gt;</a>&nbsp;&nbsp;&nbsp;_printf_fp_dec_real
<LI><a href="#[ef]">&gt;&gt;</a>&nbsp;&nbsp;&nbsp;_printf_int_common
<LI><a href="#[f1]">&gt;&gt;</a>&nbsp;&nbsp;&nbsp;_printf_wctomb
<LI><a href="#[ea]">&gt;&gt;</a>&nbsp;&nbsp;&nbsp;_printf_str
<LI><a href="#[106]">&gt;&gt;</a>&nbsp;&nbsp;&nbsp;_printf_fp_infnan
</UL>

<P><STRONG><a name="[ed]"></a>_printf_truncate_signed</STRONG> (Thumb, 18 bytes, Stack size 0 bytes, _printf_truncate.o(.text))
<BR><BR>[Called By]<UL><LI><a href="#[ad]">&gt;&gt;</a>&nbsp;&nbsp;&nbsp;_printf_int_dec
</UL>

<P><STRONG><a name="[ee]"></a>_printf_truncate_unsigned</STRONG> (Thumb, 18 bytes, Stack size 0 bytes, _printf_truncate.o(.text))
<BR><BR>[Called By]<UL><LI><a href="#[b3]">&gt;&gt;</a>&nbsp;&nbsp;&nbsp;_printf_int_hex
<LI><a href="#[b1]">&gt;&gt;</a>&nbsp;&nbsp;&nbsp;_printf_int_oct
<LI><a href="#[ad]">&gt;&gt;</a>&nbsp;&nbsp;&nbsp;_printf_int_dec
</UL>

<P><STRONG><a name="[ea]"></a>_printf_str</STRONG> (Thumb, 82 bytes, Stack size 16 bytes, _printf_str.o(.text))
<BR><BR>[Stack]<UL><LI>Max Depth = 32<LI>Call Chain = _printf_str &rArr; _printf_post_padding
</UL>
<BR>[Calls]<UL><LI><a href="#[ec]">&gt;&gt;</a>&nbsp;&nbsp;&nbsp;_printf_post_padding
<LI><a href="#[eb]">&gt;&gt;</a>&nbsp;&nbsp;&nbsp;_printf_pre_padding
</UL>
<BR>[Called By]<UL><LI><a href="#[108]">&gt;&gt;</a>&nbsp;&nbsp;&nbsp;_printf_cs_common
</UL>

<P><STRONG><a name="[ad]"></a>_printf_int_dec</STRONG> (Thumb, 104 bytes, Stack size 24 bytes, _printf_dec.o(.text))
<BR><BR>[Stack]<UL><LI>Max Depth = 72<LI>Call Chain = _printf_int_dec &rArr; _printf_int_common &rArr; _printf_post_padding
</UL>
<BR>[Calls]<UL><LI><a href="#[ef]">&gt;&gt;</a>&nbsp;&nbsp;&nbsp;_printf_int_common
<LI><a href="#[ee]">&gt;&gt;</a>&nbsp;&nbsp;&nbsp;_printf_truncate_unsigned
<LI><a href="#[ed]">&gt;&gt;</a>&nbsp;&nbsp;&nbsp;_printf_truncate_signed
</UL>
<BR>[Called By]<UL><LI><a href="#[af]">&gt;&gt;</a>&nbsp;&nbsp;&nbsp;_printf_u
<LI><a href="#[ae]">&gt;&gt;</a>&nbsp;&nbsp;&nbsp;_printf_d
<LI><a href="#[ac]">&gt;&gt;</a>&nbsp;&nbsp;&nbsp;_printf_i
</UL>

<P><STRONG><a name="[a3]"></a>_printf_charcount</STRONG> (Thumb, 40 bytes, Stack size 0 bytes, _printf_charcount.o(.text))
<BR><BR>[Called By]<UL><LI><a href="#[a2]">&gt;&gt;</a>&nbsp;&nbsp;&nbsp;_printf_n
</UL>

<P><STRONG><a name="[df]"></a>_printf_char_common</STRONG> (Thumb, 32 bytes, Stack size 64 bytes, _printf_char_common.o(.text))
<BR><BR>[Stack]<UL><LI>Max Depth = 104 + Unknown Stack Size
<LI>Call Chain = _printf_char_common &rArr; __printf
</UL>
<BR>[Calls]<UL><LI><a href="#[f0]">&gt;&gt;</a>&nbsp;&nbsp;&nbsp;__printf
</UL>
<BR>[Called By]<UL><LI><a href="#[de]">&gt;&gt;</a>&nbsp;&nbsp;&nbsp;sprintf
</UL>

<P><STRONG><a name="[62]"></a>_sputc</STRONG> (Thumb, 10 bytes, Stack size 0 bytes, _sputc.o(.text))
<BR><BR>[Called By]<UL><LI><a href="#[de]">&gt;&gt;</a>&nbsp;&nbsp;&nbsp;sprintf
</UL>
<BR>[Address Reference Count : 1]<UL><LI> sprintf.o(.text)
</UL>
<P><STRONG><a name="[f1]"></a>_printf_wctomb</STRONG> (Thumb, 182 bytes, Stack size 56 bytes, _printf_wctomb.o(.text))
<BR><BR>[Stack]<UL><LI>Max Depth = 80<LI>Call Chain = _printf_wctomb &rArr; _wcrtomb
</UL>
<BR>[Calls]<UL><LI><a href="#[f2]">&gt;&gt;</a>&nbsp;&nbsp;&nbsp;_wcrtomb
<LI><a href="#[ec]">&gt;&gt;</a>&nbsp;&nbsp;&nbsp;_printf_post_padding
<LI><a href="#[eb]">&gt;&gt;</a>&nbsp;&nbsp;&nbsp;_printf_pre_padding
</UL>
<BR>[Called By]<UL><LI><a href="#[109]">&gt;&gt;</a>&nbsp;&nbsp;&nbsp;_printf_lcs_common
</UL>

<P><STRONG><a name="[b5]"></a>_printf_longlong_dec</STRONG> (Thumb, 108 bytes, Stack size 24 bytes, _printf_longlong_dec.o(.text))
<BR><BR>[Stack]<UL><LI>Max Depth = 72<LI>Call Chain = _printf_longlong_dec &rArr; _printf_int_common &rArr; _printf_post_padding
</UL>
<BR>[Calls]<UL><LI><a href="#[ef]">&gt;&gt;</a>&nbsp;&nbsp;&nbsp;_printf_int_common
<LI><a href="#[f3]">&gt;&gt;</a>&nbsp;&nbsp;&nbsp;_ll_udiv10
</UL>
<BR>[Called By]<UL><LI><a href="#[b7]">&gt;&gt;</a>&nbsp;&nbsp;&nbsp;_printf_llu
<LI><a href="#[b6]">&gt;&gt;</a>&nbsp;&nbsp;&nbsp;_printf_lld
<LI><a href="#[b4]">&gt;&gt;</a>&nbsp;&nbsp;&nbsp;_printf_lli
</UL>

<P><STRONG><a name="[f4]"></a>_printf_longlong_oct</STRONG> (Thumb, 68 bytes, Stack size 8 bytes, _printf_oct_int_ll.o(.text))
<BR><BR>[Stack]<UL><LI>Max Depth = 56<LI>Call Chain = _printf_longlong_oct &rArr; _printf_int_common &rArr; _printf_post_padding
</UL>
<BR>[Calls]<UL><LI><a href="#[ef]">&gt;&gt;</a>&nbsp;&nbsp;&nbsp;_printf_int_common
</UL>
<BR>[Called By]<UL><LI><a href="#[b9]">&gt;&gt;</a>&nbsp;&nbsp;&nbsp;_printf_ll_oct
<LI><a href="#[b1]">&gt;&gt;</a>&nbsp;&nbsp;&nbsp;_printf_int_oct
</UL>

<P><STRONG><a name="[b1]"></a>_printf_int_oct</STRONG> (Thumb, 24 bytes, Stack size 8 bytes, _printf_oct_int_ll.o(.text))
<BR><BR>[Stack]<UL><LI>Max Depth = 64<LI>Call Chain = _printf_int_oct &rArr; _printf_longlong_oct &rArr; _printf_int_common &rArr; _printf_post_padding
</UL>
<BR>[Calls]<UL><LI><a href="#[f4]">&gt;&gt;</a>&nbsp;&nbsp;&nbsp;_printf_longlong_oct
<LI><a href="#[ee]">&gt;&gt;</a>&nbsp;&nbsp;&nbsp;_printf_truncate_unsigned
</UL>
<BR>[Called By]<UL><LI><a href="#[b0]">&gt;&gt;</a>&nbsp;&nbsp;&nbsp;_printf_o
</UL>

<P><STRONG><a name="[b9]"></a>_printf_ll_oct</STRONG> (Thumb, 12 bytes, Stack size 0 bytes, _printf_oct_int_ll.o(.text))
<BR><BR>[Stack]<UL><LI>Max Depth = 56<LI>Call Chain = _printf_ll_oct &rArr; _printf_longlong_oct &rArr; _printf_int_common &rArr; _printf_post_padding
</UL>
<BR>[Calls]<UL><LI><a href="#[f4]">&gt;&gt;</a>&nbsp;&nbsp;&nbsp;_printf_longlong_oct
</UL>
<BR>[Called By]<UL><LI><a href="#[b8]">&gt;&gt;</a>&nbsp;&nbsp;&nbsp;_printf_llo
</UL>

<P><STRONG><a name="[f5]"></a>_printf_longlong_hex</STRONG> (Thumb, 86 bytes, Stack size 16 bytes, _printf_hex_int_ll_ptr.o(.text))
<BR><BR>[Stack]<UL><LI>Max Depth = 64<LI>Call Chain = _printf_longlong_hex &rArr; _printf_int_common &rArr; _printf_post_padding
</UL>
[...]
<BR>[Called By]<UL><LI><a href="#[a9]">&gt;&gt;</a>&nbsp;&nbsp;&nbsp;_printf_g
<LI><a href="#[a8]">&gt;&gt;</a>&nbsp;&nbsp;&nbsp;_printf_e
<LI><a href="#[a6]">&gt;&gt;</a>&nbsp;&nbsp;&nbsp;_printf_f
</UL>

<P><STRONG><a name="[ab]"></a>_printf_fp_hex</STRONG> (Thumb, 4 bytes, Stack size 0 bytes, printf2.o(x$fpl$printf2))
<BR><BR>[Stack]<UL><LI>Max Depth = 112<LI>Call Chain = _printf_fp_hex &rArr; _printf_fp_hex_real &rArr; _printf_fp_infnan &rArr; _printf_post_padding
</UL>
<BR>[Calls]<UL><LI><a href="#[107]">&gt;&gt;</a>&nbsp;&nbsp;&nbsp;_printf_fp_hex_real
</UL>
<BR>[Called By]<UL><LI><a href="#[aa]">&gt;&gt;</a>&nbsp;&nbsp;&nbsp;_printf_a
</UL>
<P>
<H3>
Local Symbols
</H3>
<P><STRONG><a name="[155]"></a>_ZL12Clock_Configv</STRONG> (Thumb, 184 bytes, Stack size 88 bytes, main.o(.text._ZL12Clock_Configv))
<BR><BR>[Stack]<UL><LI>Max Depth = 200<LI>Call Chain = _ZL12Clock_Configv &rArr; HAL_RCC_ClockConfig &rArr; HAL_InitTick &rArr; HAL_NVIC_SetPriority &rArr; NVIC_EncodePriority
</UL>
<BR>[Calls]<UL><LI><a href="#[157]">&gt;&gt;</a>&nbsp;&nbsp;&nbsp;SystemCoreClockUpdate
<LI><a href="#[13a]">&gt;&gt;</a>&nbsp;&nbsp;&nbsp;HAL_RCC_ClockConfig
<LI><a href="#[13f]">&gt;&gt;</a>&nbsp;&nbsp;&nbsp;HAL_RCC_OscConfig
<LI><a href="#[156]">&gt;&gt;</a>&nbsp;&nbsp;&nbsp;__aeabi_memclr4
</UL>
<BR>[Called By]<UL><LI><a href="#[d7]">&gt;&gt;</a>&nbsp;&nbsp;&nbsp;main
</UL>

<P><STRONG><a name="[158]"></a>_ZL15I2C2_Slave_initv</STRONG> (Thumb, 206 bytes, Stack size 48 bytes, main.o(.text._ZL15I2C2_Slave_initv))
<BR><BR>[Stack]<UL><LI>Max Depth = 120<LI>Call Chain = _ZL15I2C2_Slave_initv &rArr; HAL_I2C_Init &rArr; HAL_RCC_GetPCLK1Freq
</UL>
<BR>[Calls]<UL><LI><a href="#[128]">&gt;&gt;</a>&nbsp;&nbsp;&nbsp;HAL_I2C_Init
<LI><a href="#[159]">&gt;&gt;</a>&nbsp;&nbsp;&nbsp;HAL_GPIO_Init
<LI><a href="#[15a]">&gt;&gt;</a>&nbsp;&nbsp;&nbsp;_ZL16__NVIC_EnableIRQ9IRQn_Type
</UL>
<BR>[Called By]<UL><LI><a href="#[d7]">&gt;&gt;</a>&nbsp;&nbsp;&nbsp;main
</UL>

<P><STRONG><a name="[15b]"></a>_ZL15I2C_obj_triggerv</STRONG> (Thumb, 176 bytes, Stack size 32 bytes, main.o(.text._ZL15I2C_obj_triggerv))
<BR><BR>[Stack]<UL><LI>Max Depth = 168 + Unknown Stack Size
<LI>Call Chain = _ZL15I2C_obj_triggerv &rArr; sprintf &rArr; _printf_char_common &rArr; __printf
</UL>
<BR>[Calls]<UL><LI><a href="#[12b]">&gt;&gt;</a>&nbsp;&nbsp;&nbsp;HAL_I2C_Master_Transmit
<LI><a href="#[de]">&gt;&gt;</a>&nbsp;&nbsp;&nbsp;sprintf
<LI><a href="#[15c]">&gt;&gt;</a>&nbsp;&nbsp;&nbsp;__aeabi_memclr
<LI><a href="#[15d]">&gt;&gt;</a>&nbsp;&nbsp;&nbsp;strlen
</UL>
<BR>[Called By]<UL><LI><a href="#[d7]">&gt;&gt;</a>&nbsp;&nbsp;&nbsp;main
</UL>

<P><STRONG><a name="[15a]"></a>_ZL16__NVIC_EnableIRQ9IRQn_Type</STRONG> (Thumb, 52 bytes, Stack size 4 bytes, main.o(.text._ZL16__NVIC_EnableIRQ9IRQn_Type))
<BR><BR>[Stack]<UL><LI>Max Depth = 4<LI>Call Chain = _ZL16__NVIC_EnableIRQ9IRQn_Type
</UL>
<BR>[Called By]<UL><LI><a href="#[158]">&gt;&gt;</a>&nbsp;&nbsp;&nbsp;_ZL15I2C2_Slave_initv
</UL>

<P><STRONG><a name="[14d]"></a>_ZL18__NVIC_SystemResetv</STRONG> (Thumb, 38 bytes, Stack size 0 bytes, main.o(.text._ZL18__NVIC_SystemResetv))
<BR><BR>[Called By]<UL><LI><a href="#[2]">&gt;&gt;</a>&nbsp;&nbsp;&nbsp;HardFault_Handler
</UL>

<P><STRONG><a name="[9c]"></a>_GLOBAL__sub_I_BASE_COM.cpp</STRONG> (Thumb, 8 bytes, Stack size 8 bytes, base_com.o(.text._GLOBAL__sub_I_BASE_COM.cpp))
<BR><BR>[Stack]<UL><LI>Max Depth = 152<LI>Call Chain = _GLOBAL__sub_I_BASE_COM.cpp &rArr; __cxx_global_var_init &rArr; __cxa_atexit &rArr; __aeabi_atexit &rArr; malloc &rArr; __Heap_Full &rArr; __Heap_ProvideMemory &rArr; free
</UL>
<BR>[Calls]<UL><LI><a href="#[154]">&gt;&gt;</a>&nbsp;&nbsp;&nbsp;__cxx_global_var_init
</UL>
<BR>[Address Reference Count : 1]<UL><LI> base_com.o(.init_array)
</UL>
<P><STRONG><a name="[154]"></a>__cxx_global_var_init</STRONG> (Thumb, 106 bytes, Stack size 72 bytes, base_com.o(.text.__cxx_global_var_init))
<BR><BR>[Stack]<UL><LI>Max Depth = 144<LI>Call Chain = __cxx_global_var_init &rArr; __cxa_atexit &rArr; __aeabi_atexit &rArr; malloc &rArr; __Heap_Full &rArr; __Heap_ProvideMemory &rArr; free
</UL>
<BR>[Calls]<UL><LI><a href="#[e2]">&gt;&gt;</a>&nbsp;&nbsp;&nbsp;__cxa_atexit
</UL>
<BR>[Called By]<UL><LI><a href="#[9c]">&gt;&gt;</a>&nbsp;&nbsp;&nbsp;_GLOBAL__sub_I_BASE_COM.cpp
</UL>

<P><STRONG><a name="[17a]"></a>_ZL16__NVIC_EnableIRQ9IRQn_Type</STRONG> (Thumb, 52 bytes, Stack size 4 bytes, uart_com.o(.text._ZL16__NVIC_EnableIRQ9IRQn_Type))
<BR><BR>[Stack]<UL><LI>Max Depth = 4<LI>Call Chain = _ZL16__NVIC_EnableIRQ9IRQn_Type
</UL>
<BR>[Called By]<UL><LI><a href="#[179]">&gt;&gt;</a>&nbsp;&nbsp;&nbsp;UART_COM::uart_low_level_init(GPIO_TypeDef*)
</UL>

<P><STRONG><a name="[172]"></a>_ZL16__NVIC_EnableIRQ9IRQn_Type</STRONG> (Thumb, 52 bytes, Stack size 4 bytes, i2c_com.o(.text._ZL16__NVIC_EnableIRQ9IRQn_Type))
<BR><BR>[Stack]<UL><LI>Max Depth = 4<LI>Call Chain = _ZL16__NVIC_EnableIRQ9IRQn_Type
</UL>
<BR>[Called By]<UL><LI><a href="#[171]">&gt;&gt;</a>&nbsp;&nbsp;&nbsp;I2C_COM::I2C_low_level_init(GPIO_TypeDef*)
</UL>

<P><STRONG><a name="[16b]"></a>_ZL16__NVIC_EnableIRQ9IRQn_Type</STRONG> (Thumb, 52 bytes, Stack size 4 bytes, can_com.o(.text._ZL16__NVIC_EnableIRQ9IRQn_Type))
<BR><BR>[Stack]<UL><LI>Max Depth = 4<LI>Call Chain = _ZL16__NVIC_EnableIRQ9IRQn_Type
</UL>
<BR>[Called By]<UL><LI><a href="#[169]">&gt;&gt;</a>&nbsp;&nbsp;&nbsp;CAN_COM::CAN_low_level_init(GPIO_TypeDef*)
</UL>

<P><STRONG><a name="[137]"></a>NVIC_EncodePriority</STRONG> (Thumb, 110 bytes, Stack size 32 bytes, stm32f4xx_hal_cortex.o(.text.NVIC_EncodePriority))
<BR><BR>[Stack]<UL><LI>Max Depth = 32<LI>Call Chain = NVIC_EncodePriority
</UL>
<BR>[Called By]<UL><LI><a href="#[135]">&gt;&gt;</a>&nbsp;&nbsp;&nbsp;HAL_NVIC_SetPriority
</UL>

<P><STRONG><a name="[140]"></a>SysTick_Config</STRONG> (Thumb, 82 bytes, Stack size 16 bytes, stm32f4xx_hal_cortex.o(.text.SysTick_Config))
<BR><BR>[Stack]<UL><LI>Max Depth = 24<LI>Call Chain = SysTick_Config &rArr; __NVIC_SetPriority
</UL>
<BR>[Calls]<UL><LI><a href="#[138]">&gt;&gt;</a>&nbsp;&nbsp;&nbsp;__NVIC_SetPriority
</UL>
<BR>[Called By]<UL><LI><a href="#[134]">&gt;&gt;</a>&nbsp;&nbsp;&nbsp;HAL_SYSTICK_Config
</UL>

<P><STRONG><a name="[136]"></a>__NVIC_GetPriorityGrouping</STRONG> (Thumb, 16 bytes, Stack size 0 bytes, stm32f4xx_hal_cortex.o(.text.__NVIC_GetPriorityGrouping))
<BR><BR>[Called By]<UL><LI><a href="#[135]">&gt;&gt;</a>&nbsp;&nbsp;&nbsp;HAL_NVIC_SetPriority
</UL>

<P><STRONG><a name="[138]"></a>__NVIC_SetPriority</STRONG> (Thumb, 68 bytes, Stack size 8 bytes, stm32f4xx_hal_cortex.o(.text.__NVIC_SetPriority))
<BR><BR>[Stack]<UL><LI>Max Depth = 8<LI>Call Chain = __NVIC_SetPriority
</UL>
<BR>[Called By]<UL><LI><a href="#[135]">&gt;&gt;</a>&nbsp;&nbsp;&nbsp;HAL_NVIC_SetPriority
<LI><a href="#[140]">&gt;&gt;</a>&nbsp;&nbsp;&nbsp;SysTick_Config
</UL>

<P><STRONG><a name="[139]"></a>__NVIC_SetPriorityGrouping</STRONG> (Thumb, 60 bytes, Stack size 12 bytes, stm32f4xx_hal_cortex.o(.text.__NVIC_SetPriorityGrouping))
<BR><BR>[Stack]<UL><LI>Max Depth = 12<LI>Call Chain = __NVIC_SetPriorityGrouping
</UL>
<BR>[Called By]<UL><LI><a href="#[131]">&gt;&gt;</a>&nbsp;&nbsp;&nbsp;HAL_NVIC_SetPriorityGrouping
</UL>

<P><STRONG><a name="[119]"></a>I2C_ConvertOtherXferOptions</STRONG> (Thumb, 52 bytes, Stack size 4 bytes, stm32f4xx_hal_i2c.o(.text.I2C_ConvertOtherXferOptions))
<BR><BR>[Stack]<UL><LI>Max Depth = 4<LI>Call Chain = I2C_ConvertOtherXferOptions
</UL>
<BR>[Called By]<UL><LI><a href="#[118]">&gt;&gt;</a>&nbsp;&nbsp;&nbsp;HAL_I2C_EV_IRQHandler
</UL>

<P><STRONG><a name="[80]"></a>I2C_DMAAbort</STRONG> (Thumb, 352 bytes, Stack size 24 bytes, stm32f4xx_hal_i2c.o(.text.I2C_DMAAbort))
<BR><BR>[Stack]<UL><LI>Max Depth = 24<LI>Call Chain = I2C_DMAAbort
</UL>
<BR>[Address Reference Count : 2]<UL><LI> stm32f4xx_hal_i2c.o(.text.I2C_ITError)
<LI> stm32f4xx_hal_i2c.o(.text.I2C_Slave_STOPF)
</UL>
<P><STRONG><a name="[14e]"></a>I2C_ITError</STRONG> (Thumb, 640 bytes, Stack size 24 bytes, stm32f4xx_hal_i2c.o(.text.I2C_ITError))
<BR><BR>[Stack]<UL><LI>Max Depth = 32<LI>Call Chain = I2C_ITError &rArr; HAL_DMA_Abort_IT
</UL>
<BR>[Calls]<UL><LI><a href="#[144]">&gt;&gt;</a>&nbsp;&nbsp;&nbsp;HAL_DMA_Abort_IT
</UL>
<BR>[Called By]<UL><LI><a href="#[123]">&gt;&gt;</a>&nbsp;&nbsp;&nbsp;I2C_Slave_STOPF
</UL>

<P><STRONG><a name="[152]"></a>I2C_IsAcknowledgeFailed</STRONG> (Thumb, 100 bytes, Stack size 8 bytes, stm32f4xx_hal_i2c.o(.text.I2C_IsAcknowledgeFailed))
<BR><BR>[Stack]<UL><LI>Max Depth = 8<LI>Call Chain = I2C_IsAcknowledgeFailed
</UL>
<BR>[Called By]<UL><LI><a href="#[12e]">&gt;&gt;</a>&nbsp;&nbsp;&nbsp;I2C_WaitOnTXEFlagUntilTimeout
<LI><a href="#[12f]">&gt;&gt;</a>&nbsp;&nbsp;&nbsp;I2C_WaitOnBTFFlagUntilTimeout
</UL>

<P><STRONG><a name="[121]"></a>I2C_MasterReceive_BTF</STRONG> (Thumb, 414 bytes, Stack size 16 bytes, stm32f4xx_hal_i2c.o(.text.I2C_MasterReceive_BTF))
<BR><BR>[Stack]<UL><LI>Max Depth = 16<LI>Call Chain = I2C_MasterReceive_BTF
</UL>
<BR>[Called By]<UL><LI><a href="#[118]">&gt;&gt;</a>&nbsp;&nbsp;&nbsp;HAL_I2C_EV_IRQHandler
</UL>

<P><STRONG><a name="[120]"></a>I2C_MasterReceive_RXNE</STRONG> (Thumb, 318 bytes, Stack size 16 bytes, stm32f4xx_hal_i2c.o(.text.I2C_MasterReceive_RXNE))
<BR><BR>[Stack]<UL><LI>Max Depth = 28<LI>Call Chain = I2C_MasterReceive_RXNE &rArr; I2C_WaitOnSTOPRequestThroughIT
</UL>
<BR>[Calls]<UL><LI><a href="#[14f]">&gt;&gt;</a>&nbsp;&nbsp;&nbsp;I2C_WaitOnSTOPRequestThroughIT
</UL>
<BR>[Called By]<UL><LI><a href="#[118]">&gt;&gt;</a>&nbsp;&nbsp;&nbsp;HAL_I2C_EV_IRQHandler
</UL>

<P><STRONG><a name="[12d]"></a>I2C_MasterRequestWrite</STRONG> (Thumb, 282 bytes, Stack size 40 bytes, stm32f4xx_hal_i2c.o(.text.I2C_MasterRequestWrite))
<BR><BR>[Stack]<UL><LI>Max Depth = 72<LI>Call Chain = I2C_MasterRequestWrite &rArr; I2C_WaitOnMasterAddressFlagUntilTimeout
</UL>
<BR>[Calls]<UL><LI><a href="#[150]">&gt;&gt;</a>&nbsp;&nbsp;&nbsp;I2C_WaitOnMasterAddressFlagUntilTimeout
<LI><a href="#[12c]">&gt;&gt;</a>&nbsp;&nbsp;&nbsp;I2C_WaitOnFlagUntilTimeout
</UL>
<BR>[Called By]<UL><LI><a href="#[12b]">&gt;&gt;</a>&nbsp;&nbsp;&nbsp;HAL_I2C_Master_Transmit
</UL>

<P><STRONG><a name="[11e]"></a>I2C_MasterTransmit_BTF</STRONG> (Thumb, 224 bytes, Stack size 16 bytes, stm32f4xx_hal_i2c.o(.text.I2C_MasterTransmit_BTF))
<BR><BR>[Stack]<UL><LI>Max Depth = 16<LI>Call Chain = I2C_MasterTransmit_BTF
</UL>
<BR>[Called By]<UL><LI><a href="#[118]">&gt;&gt;</a>&nbsp;&nbsp;&nbsp;HAL_I2C_EV_IRQHandler
</UL>

<P><STRONG><a name="[11d]"></a>I2C_MasterTransmit_TXE</STRONG> (Thumb, 320 bytes, Stack size 24 bytes, stm32f4xx_hal_i2c.o(.text.I2C_MasterTransmit_TXE))
<BR><BR>[Stack]<UL><LI>Max Depth = 40<LI>Call Chain = I2C_MasterTransmit_TXE &rArr; I2C_MemoryTransmit_TXE_BTF
</UL>
<BR>[Calls]<UL><LI><a href="#[11f]">&gt;&gt;</a>&nbsp;&nbsp;&nbsp;I2C_MemoryTransmit_TXE_BTF
</UL>
<BR>[Called By]<UL><LI><a href="#[118]">&gt;&gt;</a>&nbsp;&nbsp;&nbsp;HAL_I2C_EV_IRQHandler
</UL>

<P><STRONG><a name="[11b]"></a>I2C_Master_ADD10</STRONG> (Thumb, 78 bytes, Stack size 4 bytes, stm32f4xx_hal_i2c.o(.text.I2C_Master_ADD10))
<BR><BR>[Stack]<UL><LI>Max Depth = 4<LI>Call Chain = I2C_Master_ADD10
</UL>
<BR>[Called By]<UL><LI><a href="#[118]">&gt;&gt;</a>&nbsp;&nbsp;&nbsp;HAL_I2C_EV_IRQHandler
</UL>

<P><STRONG><a name="[11c]"></a>I2C_Master_ADDR</STRONG> (Thumb, 836 bytes, Stack size 56 bytes, stm32f4xx_hal_i2c.o(.text.I2C_Master_ADDR))
<BR><BR>[Stack]<UL><LI>Max Depth = 56<LI>Call Chain = I2C_Master_ADDR
</UL>
<BR>[Called By]<UL><LI><a href="#[118]">&gt;&gt;</a>&nbsp;&nbsp;&nbsp;HAL_I2C_EV_IRQHandler
</UL>

<P><STRONG><a name="[11a]"></a>I2C_Master_SB</STRONG> (Thumb, 252 bytes, Stack size 4 bytes, stm32f4xx_hal_i2c.o(.text.I2C_Master_SB))
<BR><BR>[Stack]<UL><LI>Max Depth = 4<LI>Call Chain = I2C_Master_SB
</UL>
<BR>[Called By]<UL><LI><a href="#[118]">&gt;&gt;</a>&nbsp;&nbsp;&nbsp;HAL_I2C_EV_IRQHandler
</UL>

<P><STRONG><a name="[11f]"></a>I2C_MemoryTransmit_TXE_BTF</STRONG> (Thumb, 296 bytes, Stack size 16 bytes, stm32f4xx_hal_i2c.o(.text.I2C_MemoryTransmit_TXE_BTF))
<BR><BR>[Stack]<UL><LI>Max Depth = 16<LI>Call Chain = I2C_MemoryTransmit_TXE_BTF
</UL>
<BR>[Called By]<UL><LI><a href="#[118]">&gt;&gt;</a>&nbsp;&nbsp;&nbsp;HAL_I2C_EV_IRQHandler
<LI><a href="#[11d]">&gt;&gt;</a>&nbsp;&nbsp;&nbsp;I2C_MasterTransmit_TXE
</UL>

<P><STRONG><a name="[127]"></a>I2C_SlaveReceive_BTF</STRONG> (Thumb, 48 bytes, Stack size 4 bytes, stm32f4xx_hal_i2c.o(.text.I2C_SlaveReceive_BTF))
<BR><BR>[Stack]<UL><LI>Max Depth = 4<LI>Call Chain = I2C_SlaveReceive_BTF
</UL>
<BR>[Called By]<UL><LI><a href="#[118]">&gt;&gt;</a>&nbsp;&nbsp;&nbsp;HAL_I2C_EV_IRQHandler
</UL>

<P><STRONG><a name="[126]"></a>I2C_SlaveReceive_RXNE</STRONG> (Thumb, 114 bytes, Stack size 16 bytes, stm32f4xx_hal_i2c.o(.text.I2C_SlaveReceive_RXNE))
<BR><BR>[Stack]<UL><LI>Max Depth = 16<LI>Call Chain = I2C_SlaveReceive_RXNE
</UL>
<BR>[Called By]<UL><LI><a href="#[118]">&gt;&gt;</a>&nbsp;&nbsp;&nbsp;HAL_I2C_EV_IRQHandler
</UL>

<P><STRONG><a name="[125]"></a>I2C_SlaveTransmit_BTF</STRONG> (Thumb, 46 bytes, Stack size 4 bytes, stm32f4xx_hal_i2c.o(.text.I2C_SlaveTransmit_BTF))
<BR><BR>[Stack]<UL><LI>Max Depth = 4<LI>Call Chain = I2C_SlaveTransmit_BTF
</UL>
<BR>[Called By]<UL><LI><a href="#[118]">&gt;&gt;</a>&nbsp;&nbsp;&nbsp;HAL_I2C_EV_IRQHandler
</UL>

<P><STRONG><a name="[124]"></a>I2C_SlaveTransmit_TXE</STRONG> (Thumb, 112 bytes, Stack size 16 bytes, stm32f4xx_hal_i2c.o(.text.I2C_SlaveTransmit_TXE))
<BR><BR>[Stack]<UL><LI>Max Depth = 16<LI>Call Chain = I2C_SlaveTransmit_TXE
</UL>
<BR>[Called By]<UL><LI><a href="#[118]">&gt;&gt;</a>&nbsp;&nbsp;&nbsp;HAL_I2C_EV_IRQHandler
</UL>

<P><STRONG><a name="[122]"></a>I2C_Slave_ADDR</STRONG> (Thumb, 182 bytes, Stack size 32 bytes, stm32f4xx_hal_i2c.o(.text.I2C_Slave_ADDR))
<BR><BR>[Stack]<UL><LI>Max Depth = 32<LI>Call Chain = I2C_Slave_ADDR
</UL>
<BR>[Called By]<UL><LI><a href="#[118]">&gt;&gt;</a>&nbsp;&nbsp;&nbsp;HAL_I2C_EV_IRQHandler
</UL>

<P><STRONG><a name="[123]"></a>I2C_Slave_STOPF</STRONG> (Thumb, 600 bytes, Stack size 24 bytes, stm32f4xx_hal_i2c.o(.text.I2C_Slave_STOPF))
<BR><BR>[Stack]<UL><LI>Max Depth = 56<LI>Call Chain = I2C_Slave_STOPF &rArr; I2C_ITError &rArr; HAL_DMA_Abort_IT
</UL>
<BR>[Calls]<UL><LI><a href="#[14e]">&gt;&gt;</a>&nbsp;&nbsp;&nbsp;I2C_ITError
<LI><a href="#[151]">&gt;&gt;</a>&nbsp;&nbsp;&nbsp;HAL_DMA_GetState
<LI><a href="#[144]">&gt;&gt;</a>&nbsp;&nbsp;&nbsp;HAL_DMA_Abort_IT
</UL>
<BR>[Called By]<UL><LI><a href="#[118]">&gt;&gt;</a>&nbsp;&nbsp;&nbsp;HAL_I2C_EV_IRQHandler
</UL>

<P><STRONG><a name="[12f]"></a>I2C_WaitOnBTFFlagUntilTimeout</STRONG> (Thumb, 156 bytes, Stack size 24 bytes, stm32f4xx_hal_i2c.o(.text.I2C_WaitOnBTFFlagUntilTimeout))
<BR><BR>[Stack]<UL><LI>Max Depth = 32<LI>Call Chain = I2C_WaitOnBTFFlagUntilTimeout &rArr; I2C_IsAcknowledgeFailed
</UL>
<BR>[Calls]<UL><LI><a href="#[114]">&gt;&gt;</a>&nbsp;&nbsp;&nbsp;HAL_GetTick
<LI><a href="#[152]">&gt;&gt;</a>&nbsp;&nbsp;&nbsp;I2C_IsAcknowledgeFailed
</UL>
<BR>[Called By]<UL><LI><a href="#[12b]">&gt;&gt;</a>&nbsp;&nbsp;&nbsp;HAL_I2C_Master_Transmit
</UL>

<P><STRONG><a name="[12c]"></a>I2C_WaitOnFlagUntilTimeout</STRONG> (Thumb, 196 bytes, Stack size 32 bytes, stm32f4xx_hal_i2c.o(.text.I2C_WaitOnFlagUntilTimeout))
<BR><BR>[Stack]<UL><LI>Max Depth = 32<LI>Call Chain = I2C_WaitOnFlagUntilTimeout
</UL>
<BR>[Calls]<UL><LI><a href="#[114]">&gt;&gt;</a>&nbsp;&nbsp;&nbsp;HAL_GetTick
</UL>
<BR>[Called By]<UL><LI><a href="#[12b]">&gt;&gt;</a>&nbsp;&nbsp;&nbsp;HAL_I2C_Master_Transmit
<LI><a href="#[12d]">&gt;&gt;</a>&nbsp;&nbsp;&nbsp;I2C_MasterRequestWrite
</UL>

<P><STRONG><a name="[150]"></a>I2C_WaitOnMasterAddressFlagUntilTimeout</STRONG> (Thumb, 276 bytes, Stack size 32 bytes, stm32f4xx_hal_i2c.o(.text.I2C_WaitOnMasterAddressFlagUntilTimeout))
<BR><BR>[Stack]<UL><LI>Max Depth = 32<LI>Call Chain = I2C_WaitOnMasterAddressFlagUntilTimeout
</UL>
<BR>[Calls]<UL><LI><a href="#[114]">&gt;&gt;</a>&nbsp;&nbsp;&nbsp;HAL_GetTick
</UL>
<BR>[Called By]<UL><LI><a href="#[12d]">&gt;&gt;</a>&nbsp;&nbsp;&nbsp;I2C_MasterRequestWrite
</UL>

<P><STRONG><a name="[14f]"></a>I2C_WaitOnSTOPRequestThroughIT</STRONG> (Thumb, 122 bytes, Stack size 12 bytes, stm32f4xx_hal_i2c.o(.text.I2C_WaitOnSTOPRequestThroughIT))
<BR><BR>[Stack]<UL><LI>Max Depth = 12<LI>Call Chain = I2C_WaitOnSTOPRequestThroughIT
</UL>
<BR>[Called By]<UL><LI><a href="#[120]">&gt;&gt;</a>&nbsp;&nbsp;&nbsp;I2C_MasterReceive_RXNE
</UL>

<P><STRONG><a name="[12e]"></a>I2C_WaitOnTXEFlagUntilTimeout</STRONG> (Thumb, 154 bytes, Stack size 24 bytes, stm32f4xx_hal_i2c.o(.text.I2C_WaitOnTXEFlagUntilTimeout))
<BR><BR>[Stack]<UL><LI>Max Depth = 32<LI>Call Chain = I2C_WaitOnTXEFlagUntilTimeout &rArr; I2C_IsAcknowledgeFailed
</UL>
<BR>[Calls]<UL><LI><a href="#[114]">&gt;&gt;</a>&nbsp;&nbsp;&nbsp;HAL_GetTick
<LI><a href="#[152]">&gt;&gt;</a>&nbsp;&nbsp;&nbsp;I2C_IsAcknowledgeFailed
</UL>
<BR>[Called By]<UL><LI><a href="#[12b]">&gt;&gt;</a>&nbsp;&nbsp;&nbsp;HAL_I2C_Master_Transmit
</UL>

<P><STRONG><a name="[7e]"></a>UART_DMAAbortOnError</STRONG> (Thumb, 32 bytes, Stack size 16 bytes, stm32f4xx_hal_uart.o(.text.UART_DMAAbortOnError))
<BR><BR>[Stack]<UL><LI>Max Depth = 16<LI>Call Chain = UART_DMAAbortOnError
</UL>
<BR>[Address Reference Count : 1]<UL><LI> stm32f4xx_hal_uart.o(.text.HAL_UART_IRQHandler)
</UL>
<P><STRONG><a name="[143]"></a>UART_EndRxTransfer</STRONG> (Thumb, 148 bytes, Stack size 16 bytes, stm32f4xx_hal_uart.o(.text.UART_EndRxTransfer))
<BR><BR>[Stack]<UL><LI>Max Depth = 16<LI>Call Chain = UART_EndRxTransfer
</UL>
<BR>[Called By]<UL><LI><a href="#[141]">&gt;&gt;</a>&nbsp;&nbsp;&nbsp;HAL_UART_IRQHandler
</UL>

<P><STRONG><a name="[146]"></a>UART_EndTransmit_IT</STRONG> (Thumb, 38 bytes, Stack size 16 bytes, stm32f4xx_hal_uart.o(.text.UART_EndTransmit_IT))
<BR><BR>[Stack]<UL><LI>Max Depth = 16<LI>Call Chain = UART_EndTransmit_IT
</UL>
<BR>[Called By]<UL><LI><a href="#[141]">&gt;&gt;</a>&nbsp;&nbsp;&nbsp;HAL_UART_IRQHandler
</UL>

<P><STRONG><a name="[142]"></a>UART_Receive_IT</STRONG> (Thumb, 368 bytes, Stack size 40 bytes, stm32f4xx_hal_uart.o(.text.UART_Receive_IT))
<BR><BR>[Stack]<UL><LI>Max Depth = 40<LI>Call Chain = UART_Receive_IT
</UL>
<BR>[Called By]<UL><LI><a href="#[141]">&gt;&gt;</a>&nbsp;&nbsp;&nbsp;HAL_UART_IRQHandler
</UL>

<P><STRONG><a name="[149]"></a>UART_SetConfig</STRONG> (Thumb, 342 bytes, Stack size 40 bytes, stm32f4xx_hal_uart.o(.text.UART_SetConfig))
<BR><BR>[Stack]<UL><LI>Max Depth = 88<LI>Call Chain = UART_SetConfig &rArr; __aeabi_uldivmod
</UL>
<BR>[Calls]<UL><LI><a href="#[13d]">&gt;&gt;</a>&nbsp;&nbsp;&nbsp;HAL_RCC_GetPCLK2Freq
<LI><a href="#[129]">&gt;&gt;</a>&nbsp;&nbsp;&nbsp;HAL_RCC_GetPCLK1Freq
<LI><a href="#[13e]">&gt;&gt;</a>&nbsp;&nbsp;&nbsp;__aeabi_uldivmod
</UL>
<BR>[Called By]<UL><LI><a href="#[147]">&gt;&gt;</a>&nbsp;&nbsp;&nbsp;HAL_UART_Init
</UL>

<P><STRONG><a name="[145]"></a>UART_Transmit_IT</STRONG> (Thumb, 152 bytes, Stack size 12 bytes, stm32f4xx_hal_uart.o(.text.UART_Transmit_IT))
<BR><BR>[Stack]<UL><LI>Max Depth = 12<LI>Call Chain = UART_Transmit_IT
</UL>
<BR>[Called By]<UL><LI><a href="#[141]">&gt;&gt;</a>&nbsp;&nbsp;&nbsp;HAL_UART_IRQHandler
</UL>

<P><STRONG><a name="[63]"></a>_printf_input_char</STRONG> (Thumb, 10 bytes, Stack size 0 bytes, _printf_char_common.o(.text))
<BR>[Address Reference Count : 1]<UL><LI> _printf_char_common.o(.text)
</UL>
<P><STRONG><a name="[ff]"></a>_fp_digits</STRONG> (Thumb, 432 bytes, Stack size 96 bytes, _printf_fp_dec.o(.text))
<BR><BR>[Stack]<UL><LI>Max Depth = 220<LI>Call Chain = _fp_digits &rArr; _btod_etento &rArr; _btod_emul &rArr; _e2e
</UL>
<BR>[Calls]<UL><LI><a href="#[f3]">&gt;&gt;</a>&nbsp;&nbsp;&nbsp;_ll_udiv10
<LI><a href="#[103]">&gt;&gt;</a>&nbsp;&nbsp;&nbsp;_btod_emul
<LI><a href="#[102]">&gt;&gt;</a>&nbsp;&nbsp;&nbsp;_btod_ediv
<LI><a href="#[101]">&gt;&gt;</a>&nbsp;&nbsp;&nbsp;_btod_d2e
<LI><a href="#[100]">&gt;&gt;</a>&nbsp;&nbsp;&nbsp;_btod_etento
</UL>
<BR>[Called By]<UL><LI><a href="#[104]">&gt;&gt;</a>&nbsp;&nbsp;&nbsp;_printf_fp_dec_real
</UL>
<P>
<H3>
Undefined Global Symbols
</H3><HR></body></html>
