Component: ARM Compiler 6.13.1 Tool: armlink [5d895400]

==============================================================================

Section Cross References

    main.o(.text.__cxx_global_var_init) refers to main.o(.bss.My_UART4) for My_UART4
    main.o(.text.__cxx_global_var_init) refers to uart_com.o(.text._ZN8UART_COMC2EjP13USART_TypeDefP12GPIO_TypeDefjjh) for UART_COM::UART_COM(unsigned, USART_TypeDef*, GPIO_TypeDef*, unsigned, unsigned, unsigned char)
    main.o(.text.__cxx_global_var_init) refers to uart_com.o(.text._ZN8UART_COMD2Ev) for UART_COM::~UART_COM()
    main.o(.text.__cxx_global_var_init) refers to cxa_atexit.o(.text) for __cxa_atexit
    main.o(.ARM.exidx.text.__cxx_global_var_init) refers to main.o(.text.__cxx_global_var_init) for [Anonymous Symbol]
    main.o(.text.__cxx_global_var_init.1) refers to main.o(.bss.My_UART5) for My_UART5
    main.o(.text.__cxx_global_var_init.1) refers to uart_com.o(.text._ZN8UART_COMC2EjP13USART_TypeDefP12GPIO_TypeDefjjh) for UART_COM::UART_COM(unsigned, USART_TypeDef*, GPIO_TypeDef*, unsigned, unsigned, unsigned char)
    main.o(.text.__cxx_global_var_init.1) refers to uart_com.o(.text._ZN8UART_COMD2Ev) for UART_COM::~UART_COM()
    main.o(.text.__cxx_global_var_init.1) refers to cxa_atexit.o(.text) for __cxa_atexit
    main.o(.ARM.exidx.text.__cxx_global_var_init.1) refers to main.o(.text.__cxx_global_var_init.1) for [Anonymous Symbol]
    main.o(.text.__cxx_global_var_init.2) refers to main.o(.bss.My_I2C1) for My_I2C1
    main.o(.text.__cxx_global_var_init.2) refers to i2c_com.o(.text._ZN7I2C_COMC2EjjtP11I2C_TypeDefP12GPIO_TypeDefjjj) for I2C_COM::I2C_COM(unsigned, unsigned, unsigned short, I2C_TypeDef*, GPIO_TypeDef*, unsigned, unsigned, unsigned)
    main.o(.text.__cxx_global_var_init.2) refers to i2c_com.o(.text._ZN7I2C_COMD2Ev) for I2C_COM::~I2C_COM()
    main.o(.text.__cxx_global_var_init.2) refers to cxa_atexit.o(.text) for __cxa_atexit
    main.o(.ARM.exidx.text.__cxx_global_var_init.2) refers to main.o(.text.__cxx_global_var_init.2) for [Anonymous Symbol]
    main.o(.text.main) refers to stm32f4xx_hal.o(.text.HAL_Init) for HAL_Init
    main.o(.text.main) refers to stm32f4xx_hal.o(.text.HAL_InitTick) for HAL_InitTick
    main.o(.text.main) refers to main.o(.text._ZL15I2C2_Slave_initv) for _ZL15I2C2_Slave_initv
    main.o(.text.main) refers to main.o(.text._ZL12Clock_Configv) for _ZL12Clock_Configv
    main.o(.text.main) refers to main.o(.bss.My_UART5) for My_UART5
    main.o(.text.main) refers to main.o(.bss.My_UART4) for My_UART4
    main.o(.text.main) refers to observer_pattern.o(.text._ZN7subject7attatchEP10BASE_COM_tS1_) for subject::attatch(BASE_COM_t*, BASE_COM_t*)
    main.o(.text.main) refers to main.o(.text._ZNSt3__16vectorIP11send_handleNS_9allocatorIS2_EEE21_ConstructTransactionC2ERS5_j) for std::__1::vector<send_handle*, std::__1::allocator<send_handle*>>::_ConstructTransaction::_ConstructTransaction__sub_object(std::__1::vector<send_handle*, std::__1::allocator<send_handle*>>&, unsigned)
    main.o(.text.main) refers to main.o(.text._ZNSt3__16vectorIP11send_handleNS_9allocatorIS2_EEE21_ConstructTransactionD2Ev) for std::__1::vector<send_handle*, std::__1::allocator<send_handle*>>::_ConstructTransaction::~_ConstructTransaction__sub_object()
    main.o(.text.main) refers to main.o(.text._ZNKSt3__16vectorIP11send_handleNS_9allocatorIS2_EEE8max_sizeEv) for std::__1::vector<send_handle*, std::__1::allocator<send_handle*>>::max_size() const
    main.o(.text.main) refers to vector.cpp.o(.text._ZNKSt3__120__vector_base_commonILb1EE20__throw_length_errorEv) for std::__1::__vector_base_common<(bool)1>::__throw_length_error() const
    main.o(.text.main) refers to main.o(.text._ZNSt3__114__split_bufferIP11send_handleRNS_9allocatorIS2_EEEC2EjjS5_) for std::__1::__split_buffer<send_handle*, std::__1::allocator<send_handle*>&>::__split_buffer__sub_object(unsigned, unsigned, std::__1::allocator<send_handle*>&)
    main.o(.text.main) refers to main.o(.text._ZNSt3__16vectorIP11send_handleNS_9allocatorIS2_EEE26__swap_out_circular_bufferERNS_14__split_bufferIS2_RS4_EE) for std::__1::vector<send_handle*, std::__1::allocator<send_handle*>>::__swap_out_circular_buffer(std::__1::__split_buffer<send_handle*, std::__1::allocator<send_handle*>&>&)
    main.o(.text.main) refers to main.o(.text._ZNSt3__114__split_bufferIP11send_handleRNS_9allocatorIS2_EEED2Ev) for std::__1::__split_buffer<send_handle*, std::__1::allocator<send_handle*>&>::~__split_buffer__sub_object()
    main.o(.text.main) refers to main.o(.bss.My_I2C1) for My_I2C1
    main.o(.text.main) refers to base_com.o(.text._ZN10BASE_COM_t4pollEv) for BASE_COM_t::poll()
    main.o(.text.main) refers to stm32f4xx_hal.o(.text.HAL_Delay) for HAL_Delay
    main.o(.text.main) refers to main.o(.bss.I2C_send_trigger) for I2C_send_trigger
    main.o(.text.main) refers to main.o(.bss.generic_buffer) for generic_buffer
    main.o(.text.main) refers to rt_memclr.o(.text) for __aeabi_memclr
[...]
    EXTI4_IRQHandler                         0x08000347   Thumb Code     0  startup_stm32f446xx.o(.text)
    EXTI9_5_IRQHandler                       0x08000347   Thumb Code     0  startup_stm32f446xx.o(.text)
    FLASH_IRQHandler                         0x08000347   Thumb Code     0  startup_stm32f446xx.o(.text)
    FMC_IRQHandler                           0x08000347   Thumb Code     0  startup_stm32f446xx.o(.text)
    FMPI2C1_ER_IRQHandler                    0x08000347   Thumb Code     0  startup_stm32f446xx.o(.text)
    FMPI2C1_EV_IRQHandler                    0x08000347   Thumb Code     0  startup_stm32f446xx.o(.text)
    FPU_IRQHandler                           0x08000347   Thumb Code     0  startup_stm32f446xx.o(.text)
    I2C1_ER_IRQHandler                       0x08000347   Thumb Code     0  startup_stm32f446xx.o(.text)
    I2C2_ER_IRQHandler                       0x08000347   Thumb Code     0  startup_stm32f446xx.o(.text)
    I2C3_ER_IRQHandler                       0x08000347   Thumb Code     0  startup_stm32f446xx.o(.text)
    I2C3_EV_IRQHandler                       0x08000347   Thumb Code     0  startup_stm32f446xx.o(.text)
    OTG_FS_IRQHandler                        0x08000347   Thumb Code     0  startup_stm32f446xx.o(.text)
    OTG_FS_WKUP_IRQHandler                   0x08000347   Thumb Code     0  startup_stm32f446xx.o(.text)
    OTG_HS_EP1_IN_IRQHandler                 0x08000347   Thumb Code     0  startup_stm32f446xx.o(.text)
    OTG_HS_EP1_OUT_IRQHandler                0x08000347   Thumb Code     0  startup_stm32f446xx.o(.text)
    OTG_HS_IRQHandler                        0x08000347   Thumb Code     0  startup_stm32f446xx.o(.text)
    OTG_HS_WKUP_IRQHandler                   0x08000347   Thumb Code     0  startup_stm32f446xx.o(.text)
    PVD_IRQHandler                           0x08000347   Thumb Code     0  startup_stm32f446xx.o(.text)
    QUADSPI_IRQHandler                       0x08000347   Thumb Code     0  startup_stm32f446xx.o(.text)
    RCC_IRQHandler                           0x08000347   Thumb Code     0  startup_stm32f446xx.o(.text)
    RTC_Alarm_IRQHandler                     0x08000347   Thumb Code     0  startup_stm32f446xx.o(.text)
    RTC_WKUP_IRQHandler                      0x08000347   Thumb Code     0  startup_stm32f446xx.o(.text)
    SAI1_IRQHandler                          0x08000347   Thumb Code     0  startup_stm32f446xx.o(.text)
    SAI2_IRQHandler                          0x08000347   Thumb Code     0  startup_stm32f446xx.o(.text)
    SDIO_IRQHandler                          0x08000347   Thumb Code     0  startup_stm32f446xx.o(.text)
    SPDIF_RX_IRQHandler                      0x08000347   Thumb Code     0  startup_stm32f446xx.o(.text)
    SPI1_IRQHandler                          0x08000347   Thumb Code     0  startup_stm32f446xx.o(.text)
    SPI2_IRQHandler                          0x08000347   Thumb Code     0  startup_stm32f446xx.o(.text)
    SPI3_IRQHandler                          0x08000347   Thumb Code     0  startup_stm32f446xx.o(.text)
    SPI4_IRQHandler                          0x08000347   Thumb Code     0  startup_stm32f446xx.o(.text)
    TAMP_STAMP_IRQHandler                    0x08000347   Thumb Code     0  startup_stm32f446xx.o(.text)
    TIM1_BRK_TIM9_IRQHandler                 0x08000347   Thumb Code     0  startup_stm32f446xx.o(.text)
    TIM1_CC_IRQHandler                       0x08000347   Thumb Code     0  startup_stm32f446xx.o(.text)
    TIM1_TRG_COM_TIM11_IRQHandler            0x08000347   Thumb Code     0  startup_stm32f446xx.o(.text)
    TIM1_UP_TIM10_IRQHandler                 0x08000347   Thumb Code     0  startup_stm32f446xx.o(.text)
    TIM2_IRQHandler                          0x08000347   Thumb Code     0  startup_stm32f446xx.o(.text)
    TIM3_IRQHandler                          0x08000347   Thumb Code     0  startup_stm32f446xx.o(.text)
    TIM4_IRQHandler                          0x08000347   Thumb Code     0  startup_stm32f446xx.o(.text)
    TIM5_IRQHandler                          0x08000347   Thumb Code     0  startup_stm32f446xx.o(.text)
    TIM6_DAC_IRQHandler                      0x08000347   Thumb Code     0  startup_stm32f446xx.o(.text)
    TIM7_IRQHandler                          0x08000347   Thumb Code     0  startup_stm32f446xx.o(.text)
    TIM8_BRK_TIM12_IRQHandler                0x08000347   Thumb Code     0  startup_stm32f446xx.o(.text)
    TIM8_CC_IRQHandler                       0x08000347   Thumb Code     0  startup_stm32f446xx.o(.text)
    TIM8_TRG_COM_TIM14_IRQHandler            0x08000347   Thumb Code     0  startup_stm32f446xx.o(.text)
    TIM8_UP_TIM13_IRQHandler                 0x08000347   Thumb Code     0  startup_stm32f446xx.o(.text)
    USART1_IRQHandler                        0x08000347   Thumb Code     0  startup_stm32f446xx.o(.text)
    USART2_IRQHandler                        0x08000347   Thumb Code     0  startup_stm32f446xx.o(.text)
    USART3_IRQHandler                        0x08000347   Thumb Code     0  startup_stm32f446xx.o(.text)
    USART6_IRQHandler                        0x08000347   Thumb Code     0  startup_stm32f446xx.o(.text)
    WWDG_IRQHandler                          0x08000347   Thumb Code     0  startup_stm32f446xx.o(.text)
    __user_initial_stackheap                 0x08000349   Thumb Code     0  startup_stm32f446xx.o(.text)
    __aeabi_uldivmod                         0x0800036d   Thumb Code     0  lludivv7m.o(.text)
    _ll_udiv                                 0x0800036d   Thumb Code   240  lludivv7m.o(.text)
    sprintf                                  0x0800045d   Thumb Code    38  sprintf.o(.text)
    abort                                    0x08000489   Thumb Code    22  abort.o(.text)
    __cxa_atexit                             0x0800049f   Thumb Code    10  cxa_atexit.o(.text)
    strlen                                   0x080004a9   Thumb Code    62  strlen.o(.text)
    __aeabi_memcpy4                          0x080004e7   Thumb Code     0  rt_memcpy_w.o(.text)
    __aeabi_memcpy8                          0x080004e7   Thumb Code     0  rt_memcpy_w.o(.text)
    __rt_memcpy_w                            0x080004e7   Thumb Code   100  rt_memcpy_w.o(.text)
    _memcpy_lastbytes_aligned                0x0800052f   Thumb Code     0  rt_memcpy_w.o(.text)
    __aeabi_memclr                           0x0800054b   Thumb Code     0  rt_memclr.o(.text)
    __rt_memclr                              0x0800054b   Thumb Code    68  rt_memclr.o(.text)
    _memset                                  0x0800054f   Thumb Code     0  rt_memclr.o(.text)
    __aeabi_memclr4                          0x0800058f   Thumb Code     0  rt_memclr_w.o(.text)
    __aeabi_memclr8                          0x0800058f   Thumb Code     0  rt_memclr_w.o(.text)
    __rt_memclr_w                            0x0800058f   Thumb Code    78  rt_memclr_w.o(.text)
    _memset_w                                0x08000593   Thumb Code     0  rt_memclr_w.o(.text)
    __use_two_region_memory                  0x080005dd   Thumb Code     2  heapauxi.o(.text)
    __rt_heap_escrow                         0x080005df   Thumb Code     2  heapauxi.o(.text)
    __rt_heap_expand                         0x080005e1   Thumb Code     2  heapauxi.o(.text)
    __cpp_initialize__aeabi_                 0x080005e5   Thumb Code    28  init_aeabi.o(.text)
    _sys_exit                                0x08000609   Thumb Code     8  sys_exit.o(.text)
    malloc                                   0x08000615   Thumb Code    94  h1_alloc.o(.text)
    free                                     0x08000673   Thumb Code    78  h1_free.o(.text)
    _printf_pre_padding                      0x080006c1   Thumb Code    44  _printf_pad.o(.text)
    _printf_post_padding                     0x080006ed   Thumb Code    34  _printf_pad.o(.text)
    _printf_truncate_signed                  0x0800070f   Thumb Code    18  _printf_truncate.o(.text)
    _printf_truncate_unsigned                0x08000721   Thumb Code    18  _printf_truncate.o(.text)
    _printf_str                              0x08000733   Thumb Code    82  _printf_str.o(.text)
    _printf_int_dec                          0x08000785   Thumb Code   104  _printf_dec.o(.text)
    _printf_charcount                        0x080007fd   Thumb Code    40  _printf_charcount.o(.text)
    _printf_char_common                      0x0800082f   Thumb Code    32  _printf_char_common.o(.text)
    _sputc                                   0x08000855   Thumb Code    10  _sputc.o(.text)
    _printf_wctomb                           0x08000861   Thumb Code   182  _printf_wctomb.o(.text)
    _printf_longlong_dec                     0x0800091d   Thumb Code   108  _printf_longlong_dec.o(.text)
    _printf_longlong_oct                     0x08000999   Thumb Code    68  _printf_oct_int_ll.o(.text)
    _printf_int_oct                          0x080009dd   Thumb Code    24  _printf_oct_int_ll.o(.text)
    _printf_ll_oct                           0x080009f5   Thumb Code    12  _printf_oct_int_ll.o(.text)
    _printf_longlong_hex                     0x08000a09   Thumb Code    86  _printf_hex_int_ll_ptr.o(.text)
    _printf_int_hex                          0x08000a5f   Thumb Code    28  _printf_hex_int_ll_ptr.o(.text)
    _printf_ll_hex                           0x08000a7b   Thumb Code    12  _printf_hex_int_ll_ptr.o(.text)
    _printf_hex_ptr                          0x08000a87   Thumb Code    18  _printf_hex_int_ll_ptr.o(.text)
    __printf                                 0x08000a9d   Thumb Code   388  __printf_flags_ss_wp.o(.text)
    __aeabi_atexit                           0x08000c25   Thumb Code    46  aeabi_atexit.o(.text)
    __rt_SIGABRT                             0x08000c53   Thumb Code    14  defsig_abrt_outer.o(.text)
    __I$use$semihosting                      0x08000c61   Thumb Code     0  use_no_semi.o(.text)
    __use_no_semihosting_swi                 0x08000c61   Thumb Code     2  use_no_semi.o(.text)
    __semihosting_library_function           0x08000c63   Thumb Code     0  indicate_semi.o(.text)
    __rt_heap_descriptor                     0x08000c65   Thumb Code     8  rt_heap_descriptor_intlibspace.o(.text)
    __rt_ddtor_pointer_addr                  0x08000c6d   Thumb Code     8  rt_ddtor_pointer_addr_intlibspace.o(.text)
    __use_no_heap                            0x08000c75   Thumb Code     2  hguard.o(.text)
    __heap$guard                             0x08000c77   Thumb Code     2  hguard.o(.text)
    _terminate_user_alloc                    0x08000c79   Thumb Code     2  init_alloc.o(.text)
    _init_user_alloc                         0x08000c7b   Thumb Code     2  init_alloc.o(.text)
    __Heap_Full                              0x08000c7d   Thumb Code    34  init_alloc.o(.text)
    __Heap_Broken                            0x08000c9f   Thumb Code     6  init_alloc.o(.text)
    _init_alloc                              0x08000ca5   Thumb Code    94  init_alloc.o(.text)
    __Heap_Initialize                        0x08000d03   Thumb Code    10  h1_init.o(.text)
    __Heap_DescSize                          0x08000d0d   Thumb Code     4  h1_init.o(.text)
    _ll_udiv10                               0x08000d11   Thumb Code   138  lludiv10.o(.text)
    _printf_int_common                       0x08000d9b   Thumb Code   178  _printf_intcommon.o(.text)
    _printf_fp_dec_real                      0x08000ffd   Thumb Code   620  _printf_fp_dec.o(.text)
    _printf_fp_hex_real                      0x08001269   Thumb Code   756  _printf_fp_hex.o(.text)
    _printf_cs_common                        0x08001565   Thumb Code    20  _printf_char.o(.text)
    _printf_char                             0x08001579   Thumb Code    16  _printf_char.o(.text)
    _printf_string                           0x08001589   Thumb Code     8  _printf_char.o(.text)
    _printf_lcs_common                       0x08001591   Thumb Code    20  _printf_wchar.o(.text)
    _printf_wchar                            0x080015a5   Thumb Code    16  _printf_wchar.o(.text)
    _printf_wstring                          0x080015b5   Thumb Code     8  _printf_wchar.o(.text)
    _c16rtomb                                0x080015bd   Thumb Code    72  _c16rtomb.o(.text)
    _wcrtomb                                 0x080015bd   Thumb Code     0  _c16rtomb.o(.text)
    __cxa_finalize                           0x08001605   Thumb Code    66  cxa_finalize.o(.text)
    __sig_exit                               0x08001647   Thumb Code    10  defsig_exit.o(.text)
    __rt_SIGABRT_inner                       0x08001651   Thumb Code    14  defsig_abrt_inner.o(.text)
    __ARM_get_argv                           0x08001681   Thumb Code   264  _get_argv.o(.text)
    _sys_command_string                      0x08001789   Thumb Code    24  sys_command.o(.text)
    __user_libspace                          0x080017a1   Thumb Code     8  libspace.o(.text)
    __user_perproc_libspace                  0x080017a1   Thumb Code     0  libspace.o(.text)
    __user_perthread_libspace                0x080017a1   Thumb Code     0  libspace.o(.text)
    __user_setup_stackheap                   0x080017a9   Thumb Code    74  sys_stackheap_outer.o(.text)
    __rt_ctype_table                         0x080017f5   Thumb Code    16  rt_ctype_table.o(.text)
    __rt_locale                              0x08001805   Thumb Code     8  rt_locale_intlibspace.o(.text)
    __use_no_heap_region                     0x0800180d   Thumb Code     2  hrguard.o(.text)
    __heap_region$guard                      0x0800180f   Thumb Code     2  hrguard.o(.text)
    __Heap_ProvideMemory                     0x08001811   Thumb Code    52  h1_extend.o(.text)
    _maybe_terminate_alloc                   0x08001811   Thumb Code     0  maybetermalloc1.o(.text)
    _printf_fp_infnan                        0x08001845   Thumb Code   112  _printf_fp_infnan.o(.text)
    _btod_etento                             0x080018c5   Thumb Code   224  bigflt0.o(.text)
    exit                                     0x080019a9   Thumb Code    18  exit.o(.text)
    __default_signal_display                 0x080019bb   Thumb Code    50  defsig_general.o(.text)
    __rt_SIGRTMEM                            0x080019ed   Thumb Code    14  defsig_rtmem_outer.o(.text)
    _ttywrch                                 0x080019fb   Thumb Code    14  sys_wrch.o(.text)
    __rt_SIGRTMEM_inner                      0x08001a09   Thumb Code    22  defsig_rtmem_inner.o(.text)
    strcmp                                   0x08001a59   Thumb Code   124  strcmpv7em.o(.text)
    HAL_DMA_Abort                            0x08001ad5   Thumb Code   244  stm32f4xx_hal_dma.o(.text.HAL_DMA_Abort)
    HAL_DMA_Abort_IT                         0x08001bc9   Thumb Code    68  stm32f4xx_hal_dma.o(.text.HAL_DMA_Abort_IT)
    HAL_DMA_GetState                         0x08001c0d   Thumb Code    14  stm32f4xx_hal_dma.o(.text.HAL_DMA_GetState)
    HAL_Delay                                0x08001c1d   Thumb Code    68  stm32f4xx_hal.o(.text.HAL_Delay)
    HAL_GPIO_Init                            0x08001c61   Thumb Code   934  stm32f4xx_hal_gpio.o(.text.HAL_GPIO_Init)
    HAL_GetTick                              0x08002009   Thumb Code    12  stm32f4xx_hal.o(.text.HAL_GetTick)
    HAL_I2C_AbortCpltCallback                0x08002015   Thumb Code     8  stm32f4xx_hal_i2c.o(.text.HAL_I2C_AbortCpltCallback)
    HAL_I2C_AddrCallback                     0x0800201d   Thumb Code    20  stm32f4xx_hal_i2c.o(.text.HAL_I2C_AddrCallback)
    HAL_I2C_EV_IRQHandler                    0x08002031   Thumb Code   980  stm32f4xx_hal_i2c.o(.text.HAL_I2C_EV_IRQHandler)
    HAL_I2C_ErrorCallback                    0x08002405   Thumb Code     8  stm32f4xx_hal_i2c.o(.text.HAL_I2C_ErrorCallback)
    HAL_I2C_Init                             0x0800240d   Thumb Code   842  stm32f4xx_hal_i2c.o(.text.HAL_I2C_Init)
    HAL_I2C_ListenCpltCallback               0x08002759   Thumb Code     8  stm32f4xx_hal_i2c.o(.text.HAL_I2C_ListenCpltCallback)
    HAL_I2C_MasterRxCpltCallback             0x08002761   Thumb Code     8  stm32f4xx_hal_i2c.o(.text.HAL_I2C_MasterRxCpltCallback)
    HAL_I2C_MasterTxCpltCallback             0x08002769   Thumb Code    50  main.o(.text.HAL_I2C_MasterTxCpltCallback)
    HAL_I2C_Master_Transmit                  0x0800279d   Thumb Code   546  stm32f4xx_hal_i2c.o(.text.HAL_I2C_Master_Transmit)
    HAL_I2C_Master_Transmit_IT               0x080029c1   Thumb Code   366  stm32f4xx_hal_i2c.o(.text.HAL_I2C_Master_Transmit_IT)
    HAL_I2C_MemRxCpltCallback                0x08002b31   Thumb Code     8  stm32f4xx_hal_i2c.o(.text.HAL_I2C_MemRxCpltCallback)
    HAL_I2C_MemTxCpltCallback                0x08002b39   Thumb Code     8  stm32f4xx_hal_i2c.o(.text.HAL_I2C_MemTxCpltCallback)
    HAL_I2C_MspInit                          0x08002b41   Thumb Code     8  stm32f4xx_hal_i2c.o(.text.HAL_I2C_MspInit)
    HAL_I2C_SlaveRxCpltCallback              0x08002b49   Thumb Code    50  main.o(.text.HAL_I2C_SlaveRxCpltCallback)
    HAL_I2C_SlaveTxCpltCallback              0x08002b7d   Thumb Code     8  stm32f4xx_hal_i2c.o(.text.HAL_I2C_SlaveTxCpltCallback)
    HAL_I2C_Slave_Receive_IT                 0x08002b85   Thumb Code   238  stm32f4xx_hal_i2c.o(.text.HAL_I2C_Slave_Receive_IT)
    HAL_IncTick                              0x08002c75   Thumb Code    26  stm32f4xx_hal.o(.text.HAL_IncTick)
    HAL_Init                                 0x08002c91   Thumb Code    52  stm32f4xx_hal.o(.text.HAL_Init)
    HAL_InitTick                             0x08002cc5   Thumb Code   114  stm32f4xx_hal.o(.text.HAL_InitTick)
    HAL_MspInit                              0x08002d39   Thumb Code     2  stm32f4xx_hal.o(.text.HAL_MspInit)
    HAL_NVIC_SetPriority                     0x08002d3d   Thumb Code    64  stm32f4xx_hal_cortex.o(.text.HAL_NVIC_SetPriority)
    HAL_NVIC_SetPriorityGrouping             0x08002d7d   Thumb Code    16  stm32f4xx_hal_cortex.o(.text.HAL_NVIC_SetPriorityGrouping)
    HAL_RCC_ClockConfig                      0x08002d8d   Thumb Code   612  stm32f4xx_hal_rcc.o(.text.HAL_RCC_ClockConfig)
    HAL_RCC_GetHCLKFreq                      0x08002ff1   Thumb Code    12  stm32f4xx_hal_rcc.o(.text.HAL_RCC_GetHCLKFreq)
    HAL_RCC_GetPCLK1Freq                     0x08002ffd   Thumb Code    34  stm32f4xx_hal_rcc.o(.text.HAL_RCC_GetPCLK1Freq)
    HAL_RCC_GetPCLK2Freq                     0x08003021   Thumb Code    34  stm32f4xx_hal_rcc.o(.text.HAL_RCC_GetPCLK2Freq)
    HAL_RCC_GetSysClockFreq                  0x08003045   Thumb Code   368  stm32f4xx_hal_rcc_ex.o(.text.HAL_RCC_GetSysClockFreq)
    HAL_RCC_OscConfig                        0x080031b5   Thumb Code  1842  stm32f4xx_hal_rcc_ex.o(.text.HAL_RCC_OscConfig)
    HAL_SYSTICK_Config                       0x080038e9   Thumb Code    16  stm32f4xx_hal_cortex.o(.text.HAL_SYSTICK_Config)
    HAL_UARTEx_RxEventCallback               0x080038f9   Thumb Code    14  stm32f4xx_hal_uart.o(.text.HAL_UARTEx_RxEventCallback)
    HAL_UART_AbortCpltCallback               0x08003909   Thumb Code     8  stm32f4xx_hal_uart.o(.text.HAL_UART_AbortCpltCallback)
    HAL_UART_AbortReceiveCpltCallback        0x08003911   Thumb Code     8  stm32f4xx_hal_uart.o(.text.HAL_UART_AbortReceiveCpltCallback)
    HAL_UART_AbortTransmitCpltCallback       0x08003919   Thumb Code     8  stm32f4xx_hal_uart.o(.text.HAL_UART_AbortTransmitCpltCallback)
    HAL_UART_ErrorCallback                   0x08003921   Thumb Code     8  stm32f4xx_hal_uart.o(.text.HAL_UART_ErrorCallback)
    HAL_UART_IRQHandler                      0x08003929   Thumb Code  1086  stm32f4xx_hal_uart.o(.text.HAL_UART_IRQHandler)
    HAL_UART_Init                            0x08003d69   Thumb Code   190  stm32f4xx_hal_uart.o(.text.HAL_UART_Init)
    HAL_UART_MspInit                         0x08003e29   Thumb Code     8  stm32f4xx_hal_uart.o(.text.HAL_UART_MspInit)
    HAL_UART_Receive_IT                      0x08003e31   Thumb Code   126  stm32f4xx_hal_uart.o(.text.HAL_UART_Receive_IT)
    HAL_UART_RxCpltCallback                  0x08003eb1   Thumb Code    92  main.o(.text.HAL_UART_RxCpltCallback)
    HAL_UART_RxHalfCpltCallback              0x08003f0d   Thumb Code     8  stm32f4xx_hal_uart.o(.text.HAL_UART_RxHalfCpltCallback)
    HAL_UART_Transmit_IT                     0x08003f15   Thumb Code   168  stm32f4xx_hal_uart.o(.text.HAL_UART_Transmit_IT)
    HAL_UART_TxCpltCallback                  0x08003fbd   Thumb Code    92  main.o(.text.HAL_UART_TxCpltCallback)
    HAL_UART_TxHalfCpltCallback              0x08004019   Thumb Code     8  stm32f4xx_hal_uart.o(.text.HAL_UART_TxHalfCpltCallback)
    HardFault_Handler                        0x08004021   Thumb Code     4  main.o(.text.HardFault_Handler)
    I2C1_EV_IRQHandler                       0x08004025   Thumb Code    16  main.o(.text.I2C1_EV_IRQHandler)
    I2C2_EV_IRQHandler                       0x08004035   Thumb Code    16  main.o(.text.I2C2_EV_IRQHandler)
    SysTick_Handler                          0x08005935   Thumb Code    54  main.o(.text.SysTick_Handler)
    SystemCoreClockUpdate                    0x0800596d   Thumb Code   308  system_stm32f4xx.o(.text.SystemCoreClockUpdate)
    SystemInit                               0x08005aa1   Thumb Code    18  system_stm32f4xx.o(.text.SystemInit)
    UART4_IRQHandler                         0x08005ab5   Thumb Code    16  main.o(.text.UART4_IRQHandler)
    UART5_IRQHandler                         0x08005ac5   Thumb Code    16  main.o(.text.UART5_IRQHandler)
    UART_InitCallbacksToDefault              0x08005bb1   Thumb Code   116  stm32f4xx_hal_uart.o(.text.UART_InitCallbacksToDefault)
    UART_Start_Receive_IT                    0x08005eed   Thumb Code   102  stm32f4xx_hal_uart.o(.text.UART_Start_Receive_IT)
    BASE_COM_t::GPIO_clock_Enable(GPIO_TypeDef*) 0x08006255   Thumb Code   374  base_com.o(.text._ZN10BASE_COM_t17GPIO_clock_EnableEP12GPIO_TypeDef)
    BASE_COM_t::poll()                       0x080063cd   Thumb Code   246  base_com.o(.text._ZN10BASE_COM_t4pollEv)
    BASE_COM_t::BASE_COM_t__sub_object()     0x080064c5   Thumb Code   550  base_com.o(.text._ZN10BASE_COM_tC2Ev)
    BASE_COM_t::~BASE_COM_t()                0x080066ed   Thumb Code    34  base_com.o(.text._ZN10BASE_COM_tD2Ev)
    BASE_COM_t::~BASE_COM_t__sub_object()    0x080066ed   Thumb Code    34  base_com.o(.text._ZN10BASE_COM_tD2Ev)
    send_handle::send_handle(BASE_COM_t*)    0x08006711   Thumb Code    28  observer_pattern.o(.text._ZN11send_handleC2EP10BASE_COM_t)
    send_handle::send_handle__sub_object(BASE_COM_t*) 0x08006711   Thumb Code    28  observer_pattern.o(.text._ZN11send_handleC2EP10BASE_COM_t)
    I2C_COM::Send_callback()                 0x0800672d   Thumb Code    16  i2c_com.o(.text._ZN7I2C_COM13Send_callbackEv)
    I2C_COM::Receive_callback()              0x0800673d   Thumb Code    38  i2c_com.o(.text._ZN7I2C_COM16Receive_callbackEv)
    I2C_COM::Interrupt_handler()             0x08006765   Thumb Code    20  i2c_com.o(.text._ZN7I2C_COM17Interrupt_handlerEv)
    I2C_COM::I2C_low_level_init(GPIO_TypeDef*) 0x08006779   Thumb Code   204  i2c_com.o(.text._ZN7I2C_COM18I2C_low_level_initEP12GPIO_TypeDef)
    I2C_COM::Get_I2c_Handle_TypeDef()        0x08006845   Thumb Code    14  i2c_com.o(.text._ZN7I2C_COM22Get_I2c_Handle_TypeDefEv)
    I2C_COM::Send(char*, unsigned)           0x08006855   Thumb Code    60  i2c_com.o(.text._ZN7I2C_COM4SendEPcj)
    I2C_COM::Receive()                       0x08006891   Thumb Code    72  i2c_com.o(.text._ZN7I2C_COM7ReceiveEv)
    I2C_COM::I2C_COM(unsigned, unsigned, unsigned short, I2C_TypeDef*, GPIO_TypeDef*, unsigned, unsigned, unsigned) 0x080068d9   Thumb Code   292  i2c_com.o(.text._ZN7I2C_COMC2EjjtP11I2C_TypeDefP12GPIO_TypeDefjjj)
    I2C_COM::I2C_COM__sub_object(unsigned, unsigned, unsigned short, I2C_TypeDef*, GPIO_TypeDef*, unsigned, unsigned, unsigned) 0x080068d9   Thumb Code   292  i2c_com.o(.text._ZN7I2C_COMC2EjjtP11I2C_TypeDefP12GPIO_TypeDefjjj)
    I2C_COM::~I2C_COM()                      0x080069fd   Thumb Code    82  i2c_com.o(.text._ZN7I2C_COMD2Ev)
    I2C_COM::~I2C_COM__sub_object()          0x080069fd   Thumb Code    82  i2c_com.o(.text._ZN7I2C_COMD2Ev)
    subject::Notify_observers(BASE_COM_t*)   0x08006a51   Thumb Code   164  observer_pattern.o(.text._ZN7subject16Notify_observersEP10BASE_COM_t)
    subject::attatch(BASE_COM_t*, BASE_COM_t*) 0x08006af5   Thumb Code   508  observer_pattern.o(.text._ZN7subject7attatchEP10BASE_COM_tS1_)
    subject::subject()                       0x08006cf1   Thumb Code    66  observer_pattern.o(.text._ZN7subjectC2Ev)
    subject::subject__sub_object()           0x08006cf1   Thumb Code    66  observer_pattern.o(.text._ZN7subjectC2Ev)
    subject::~subject()                      0x08006d35   Thumb Code   212  observer_pattern.o(.text._ZN7subjectD2Ev)
    subject::~subject__sub_object()          0x08006d35   Thumb Code   212  observer_pattern.o(.text._ZN7subjectD2Ev)
    UART_COM::Send_callback()                0x08006e09   Thumb Code    16  uart_com.o(.text._ZN8UART_COM13Send_callbackEv)
    UART_COM::Receive_callback()             0x08006e19   Thumb Code    34  uart_com.o(.text._ZN8UART_COM16Receive_callbackEv)
    UART_COM::Interrupt_handler()            0x08006e3d   Thumb Code    20  uart_com.o(.text._ZN8UART_COM17Interrupt_handlerEv)
    UART_COM::uart_low_level_init(GPIO_TypeDef*) 0x08006e51   Thumb Code   378  uart_com.o(.text._ZN8UART_COM19uart_low_level_initEP12GPIO_TypeDef)
    UART_COM::Get_UART_HandleTypeDef()       0x08006fcd   Thumb Code    14  uart_com.o(.text._ZN8UART_COM22Get_UART_HandleTypeDefEv)
    UART_COM::Send(char*, unsigned)          0x08006fdd   Thumb Code    50  uart_com.o(.text._ZN8UART_COM4SendEPcj)
    UART_COM::Receive()                      0x08007011   Thumb Code    72  uart_com.o(.text._ZN8UART_COM7ReceiveEv)
    UART_COM::UART_COM(unsigned, USART_TypeDef*, GPIO_TypeDef*, unsigned, unsigned, unsigned char) 0x08007059   Thumb Code   224  uart_com.o(.text._ZN8UART_COMC2EjP13USART_TypeDefP12GPIO_TypeDefjjh)
    UART_COM::UART_COM__sub_object(unsigned, USART_TypeDef*, GPIO_TypeDef*, unsigned, unsigned, unsigned char) 0x08007059   Thumb Code   224  uart_com.o(.text._ZN8UART_COMC2EjP13USART_TypeDefP12GPIO_TypeDefjjh)
    UART_COM::~UART_COM()                    0x08007139   Thumb Code    82  uart_com.o(.text._ZN8UART_COMD2Ev)
    UART_COM::~UART_COM__sub_object()        0x08007139   Thumb Code    82  uart_com.o(.text._ZN8UART_COMD2Ev)
    observer::notify(BASE_COM_t*, int)       0x0800718d   Thumb Code   172  observer_pattern.o(.text._ZN8observer6notifyEP10BASE_COM_ti)
    observer::observer()                     0x08007239   Thumb Code    66  observer_pattern.o(.text._ZN8observerC2Ev)
    observer::observer__sub_object()         0x08007239   Thumb Code    66  observer_pattern.o(.text._ZN8observerC2Ev)
    observer::~observer()                    0x0800727d   Thumb Code   184  observer_pattern.o(.text._ZN8observerD2Ev)
    observer::~observer__sub_object()        0x0800727d   Thumb Code   184  observer_pattern.o(.text._ZN8observerD2Ev)
    std::__1::__vector_base_common<(bool)1>::__throw_length_error() const 0x08007335   Thumb Code     4  vector.cpp.o(.text._ZNKSt3__120__vector_base_commonILb1EE20__throw_length_errorEv)
    std::__1::vector<BASE_COM_t*, std::__1::allocator<BASE_COM_t*>>::max_size() const 0x08007339   Thumb Code   104  base_com.o(.text._ZNKSt3__16vectorIP10BASE_COM_tNS_9allocatorIS2_EEE8max_sizeEv)
    std::__1::vector<send_handle*, std::__1::allocator<send_handle*>>::max_size() const 0x080073a1   Thumb Code   104  main.o(.text._ZNKSt3__16vectorIP11send_handleNS_9allocatorIS2_EEE8max_sizeEv)
    std::__1::__vector_base<BASE_COM_t*, std::__1::allocator<BASE_COM_t*>>::~__vector_base__sub_object() 0x08007409   Thumb Code   244  base_com.o(.text._ZNSt3__113__vector_baseIP10BASE_COM_tNS_9allocatorIS2_EEED2Ev)
    std::__1::__vector_base<send_handle*, std::__1::allocator<send_handle*>>::~__vector_base__sub_object() 0x080074fd   Thumb Code   244  observer_pattern.o(.text._ZNSt3__113__vector_baseIP11send_handleNS_9allocatorIS2_EEED2Ev)
    std::__1::__split_buffer<BASE_COM_t*, std::__1::allocator<BASE_COM_t*>&>::__split_buffer__sub_object(unsigned, unsigned, std::__1::allocator<BASE_COM_t*>&) 0x080075f1   Thumb Code   230  base_com.o(.text._ZNSt3__114__split_bufferIP10BASE_COM_tRNS_9allocatorIS2_EEEC2EjjS5_)
    std::__1::__split_buffer<BASE_COM_t*, std::__1::allocator<BASE_COM_t*>&>::~__split_buffer__sub_object() 0x080076d9   Thumb Code   234  base_com.o(.text._ZNSt3__114__split_bufferIP10BASE_COM_tRNS_9allocatorIS2_EEED2Ev)
    std::__1::__split_buffer<send_handle*, std::__1::allocator<send_handle*>&>::__split_buffer__sub_object(unsigned, unsigned, std::__1::allocator<send_handle*>&) 0x080077c5   Thumb Code   230  main.o(.text._ZNSt3__114__split_bufferIP11send_handleRNS_9allocatorIS2_EEEC2EjjS5_)
    std::__1::__split_buffer<send_handle*, std::__1::allocator<send_handle*>&>::~__split_buffer__sub_object() 0x080078ad   Thumb Code   234  main.o(.text._ZNSt3__114__split_bufferIP11send_handleRNS_9allocatorIS2_EEED2Ev)
    std::__1::_DeallocateCaller::__do_deallocate_handle_size(void*, unsigned) 0x08007999   Thumb Code    18  main.o(.text._ZNSt3__117_DeallocateCaller27__do_deallocate_handle_sizeEPvj)
    std::__1::_DeallocateCaller::__do_call(void*) 0x080079ad   Thumb Code    16  main.o(.text._ZNSt3__117_DeallocateCaller9__do_callEPv)
    std::__1::vector<BASE_COM_t*, std::__1::allocator<BASE_COM_t*>>::_ConstructTransaction::_ConstructTransaction__sub_object(std::__1::vector<BASE_COM_t*, std::__1::allocator<BASE_COM_t*>>&, unsigned) 0x080079bd   Thumb Code    36  base_com.o(.text._ZNSt3__16vectorIP10BASE_COM_tNS_9allocatorIS2_EEE21_ConstructTransactionC2ERS5_j)
    std::__1::vector<BASE_COM_t*, std::__1::allocator<BASE_COM_t*>>::_ConstructTransaction::~_ConstructTransaction__sub_object() 0x080079e1   Thumb Code    16  base_com.o(.text._ZNSt3__16vectorIP10BASE_COM_tNS_9allocatorIS2_EEE21_ConstructTransactionD2Ev)
    std::__1::vector<BASE_COM_t*, std::__1::allocator<BASE_COM_t*>>::__swap_out_circular_buffer(std::__1::__split_buffer<BASE_COM_t*, std::__1::allocator<BASE_COM_t*>&>&) 0x080079f1   Thumb Code   634  base_com.o(.text._ZNSt3__16vectorIP10BASE_COM_tNS_9allocatorIS2_EEE26__swap_out_circular_bufferERNS_14__split_bufferIS2_RS4_EE)
    std::__1::vector<BASE_COM_t*, std::__1::allocator<BASE_COM_t*>>::~vector__sub_object() 0x08007c6d   Thumb Code   200  base_com.o(.text._ZNSt3__16vectorIP10BASE_COM_tNS_9allocatorIS2_EEED2Ev)
    std::__1::vector<send_handle*, std::__1::allocator<send_handle*>>::_ConstructTransaction::_ConstructTransaction__sub_object(std::__1::vector<send_handle*, std::__1::allocator<send_handle*>>&, unsigned) 0x08007d35   Thumb Code    36  main.o(.text._ZNSt3__16vectorIP11send_handleNS_9allocatorIS2_EEE21_ConstructTransactionC2ERS5_j)
    std::__1::vector<send_handle*, std::__1::allocator<send_handle*>>::_ConstructTransaction::~_ConstructTransaction__sub_object() 0x08007d59   Thumb Code    16  main.o(.text._ZNSt3__16vectorIP11send_handleNS_9allocatorIS2_EEE21_ConstructTransactionD2Ev)
    std::__1::vector<send_handle*, std::__1::allocator<send_handle*>>::__swap_out_circular_buffer(std::__1::__split_buffer<send_handle*, std::__1::allocator<send_handle*>&>&) 0x08007d69   Thumb Code   634  main.o(.text._ZNSt3__16vectorIP11send_handleNS_9allocatorIS2_EEE26__swap_out_circular_bufferERNS_14__split_bufferIS2_RS4_EE)
    std::get_new_handler()                   0x08007fe3   Thumb Code    12  cxa_handlers.cpp.o(.text._ZSt15get_new_handlerv)
    operator delete (void*)                  0x08007fef   Thumb Code     4  new.cpp.o(.text._ZdlPv)
    operator new(unsigned)                   0x08007ff5   Thumb Code    38  new.cpp.o(.text._Znwj)
    __cxa_pure_virtual                       0x080080ad   Thumb Code    40  cxa_virtual.cpp.o(.text.__cxa_pure_virtual)
    abort_message                            0x0800822f   Thumb Code     4  abort_message.cpp.o(.text.abort_message)
    main                                     0x08008235   Thumb Code  2720  main.o(.text.main)
    _btod_d2e                                0x08008cd5   Thumb Code    62  btod.o(CL$$btod_d2e)
    _d2e_denorm_low                          0x08008d13   Thumb Code    70  btod.o(CL$$btod_d2e_denorm_low)
    _d2e_norm_op1                            0x08008d59   Thumb Code    96  btod.o(CL$$btod_d2e_norm_op1)
    __btod_div_common                        0x08008db9   Thumb Code   696  btod.o(CL$$btod_div_common)
    _e2e                                     0x080090f1   Thumb Code   220  btod.o(CL$$btod_e2e)
    _btod_ediv                               0x080091cd   Thumb Code    42  btod.o(CL$$btod_ediv)
    _btod_emul                               0x080091f7   Thumb Code    42  btod.o(CL$$btod_emul)
    __btod_mult_common                       0x08009221   Thumb Code   580  btod.o(CL$$btod_mult_common)
    __ARM_fpclassify                         0x08009465   Thumb Code    48  fpclassify.o(i.__ARM_fpclassify)
    _is_digit                                0x08009495   Thumb Code    14  __printf_wp.o(i._is_digit)
    _get_lc_numeric                          0x080094a5   Thumb Code    44  lc_numeric_c.o(locale$$code)
    _get_lc_ctype                            0x080094d1   Thumb Code    44  lc_ctype_c.o(locale$$code)
    _fp_init                                 0x080094fd   Thumb Code    26  fpinit.o(x$fpl$fpinit)
    __fplib_config_fpu_vfp                   0x08009515   Thumb Code     0  fpinit.o(x$fpl$fpinit)
    __fplib_config_pureend_doubles           0x08009515   Thumb Code     0  fpinit.o(x$fpl$fpinit)
    _printf_fp_dec                           0x08009517   Thumb Code     4  printf1.o(x$fpl$printf1)
    _printf_fp_hex                           0x0800951b   Thumb Code     4  printf2.o(x$fpl$printf2)
    __I$use$fp                               0x0800951e   Number         0  usenofp.o(x$fpl$usenofp)
    AHBPrescTable                            0x0800961c   Data          16  system_stm32f4xx.o(.rodata.AHBPrescTable)
    APBPrescTable                            0x0800962c   Data           8  system_stm32f4xx.o(.rodata.APBPrescTable)
    vtable for BASE_COM_t                    0x08009634   Data          32  base_com.o(.rodata._ZTV10BASE_COM_t)
    vtable for I2C_COM                       0x08009654   Data          32  i2c_com.o(.rodata._ZTV7I2C_COM)
    vtable for UART_COM                      0x08009674   Data          32  uart_com.o(.rodata._ZTV8UART_COM)
    Region$$Table$$Base                      0x080096e4   Number         0  anon$$obj.o(Region$$Table)
    Region$$Table$$Limit                     0x08009704   Number         0  anon$$obj.o(Region$$Table)
    __ctype                                  0x0800972d   Data           0  lc_ctype_c.o(locale$$data)
    SHT$$INIT_ARRAY$$Base                    0x08009830   Number         0  main.o(.init_array)
    SHT$$INIT_ARRAY$$Limit                   0x08009838   Number         0  init_aeabi.o(.init_array)
    SystemCoreClock                          0x20000000   Data           4  system_stm32f4xx.o(.data.SystemCoreClock)
    uwTickFreq                               0x20000004   Data           1  stm32f4xx_hal.o(.data.uwTickFreq)
    uwTickPrio                               0x20000008   Data           4  stm32f4xx_hal.o(.data.uwTickPrio)
    __libspace_start                         0x20000010   Data          96  libspace.o(.bss)
    COM_ABSTRACT                             0x20000070   Data          12  base_com.o(.bss.COM_ABSTRACT)
    __temporary_stack_top$libspace           0x20000070   Data           0  libspace.o(.bss)
    I2C_send_trigger                         0x2000007c   Data           1  main.o(.bss.I2C_send_trigger)
    My_I2C1                                  0x20000080   Data         552  main.o(.bss.My_I2C1)
    My_UART4                                 0x200002a8   Data         548  main.o(.bss.My_UART4)
    My_UART5                                 0x200004cc   Data         548  main.o(.bss.My_UART5)
    BASE_COM_t::Num_of_instances             0x200006f0   Data           4  base_com.o(.bss._ZN10BASE_COM_t16Num_of_instancesE)
    __cxa_new_handler                        0x200006f4   Data           4  cxa_handlers.cpp.o(.bss.__cxa_new_handler)
    generic_buffer                           0x200006f8   Data         500  main.o(.bss.generic_buffer)
    generic_int                              0x200008ec   Data           4  main.o(.bss.generic_int)
    i2c2                                     0x200008f0   Data         132  main.o(.bss.i2c2)
    uwTick                                   0x20000974   Data           4  stm32f4xx_hal.o(.bss.uwTick)



==============================================================================

Memory Map of the image

  Image Entry point : 0x080001c5

  Load Region LR_IROM1 (Base: 0x08000000, Size: 0x00009848, Max: 0x00080000, ABSOLUTE)

    Execution Region ER_IROM1 (Exec base: 0x08000000, Load base: 0x08000000, Size: 0x00009838, Max: 0x00080000, ABSOLUTE)

    Exec Addr    Load Addr    Size         Type   Attr      Idx    E Section Name        Object

    0x08000000   0x08000000   0x000001c4   Data   RO         1209    RESET               startup_stm32f446xx.o
    0x080001c4   0x080001c4   0x00000008   Code   RO         1254  * !!!main             c_w.l(__main.o)
    0x080001cc   0x080001cc   0x00000034   Code   RO         1818    !!!scatter          c_w.l(__scatter.o)
    0x08000200   0x08000200   0x0000001a   Code   RO         1820    !!handler_copy      c_w.l(__scatter_copy.o)
    0x0800021a   0x0800021a   0x00000002   PAD
    0x0800021c   0x0800021c   0x0000001c   Code   RO         1822    !!handler_zi        c_w.l(__scatter_zi.o)
    0x08000238   0x08000238   0x00000000   Code   RO         1474    .ARM.Collect$$_printf_percent$$00000000  c_w.l(_printf_percent.o)
    0x08000238   0x08000238   0x00000006   Code   RO         1463    .ARM.Collect$$_printf_percent$$00000001  c_w.l(_printf_n.o)
    0x0800023e   0x0800023e   0x00000006   Code   RO         1465    .ARM.Collect$$_printf_percent$$00000002  c_w.l(_printf_p.o)
    0x08000244   0x08000244   0x00000006   Code   RO         1470    .ARM.Collect$$_printf_percent$$00000003  c_w.l(_printf_f.o)
    0x0800024a   0x0800024a   0x00000006   Code   RO         1471    .ARM.Collect$$_printf_percent$$00000004  c_w.l(_printf_e.o)
    0x08000250   0x08000250   0x00000006   Code   RO         1472    .ARM.Collect$$_printf_percent$$00000005  c_w.l(_printf_g.o)
    0x08000256   0x08000256   0x00000006   Code   RO         1473    .ARM.Collect$$_printf_percent$$00000006  c_w.l(_printf_a.o)
    0x0800025c   0x0800025c   0x0000000a   Code   RO         1478    .ARM.Collect$$_printf_percent$$00000007  c_w.l(_printf_ll.o)
    0x08000266   0x08000266   0x00000006   Code   RO         1467    .ARM.Collect$$_printf_percent$$00000008  c_w.l(_printf_i.o)
    0x0800026c   0x0800026c   0x00000006   Code   RO         1468    .ARM.Collect$$_printf_percent$$00000009  c_w.l(_printf_d.o)
    0x08000272   0x08000272   0x00000006   Code   RO         1469    .ARM.Collect$$_printf_percent$$0000000A  c_w.l(_printf_u.o)
    0x08000278   0x08000278   0x00000006   Code   RO         1466    .ARM.Collect$$_printf_percent$$0000000B  c_w.l(_printf_o.o)
    0x0800027e   0x0800027e   0x00000006   Code   RO         1464    .ARM.Collect$$_printf_percent$$0000000C  c_w.l(_printf_x.o)
    0x08000284   0x08000284   0x00000006   Code   RO         1475    .ARM.Collect$$_printf_percent$$0000000D  c_w.l(_printf_lli.o)
    0x0800028a   0x0800028a   0x00000006   Code   RO         1476    .ARM.Collect$$_printf_percent$$0000000E  c_w.l(_printf_lld.o)
    0x08000290   0x08000290   0x00000006   Code   RO         1477    .ARM.Collect$$_printf_percent$$0000000F  c_w.l(_printf_llu.o)
    0x08000296   0x08000296   0x00000006   Code   RO         1482    .ARM.Collect$$_printf_percent$$00000010  c_w.l(_printf_llo.o)
    0x0800029c   0x0800029c   0x00000006   Code   RO         1483    .ARM.Collect$$_printf_percent$$00000011  c_w.l(_printf_llx.o)
    0x080002a2   0x080002a2   0x0000000a   Code   RO         1479    .ARM.Collect$$_printf_percent$$00000012  c_w.l(_printf_l.o)
    0x080002ac   0x080002ac   0x00000006   Code   RO         1461    .ARM.Collect$$_printf_percent$$00000013  c_w.l(_printf_c.o)
    0x080002b2   0x080002b2   0x00000006   Code   RO         1462    .ARM.Collect$$_printf_percent$$00000014  c_w.l(_printf_s.o)
    0x080002b8   0x080002b8   0x00000006   Code   RO         1480    .ARM.Collect$$_printf_percent$$00000015  c_w.l(_printf_lc.o)
    0x080002be   0x080002be   0x00000006   Code   RO         1481    .ARM.Collect$$_printf_percent$$00000016  c_w.l(_printf_ls.o)
    0x080002c4   0x080002c4   0x00000004   Code   RO         1641    .ARM.Collect$$_printf_percent$$00000017  c_w.l(_printf_percent_end.o)
    0x080002c8   0x080002c8   0x00000002   Code   RO         1746    .ARM.Collect$$libinit$$00000000  c_w.l(libinit.o)
    0x080002ca   0x080002ca   0x00000004   Code   RO         1494    .ARM.Collect$$libinit$$00000001  c_w.l(libinit2.o)
    0x080002ce   0x080002ce   0x00000000   Code   RO         1497    .ARM.Collect$$libinit$$00000004  c_w.l(libinit2.o)
    0x080002ce   0x080002ce   0x00000008   Code   RO         1498    .ARM.Collect$$libinit$$00000005  c_w.l(libinit2.o)
    0x080002d6   0x080002d6   0x00000000   Code   RO         1500    .ARM.Collect$$libinit$$0000000A  c_w.l(libinit2.o)
    0x080002d6   0x080002d6   0x00000000   Code   RO         1502    .ARM.Collect$$libinit$$0000000C  c_w.l(libinit2.o)
    0x080002d6   0x080002d6   0x00000000   Code   RO         1504    .ARM.Collect$$libinit$$0000000E  c_w.l(libinit2.o)
    0x080002d6   0x080002d6   0x00000006   Code   RO         1505    .ARM.Collect$$libinit$$0000000F  c_w.l(libinit2.o)
    0x080002dc   0x080002dc   0x00000000   Code   RO         1507    .ARM.Collect$$libinit$$00000011  c_w.l(libinit2.o)
    0x080002dc   0x080002dc   0x0000000c   Code   RO         1508    .ARM.Collect$$libinit$$00000012  c_w.l(libinit2.o)
    0x080002e8   0x080002e8   0x00000000   Code   RO         1509    .ARM.Collect$$libinit$$00000013  c_w.l(libinit2.o)
    0x080002e8   0x080002e8   0x00000000   Code   RO         1511    .ARM.Collect$$libinit$$00000015  c_w.l(libinit2.o)
    0x080002e8   0x080002e8   0x0000000a   Code   RO         1512    .ARM.Collect$$libinit$$00000016  c_w.l(libinit2.o)
    0x080002f2   0x080002f2   0x00000000   Code   RO         1513    .ARM.Collect$$libinit$$00000017  c_w.l(libinit2.o)
    0x080002f2   0x080002f2   0x00000000   Code   RO         1515    .ARM.Collect$$libinit$$00000019  c_w.l(libinit2.o)
    0x080002f2   0x080002f2   0x00000000   Code   RO         1517    .ARM.Collect$$libinit$$0000001B  c_w.l(libinit2.o)
    0x080002f2   0x080002f2   0x00000000   Code   RO         1519    .ARM.Collect$$libinit$$0000001D  c_w.l(libinit2.o)
    0x080002f2   0x080002f2   0x00000000   Code   RO         1521    .ARM.Collect$$libinit$$0000001F  c_w.l(libinit2.o)
    0x080002f2   0x080002f2   0x00000000   Code   RO         1523    .ARM.Collect$$libinit$$00000021  c_w.l(libinit2.o)
    0x080002f2   0x080002f2   0x00000000   Code   RO         1525    .ARM.Collect$$libinit$$00000023  c_w.l(libinit2.o)
    0x080002f2   0x080002f2   0x00000000   Code   RO         1527    .ARM.Collect$$libinit$$00000025  c_w.l(libinit2.o)
    0x080002f2   0x080002f2   0x00000008   Code   RO         1528    .ARM.Collect$$libinit$$00000026  c_w.l(libinit2.o)
    0x080002fa   0x080002fa   0x00000000   Code   RO         1533    .ARM.Collect$$libinit$$0000002E  c_w.l(libinit2.o)
    0x080002fa   0x080002fa   0x00000000   Code   RO         1535    .ARM.Collect$$libinit$$00000030  c_w.l(libinit2.o)
    0x080002fa   0x080002fa   0x00000004   Code   RO         1536    .ARM.Collect$$libinit$$00000031  c_w.l(libinit2.o)
    0x080002fe   0x080002fe   0x00000000   Code   RO         1537    .ARM.Collect$$libinit$$00000032  c_w.l(libinit2.o)
    0x080002fe   0x080002fe   0x00000002   Code   RO         1538    .ARM.Collect$$libinit$$00000033  c_w.l(libinit2.o)
    0x08000300   0x08000300   0x00000002   Code   RO         1816    .ARM.Collect$$libshutdown$$00000000  c_w.l(libshutdown.o)
    0x08000302   0x08000302   0x00000006   Code   RO         1747    .ARM.Collect$$libshutdown$$00000001  c_w.l(libshutdown2.o)
    0x08000308   0x08000308   0x00000000   Code   RO         1748    .ARM.Collect$$libshutdown$$00000002  c_w.l(libshutdown2.o)
    0x08000308   0x08000308   0x00000000   Code   RO         1750    .ARM.Collect$$libshutdown$$00000004  c_w.l(libshutdown2.o)
    0x08000308   0x08000308   0x00000000   Code   RO         1753    .ARM.Collect$$libshutdown$$00000007  c_w.l(libshutdown2.o)
    0x08000308   0x08000308   0x00000000   Code   RO         1756    .ARM.Collect$$libshutdown$$0000000A  c_w.l(libshutdown2.o)
    0x08000308   0x08000308   0x00000000   Code   RO         1758    .ARM.Collect$$libshutdown$$0000000C  c_w.l(libshutdown2.o)
    0x08000308   0x08000308   0x00000000   Code   RO         1761    .ARM.Collect$$libshutdown$$0000000F  c_w.l(libshutdown2.o)
    0x08000308   0x08000308   0x00000002   Code   RO         1762    .ARM.Collect$$libshutdown$$00000010  c_w.l(libshutdown2.o)
    0x0800030a   0x0800030a   0x00000000   Code   RO         1322    .ARM.Collect$$rtentry$$00000000  c_w.l(__rtentry.o)
    0x0800030a   0x0800030a   0x00000000   Code   RO         1578    .ARM.Collect$$rtentry$$00000002  c_w.l(__rtentry2.o)
    0x0800030a   0x0800030a   0x00000006   Code   RO         1590    .ARM.Collect$$rtentry$$00000004  c_w.l(__rtentry4.o)
    0x08000310   0x08000310   0x00000000   Code   RO         1580    .ARM.Collect$$rtentry$$00000009  c_w.l(__rtentry2.o)
    0x08000310   0x08000310   0x00000004   Code   RO         1581    .ARM.Collect$$rtentry$$0000000A  c_w.l(__rtentry2.o)
    0x08000314   0x08000314   0x00000000   Code   RO         1583    .ARM.Collect$$rtentry$$0000000C  c_w.l(__rtentry2.o)
    0x08000314   0x08000314   0x00000008   Code   RO         1584    .ARM.Collect$$rtentry$$0000000D  c_w.l(__rtentry2.o)
    0x0800031c   0x0800031c   0x00000002   Code   RO         1772    .ARM.Collect$$rtexit$$00000000  c_w.l(rtexit.o)
    0x0800031e   0x0800031e   0x00000000   Code   RO         1790    .ARM.Collect$$rtexit$$00000002  c_w.l(rtexit2.o)
    0x0800031e   0x0800031e   0x00000004   Code   RO         1791    .ARM.Collect$$rtexit$$00000003  c_w.l(rtexit2.o)
    0x08000322   0x08000322   0x00000006   Code   RO         1792    .ARM.Collect$$rtexit$$00000004  c_w.l(rtexit2.o)
    0x08000328   0x08000328   0x00000004   Code   RO         1653    .emb_text           c_w.l(argv_veneer.o)
    0x0800032c   0x0800032c   0x00000040   Code   RO         1210    .text               startup_stm32f446xx.o
    0x0800036c   0x0800036c   0x000000f0   Code   RO         1232    .text               c_w.l(lludivv7m.o)
    0x0800045c   0x0800045c   0x0000002c   Code   RO         1234    .text               c_w.l(sprintf.o)
    0x08000488   0x08000488   0x00000016   Code   RO         1236    .text               c_w.l(abort.o)
    0x0800049e   0x0800049e   0x0000000a   Code   RO         1241    .text               c_w.l(cxa_atexit.o)
    0x080004a8   0x080004a8   0x0000003e   Code   RO         1244    .text               c_w.l(strlen.o)
    0x080004e6   0x080004e6   0x00000064   Code   RO         1246    .text               c_w.l(rt_memcpy_w.o)
    0x0800054a   0x0800054a   0x00000044   Code   RO         1248    .text               c_w.l(rt_memclr.o)
    0x0800058e   0x0800058e   0x0000004e   Code   RO         1250    .text               c_w.l(rt_memclr_w.o)
    0x080005dc   0x080005dc   0x00000006   Code   RO         1252    .text               c_w.l(heapauxi.o)
    0x080005e2   0x080005e2   0x00000002   PAD
    0x080005e4   0x080005e4   0x00000024   Code   RO         1259    .text               c_w.l(init_aeabi.o)
    0x08000608   0x08000608   0x0000000c   Code   RO         1318    .text               c_w.l(sys_exit.o)
    0x08000614   0x08000614   0x0000005e   Code   RO         1331    .text               c_w.l(h1_alloc.o)
    0x08000672   0x08000672   0x0000004e   Code   RO         1333    .text               c_w.l(h1_free.o)
    0x080006c0   0x080006c0   0x0000004e   Code   RO         1395    .text               c_w.l(_printf_pad.o)
    0x0800070e   0x0800070e   0x00000024   Code   RO         1397    .text               c_w.l(_printf_truncate.o)
    0x08000732   0x08000732   0x00000052   Code   RO         1399    .text               c_w.l(_printf_str.o)
    0x08000784   0x08000784   0x00000078   Code   RO         1401    .text               c_w.l(_printf_dec.o)
    0x080007fc   0x080007fc   0x00000028   Code   RO         1403    .text               c_w.l(_printf_charcount.o)
    0x08000824   0x08000824   0x00000030   Code   RO         1405    .text               c_w.l(_printf_char_common.o)
    0x08000854   0x08000854   0x0000000a   Code   RO         1407    .text               c_w.l(_sputc.o)
    0x0800085e   0x0800085e   0x00000002   PAD
    0x08000860   0x08000860   0x000000bc   Code   RO         1409    .text               c_w.l(_printf_wctomb.o)
    0x0800091c   0x0800091c   0x0000007c   Code   RO         1412    .text               c_w.l(_printf_longlong_dec.o)
    0x08000998   0x08000998   0x00000070   Code   RO         1418    .text               c_w.l(_printf_oct_int_ll.o)
    0x08000a08   0x08000a08   0x00000094   Code   RO         1438    .text               c_w.l(_printf_hex_int_ll_ptr.o)
    0x08000a9c   0x08000a9c   0x00000188   Code   RO         1458    .text               c_w.l(__printf_flags_ss_wp.o)
    0x08000c24   0x08000c24   0x0000002e   Code   RO         1487    .text               c_w.l(aeabi_atexit.o)
    0x08000c52   0x08000c52   0x0000000e   Code   RO         1490    .text               c_w.l(defsig_abrt_outer.o)
    0x08000c60   0x08000c60   0x00000002   Code   RO         1572    .text               c_w.l(use_no_semi.o)
    0x08000c62   0x08000c62   0x00000000   Code   RO         1576    .text               c_w.l(indicate_semi.o)
    0x08000c62   0x08000c62   0x00000002   PAD
    0x08000c64   0x08000c64   0x00000008   Code   RO         1599    .text               c_w.l(rt_heap_descriptor_intlibspace.o)
    0x08000c6c   0x08000c6c   0x00000008   Code   RO         1604    .text               c_w.l(rt_ddtor_pointer_addr_intlibspace.o)
    0x08000c74   0x08000c74   0x00000004   Code   RO         1606    .text               c_w.l(hguard.o)
    0x08000c78   0x08000c78   0x0000008a   Code   RO         1608    .text               c_w.l(init_alloc.o)
    0x08000d02   0x08000d02   0x0000000e   Code   RO         1612    .text               c_w.l(h1_init.o)
    0x08000d10   0x08000d10   0x0000008a   Code   RO         1624    .text               c_w.l(lludiv10.o)
    0x08000d9a   0x08000d9a   0x000000b2   Code   RO         1626    .text               c_w.l(_printf_intcommon.o)
    0x08000e4c   0x08000e4c   0x0000041c   Code   RO         1628    .text               c_w.l(_printf_fp_dec.o)
    0x08001268   0x08001268   0x000002fc   Code   RO         1632    .text               c_w.l(_printf_fp_hex.o)
    0x08001564   0x08001564   0x0000002c   Code   RO         1637    .text               c_w.l(_printf_char.o)
    0x08001590   0x08001590   0x0000002c   Code   RO         1639    .text               c_w.l(_printf_wchar.o)
    0x080015bc   0x080015bc   0x00000048   Code   RO         1642    .text               c_w.l(_c16rtomb.o)
    0x08001604   0x08001604   0x00000042   Code   RO         1644    .text               c_w.l(cxa_finalize.o)
    0x08001646   0x08001646   0x0000000a   Code   RO         1647    .text               c_w.l(defsig_exit.o)
    0x08001650   0x08001650   0x00000030   Code   RO         1649    .text               c_w.l(defsig_abrt_inner.o)
    0x08001680   0x08001680   0x00000108   Code   RO         1651    .text               c_w.l(_get_argv.o)
    0x08001788   0x08001788   0x00000018   Code   RO         1664    .text               c_w.l(sys_command.o)
    0x080017a0   0x080017a0   0x00000008   Code   RO         1668    .text               c_w.l(libspace.o)
    0x080017a8   0x080017a8   0x0000004a   Code   RO         1671    .text               c_w.l(sys_stackheap_outer.o)
    0x080017f2   0x080017f2   0x00000002   PAD
    0x080017f4   0x080017f4   0x00000010   Code   RO         1673    .text               c_w.l(rt_ctype_table.o)
    0x08001804   0x08001804   0x00000008   Code   RO         1678    .text               c_w.l(rt_locale_intlibspace.o)
    0x0800180c   0x0800180c   0x00000004   Code   RO         1680    .text               c_w.l(hrguard.o)
    0x08001810   0x08001810   0x00000000   Code   RO         1682    .text               c_w.l(maybetermalloc1.o)
    0x08001810   0x08001810   0x00000034   Code   RO         1684    .text               c_w.l(h1_extend.o)
    0x08001844   0x08001844   0x00000080   Code   RO         1688    .text               c_w.l(_printf_fp_infnan.o)
    0x080018c4   0x080018c4   0x000000e4   Code   RO         1690    .text               c_w.l(bigflt0.o)
    0x080019a8   0x080019a8   0x00000012   Code   RO         1720    .text               c_w.l(exit.o)
    0x080019ba   0x080019ba   0x00000032   Code   RO         1724    .text               c_w.l(defsig_general.o)
    0x080019ec   0x080019ec   0x0000000e   Code   RO         1730    .text               c_w.l(defsig_rtmem_outer.o)
    0x080019fa   0x080019fa   0x0000000e   Code   RO         1768    .text               c_w.l(sys_wrch.o)
    0x08001a08   0x08001a08   0x00000050   Code   RO         1783    .text               c_w.l(defsig_rtmem_inner.o)
    0x08001a58   0x08001a58   0x0000007c   Code   RO         1787    .text               c_w.l(strcmpv7em.o)
    0x08001ad4   0x08001ad4   0x000000f4   Code   RO          455    .text.HAL_DMA_Abort  stm32f4xx_hal_dma.o
    0x08001bc8   0x08001bc8   0x00000044   Code   RO          457    .text.HAL_DMA_Abort_IT  stm32f4xx_hal_dma.o
    0x08001c0c   0x08001c0c   0x0000000e   Code   RO          467    .text.HAL_DMA_GetState  stm32f4xx_hal_dma.o
    0x08001c1a   0x08001c1a   0x00000002   PAD
    0x08001c1c   0x08001c1c   0x00000044   Code   RO          244    .text.HAL_Delay     stm32f4xx_hal.o
    0x08001c60   0x08001c60   0x000003a6   Code   RO          496    .text.HAL_GPIO_Init  stm32f4xx_hal_gpio.o
    0x08002006   0x08002006   0x00000002   PAD
    0x08002008   0x08002008   0x0000000c   Code   RO          236    .text.HAL_GetTick   stm32f4xx_hal.o
    0x08002014   0x08002014   0x00000008   Code   RO          538    .text.HAL_I2C_AbortCpltCallback  stm32f4xx_hal_i2c.o
    0x0800201c   0x0800201c   0x00000014   Code   RO          540    .text.HAL_I2C_AddrCallback  stm32f4xx_hal_i2c.o
    0x08002030   0x08002030   0x000003d4   Code   RO          642    .text.HAL_I2C_EV_IRQHandler  stm32f4xx_hal_i2c.o
    0x08002404   0x08002404   0x00000008   Code   RO          536    .text.HAL_I2C_ErrorCallback  stm32f4xx_hal_i2c.o
    0x0800240c   0x0800240c   0x0000034a   Code   RO          520    .text.HAL_I2C_Init  stm32f4xx_hal_i2c.o
    0x08002756   0x08002756   0x00000002   PAD
    0x08002758   0x08002758   0x00000008   Code   RO          530    .text.HAL_I2C_ListenCpltCallback  stm32f4xx_hal_i2c.o
    0x08002760   0x08002760   0x00000008   Code   RO          524    .text.HAL_I2C_MasterRxCpltCallback  stm32f4xx_hal_i2c.o
    0x08002768   0x08002768   0x00000032   Code   RO           20    .text.HAL_I2C_MasterTxCpltCallback  main.o
    0x0800279a   0x0800279a   0x00000002   PAD
    0x0800279c   0x0800279c   0x00000222   Code   RO          556    .text.HAL_I2C_Master_Transmit  stm32f4xx_hal_i2c.o
    0x080029be   0x080029be   0x00000002   PAD
    0x080029c0   0x080029c0   0x0000016e   Code   RO          578    .text.HAL_I2C_Master_Transmit_IT  stm32f4xx_hal_i2c.o
    0x08002b2e   0x08002b2e   0x00000002   PAD
    0x08002b30   0x08002b30   0x00000008   Code   RO          534    .text.HAL_I2C_MemRxCpltCallback  stm32f4xx_hal_i2c.o
    0x08002b38   0x08002b38   0x00000008   Code   RO          532    .text.HAL_I2C_MemTxCpltCallback  stm32f4xx_hal_i2c.o
    0x08002b40   0x08002b40   0x00000008   Code   RO          542    .text.HAL_I2C_MspInit  stm32f4xx_hal_i2c.o
    0x08002b48   0x08002b48   0x00000032   Code   RO           22    .text.HAL_I2C_SlaveRxCpltCallback  main.o
    0x08002b7a   0x08002b7a   0x00000002   PAD
    0x08002b7c   0x08002b7c   0x00000008   Code   RO          526    .text.HAL_I2C_SlaveTxCpltCallback  stm32f4xx_hal_i2c.o
    0x08002b84   0x08002b84   0x000000ee   Code   RO          584    .text.HAL_I2C_Slave_Receive_IT  stm32f4xx_hal_i2c.o
    0x08002c72   0x08002c72   0x00000002   PAD
    0x08002c74   0x08002c74   0x0000001a   Code   RO          234    .text.HAL_IncTick   stm32f4xx_hal.o
    0x08002c8e   0x08002c8e   0x00000002   PAD
    0x08002c90   0x08002c90   0x00000034   Code   RO          224    .text.HAL_Init      stm32f4xx_hal.o
    0x08002cc4   0x08002cc4   0x00000072   Code   RO          226    .text.HAL_InitTick  stm32f4xx_hal.o
    0x08002d36   0x08002d36   0x00000002   PAD
    0x08002d38   0x08002d38   0x00000002   Code   RO          228    .text.HAL_MspInit   stm32f4xx_hal.o
    0x08002d3a   0x08002d3a   0x00000002   PAD
    0x08002d3c   0x08002d3c   0x00000040   Code   RO          373    .text.HAL_NVIC_SetPriority  stm32f4xx_hal_cortex.o
    0x08002d7c   0x08002d7c   0x00000010   Code   RO          369    .text.HAL_NVIC_SetPriorityGrouping  stm32f4xx_hal_cortex.o
    0x08002d8c   0x08002d8c   0x00000264   Code   RO          782    .text.HAL_RCC_ClockConfig  stm32f4xx_hal_rcc.o
    0x08002ff0   0x08002ff0   0x0000000c   Code   RO          792    .text.HAL_RCC_GetHCLKFreq  stm32f4xx_hal_rcc.o
    0x08002ffc   0x08002ffc   0x00000022   Code   RO          794    .text.HAL_RCC_GetPCLK1Freq  stm32f4xx_hal_rcc.o
    0x0800301e   0x0800301e   0x00000002   PAD
    0x08003020   0x08003020   0x00000022   Code   RO          796    .text.HAL_RCC_GetPCLK2Freq  stm32f4xx_hal_rcc.o
    0x08003042   0x08003042   0x00000002   PAD
    0x08003044   0x08003044   0x00000170   Code   RO          830    .text.HAL_RCC_GetSysClockFreq  stm32f4xx_hal_rcc_ex.o
    0x080031b4   0x080031b4   0x00000732   Code   RO          834    .text.HAL_RCC_OscConfig  stm32f4xx_hal_rcc_ex.o
    0x080038e6   0x080038e6   0x00000002   PAD
    0x080038e8   0x080038e8   0x00000010   Code   RO          393    .text.HAL_SYSTICK_Config  stm32f4xx_hal_cortex.o
    0x080038f8   0x080038f8   0x0000000e   Code   RO         1014    .text.HAL_UARTEx_RxEventCallback  stm32f4xx_hal_uart.o
    0x08003906   0x08003906   0x00000002   PAD
    0x08003908   0x08003908   0x00000008   Code   RO         1004    .text.HAL_UART_AbortCpltCallback  stm32f4xx_hal_uart.o
    0x08003910   0x08003910   0x00000008   Code   RO         1008    .text.HAL_UART_AbortReceiveCpltCallback  stm32f4xx_hal_uart.o
    0x08003918   0x08003918   0x00000008   Code   RO         1006    .text.HAL_UART_AbortTransmitCpltCallback  stm32f4xx_hal_uart.o
    0x08003920   0x08003920   0x00000008   Code   RO         1002    .text.HAL_UART_ErrorCallback  stm32f4xx_hal_uart.o
    0x08003928   0x08003928   0x0000043e   Code   RO         1076    .text.HAL_UART_IRQHandler  stm32f4xx_hal_uart.o
    0x08003d66   0x08003d66   0x00000002   PAD
    0x08003d68   0x08003d68   0x000000be   Code   RO          972    .text.HAL_UART_Init  stm32f4xx_hal_uart.o
    0x08003e26   0x08003e26   0x00000002   PAD
    0x08003e28   0x08003e28   0x00000008   Code   RO          976    .text.HAL_UART_MspInit  stm32f4xx_hal_uart.o
    0x08003e30   0x08003e30   0x0000007e   Code   RO         1024    .text.HAL_UART_Receive_IT  stm32f4xx_hal_uart.o
    0x08003eae   0x08003eae   0x00000002   PAD
    0x08003eb0   0x08003eb0   0x0000005c   Code   RO           28    .text.HAL_UART_RxCpltCallback  main.o
    0x08003f0c   0x08003f0c   0x00000008   Code   RO          998    .text.HAL_UART_RxHalfCpltCallback  stm32f4xx_hal_uart.o
    0x08003f14   0x08003f14   0x000000a8   Code   RO         1022    .text.HAL_UART_Transmit_IT  stm32f4xx_hal_uart.o
    0x08003fbc   0x08003fbc   0x0000005c   Code   RO           30    .text.HAL_UART_TxCpltCallback  main.o
    0x08004018   0x08004018   0x00000008   Code   RO          994    .text.HAL_UART_TxHalfCpltCallback  stm32f4xx_hal_uart.o
    0x08004020   0x08004020   0x00000004   Code   RO           14    .text.HardFault_Handler  main.o
    0x08004024   0x08004024   0x00000010   Code   RO           18    .text.I2C1_EV_IRQHandler  main.o
    0x08004034   0x08004034   0x00000010   Code   RO           34    .text.I2C2_EV_IRQHandler  main.o
    0x08004044   0x08004044   0x00000034   Code   RO          644    .text.I2C_ConvertOtherXferOptions  stm32f4xx_hal_i2c.o
    0x08004078   0x08004078   0x00000160   Code   RO          628    .text.I2C_DMAAbort  stm32f4xx_hal_i2c.o
    0x080041d8   0x080041d8   0x00000280   Code   RO          640    .text.I2C_ITError   stm32f4xx_hal_i2c.o
    0x08004458   0x08004458   0x00000064   Code   RO          688    .text.I2C_IsAcknowledgeFailed  stm32f4xx_hal_i2c.o
    0x080044bc   0x080044bc   0x0000019e   Code   RO          660    .text.I2C_MasterReceive_BTF  stm32f4xx_hal_i2c.o
    0x0800465a   0x0800465a   0x00000002   PAD
    0x0800465c   0x0800465c   0x0000013e   Code   RO          658    .text.I2C_MasterReceive_RXNE  stm32f4xx_hal_i2c.o
    0x0800479a   0x0800479a   0x00000002   PAD
    0x0800479c   0x0800479c   0x0000011a   Code   RO          560    .text.I2C_MasterRequestWrite  stm32f4xx_hal_i2c.o
    0x080048b6   0x080048b6   0x00000002   PAD
    0x080048b8   0x080048b8   0x000000e0   Code   RO          654    .text.I2C_MasterTransmit_BTF  stm32f4xx_hal_i2c.o
    0x08004998   0x08004998   0x00000140   Code   RO          652    .text.I2C_MasterTransmit_TXE  stm32f4xx_hal_i2c.o
    0x08004ad8   0x08004ad8   0x0000004e   Code   RO          648    .text.I2C_Master_ADD10  stm32f4xx_hal_i2c.o
    0x08004b26   0x08004b26   0x00000002   PAD
    0x08004b28   0x08004b28   0x00000344   Code   RO          650    .text.I2C_Master_ADDR  stm32f4xx_hal_i2c.o
    0x08004e6c   0x08004e6c   0x000000fc   Code   RO          646    .text.I2C_Master_SB  stm32f4xx_hal_i2c.o
    0x08004f68   0x08004f68   0x00000128   Code   RO          656    .text.I2C_MemoryTransmit_TXE_BTF  stm32f4xx_hal_i2c.o
    0x08005090   0x08005090   0x00000030   Code   RO          672    .text.I2C_SlaveReceive_BTF  stm32f4xx_hal_i2c.o
    0x080050c0   0x080050c0   0x00000072   Code   RO          670    .text.I2C_SlaveReceive_RXNE  stm32f4xx_hal_i2c.o
    0x08005132   0x08005132   0x00000002   PAD
    0x08005134   0x08005134   0x0000002e   Code   RO          668    .text.I2C_SlaveTransmit_BTF  stm32f4xx_hal_i2c.o
    0x08005162   0x08005162   0x00000002   PAD
    0x08005164   0x08005164   0x00000070   Code   RO          666    .text.I2C_SlaveTransmit_TXE  stm32f4xx_hal_i2c.o
    0x080051d4   0x080051d4   0x000000b6   Code   RO          662    .text.I2C_Slave_ADDR  stm32f4xx_hal_i2c.o
    0x0800528a   0x0800528a   0x00000002   PAD
    0x0800528c   0x0800528c   0x00000258   Code   RO          664    .text.I2C_Slave_STOPF  stm32f4xx_hal_i2c.o
    0x080054e4   0x080054e4   0x0000009c   Code   RO          564    .text.I2C_WaitOnBTFFlagUntilTimeout  stm32f4xx_hal_i2c.o
    0x08005580   0x08005580   0x000000c4   Code   RO          558    .text.I2C_WaitOnFlagUntilTimeout  stm32f4xx_hal_i2c.o
    0x08005644   0x08005644   0x00000114   Code   RO          686    .text.I2C_WaitOnMasterAddressFlagUntilTimeout  stm32f4xx_hal_i2c.o
    0x08005758   0x08005758   0x0000007a   Code   RO          684    .text.I2C_WaitOnSTOPRequestThroughIT  stm32f4xx_hal_i2c.o
    0x080057d2   0x080057d2   0x00000002   PAD
    0x080057d4   0x080057d4   0x0000009a   Code   RO          562    .text.I2C_WaitOnTXEFlagUntilTimeout  stm32f4xx_hal_i2c.o
    0x0800586e   0x0800586e   0x00000002   PAD
    0x08005870   0x08005870   0x0000006e   Code   RO          379    .text.NVIC_EncodePriority  stm32f4xx_hal_cortex.o
    0x080058de   0x080058de   0x00000002   PAD
    0x080058e0   0x080058e0   0x00000052   Code   RO          395    .text.SysTick_Config  stm32f4xx_hal_cortex.o
    0x08005932   0x08005932   0x00000002   PAD
    0x08005934   0x08005934   0x00000036   Code   RO           32    .text.SysTick_Handler  main.o
    0x0800596a   0x0800596a   0x00000002   PAD
    0x0800596c   0x0800596c   0x00000134   Code   RO         1218    .text.SystemCoreClockUpdate  system_stm32f4xx.o
    0x08005aa0   0x08005aa0   0x00000012   Code   RO         1216    .text.SystemInit    system_stm32f4xx.o
    0x08005ab2   0x08005ab2   0x00000002   PAD
    0x08005ab4   0x08005ab4   0x00000010   Code   RO           24    .text.UART4_IRQHandler  main.o
    0x08005ac4   0x08005ac4   0x00000010   Code   RO           26    .text.UART5_IRQHandler  main.o
    0x08005ad4   0x08005ad4   0x00000020   Code   RO         1080    .text.UART_DMAAbortOnError  stm32f4xx_hal_uart.o
    0x08005af4   0x08005af4   0x00000094   Code   RO         1048    .text.UART_EndRxTransfer  stm32f4xx_hal_uart.o
    0x08005b88   0x08005b88   0x00000026   Code   RO         1084    .text.UART_EndTransmit_IT  stm32f4xx_hal_uart.o
    0x08005bae   0x08005bae   0x00000002   PAD
    0x08005bb0   0x08005bb0   0x00000074   Code   RO          974    .text.UART_InitCallbacksToDefault  stm32f4xx_hal_uart.o
    0x08005c24   0x08005c24   0x00000170   Code   RO         1078    .text.UART_Receive_IT  stm32f4xx_hal_uart.o
    0x08005d94   0x08005d94   0x00000156   Code   RO          978    .text.UART_SetConfig  stm32f4xx_hal_uart.o
    0x08005eea   0x08005eea   0x00000002   PAD
    0x08005eec   0x08005eec   0x00000066   Code   RO         1026    .text.UART_Start_Receive_IT  stm32f4xx_hal_uart.o
    0x08005f52   0x08005f52   0x00000002   PAD
    0x08005f54   0x08005f54   0x00000098   Code   RO         1082    .text.UART_Transmit_IT  stm32f4xx_hal_uart.o
    0x08005fec   0x08005fec   0x00000008   Code   RO          104    .text._GLOBAL__sub_I_BASE_COM.cpp  base_com.o
    0x08005ff4   0x08005ff4   0x00000010   Code   RO           38    .text._GLOBAL__sub_I_main.cpp  main.o
    0x08006004   0x08006004   0x000000bc   Code   RO           12    .text._ZL12Clock_Configv  main.o
    0x080060c0   0x080060c0   0x000000ce   Code   RO           10    .text._ZL15I2C2_Slave_initv  main.o
    0x0800618e   0x0800618e   0x00000002   PAD
    0x08006190   0x08006190   0x00000034   Code   RO           36    .text._ZL16__NVIC_EnableIRQ9IRQn_Type  main.o
    0x080061c4   0x080061c4   0x00000034   Code   RO          142    .text._ZL16__NVIC_EnableIRQ9IRQn_Type  uart_com.o
    0x080061f8   0x080061f8   0x00000034   Code   RO          171    .text._ZL16__NVIC_EnableIRQ9IRQn_Type  i2c_com.o
    0x0800622c   0x0800622c   0x00000026   Code   RO           16    .text._ZL18__NVIC_SystemResetv  main.o
    0x08006252   0x08006252   0x00000002   PAD
    0x08006254   0x08006254   0x00000176   Code   RO           98    .text._ZN10BASE_COM_t17GPIO_clock_EnableEP12GPIO_TypeDef  base_com.o
    0x080063ca   0x080063ca   0x00000002   PAD
    0x080063cc   0x080063cc   0x000000f6   Code   RO          100    .text._ZN10BASE_COM_t4pollEv  base_com.o
    0x080064c2   0x080064c2   0x00000002   PAD
    0x080064c4   0x080064c4   0x00000226   Code   RO           92    .text._ZN10BASE_COM_tC2Ev  base_com.o
    0x080066ea   0x080066ea   0x00000002   PAD
    0x080066ec   0x080066ec   0x00000022   Code   RO          102    .text._ZN10BASE_COM_tD2Ev  base_com.o
    0x0800670e   0x0800670e   0x00000002   PAD
    0x08006710   0x08006710   0x0000001c   Code   RO          195    .text._ZN11send_handleC2EP10BASE_COM_t  observer_pattern.o
    0x0800672c   0x0800672c   0x00000010   Code   RO          181    .text._ZN7I2C_COM13Send_callbackEv  i2c_com.o
    0x0800673c   0x0800673c   0x00000026   Code   RO          179    .text._ZN7I2C_COM16Receive_callbackEv  i2c_com.o
    0x08006762   0x08006762   0x00000002   PAD
    0x08006764   0x08006764   0x00000014   Code   RO          183    .text._ZN7I2C_COM17Interrupt_handlerEv  i2c_com.o
    0x08006778   0x08006778   0x000000cc   Code   RO          167    .text._ZN7I2C_COM18I2C_low_level_initEP12GPIO_TypeDef  i2c_com.o
    0x08006844   0x08006844   0x0000000e   Code   RO          173    .text._ZN7I2C_COM22Get_I2c_Handle_TypeDefEv  i2c_com.o
    0x08006852   0x08006852   0x00000002   PAD
    0x08006854   0x08006854   0x0000003c   Code   RO          175    .text._ZN7I2C_COM4SendEPcj  i2c_com.o
    0x08006890   0x08006890   0x00000048   Code   RO          177    .text._ZN7I2C_COM7ReceiveEv  i2c_com.o
    0x080068d8   0x080068d8   0x00000124   Code   RO          165    .text._ZN7I2C_COMC2EjjtP11I2C_TypeDefP12GPIO_TypeDefjjj  i2c_com.o
    0x080069fc   0x080069fc   0x00000052   Code   RO          169    .text._ZN7I2C_COMD2Ev  i2c_com.o
    0x08006a4e   0x08006a4e   0x00000002   PAD
    0x08006a50   0x08006a50   0x000000a4   Code   RO          209    .text._ZN7subject16Notify_observersEP10BASE_COM_t  observer_pattern.o
    0x08006af4   0x08006af4   0x000001fc   Code   RO          207    .text._ZN7subject7attatchEP10BASE_COM_tS1_  observer_pattern.o
    0x08006cf0   0x08006cf0   0x00000042   Code   RO          203    .text._ZN7subjectC2Ev  observer_pattern.o
    0x08006d32   0x08006d32   0x00000002   PAD
    0x08006d34   0x08006d34   0x000000d4   Code   RO          205    .text._ZN7subjectD2Ev  observer_pattern.o
    0x08006e08   0x08006e08   0x00000010   Code   RO          154    .text._ZN8UART_COM13Send_callbackEv  uart_com.o
    0x08006e18   0x08006e18   0x00000022   Code   RO          152    .text._ZN8UART_COM16Receive_callbackEv  uart_com.o
    0x08006e3a   0x08006e3a   0x00000002   PAD
    0x08006e3c   0x08006e3c   0x00000014   Code   RO          146    .text._ZN8UART_COM17Interrupt_handlerEv  uart_com.o
    0x08006e50   0x08006e50   0x0000017a   Code   RO          138    .text._ZN8UART_COM19uart_low_level_initEP12GPIO_TypeDef  uart_com.o
    0x08006fca   0x08006fca   0x00000002   PAD
    0x08006fcc   0x08006fcc   0x0000000e   Code   RO          144    .text._ZN8UART_COM22Get_UART_HandleTypeDefEv  uart_com.o
    0x08006fda   0x08006fda   0x00000002   PAD
    0x08006fdc   0x08006fdc   0x00000032   Code   RO          148    .text._ZN8UART_COM4SendEPcj  uart_com.o
    0x0800700e   0x0800700e   0x00000002   PAD
    0x08007010   0x08007010   0x00000048   Code   RO          150    .text._ZN8UART_COM7ReceiveEv  uart_com.o
    0x08007058   0x08007058   0x000000e0   Code   RO          136    .text._ZN8UART_COMC2EjP13USART_TypeDefP12GPIO_TypeDefjjh  uart_com.o
    0x08007138   0x08007138   0x00000052   Code   RO          140    .text._ZN8UART_COMD2Ev  uart_com.o
    0x0800718a   0x0800718a   0x00000002   PAD
    0x0800718c   0x0800718c   0x000000ac   Code   RO          211    .text._ZN8observer6notifyEP10BASE_COM_ti  observer_pattern.o
    0x08007238   0x08007238   0x00000042   Code   RO          199    .text._ZN8observerC2Ev  observer_pattern.o
    0x0800727a   0x0800727a   0x00000002   PAD
    0x0800727c   0x0800727c   0x000000b8   Code   RO          201    .text._ZN8observerD2Ev  observer_pattern.o
    0x08007334   0x08007334   0x00000004   Code   RO         1309    .text._ZNKSt3__120__vector_base_commonILb1EE20__throw_length_errorEv  libcpp_w.l(vector.cpp.o)
    0x08007338   0x08007338   0x00000068   Code   RO          132    .text._ZNKSt3__16vectorIP10BASE_COM_tNS_9allocatorIS2_EEE8max_sizeEv  base_com.o
    0x080073a0   0x080073a0   0x00000068   Code   RO           67    .text._ZNKSt3__16vectorIP11send_handleNS_9allocatorIS2_EEE8max_sizeEv  main.o
    0x08007408   0x08007408   0x000000f4   Code   RO          120    .text._ZNSt3__113__vector_baseIP10BASE_COM_tNS_9allocatorIS2_EEED2Ev  base_com.o
    0x080074fc   0x080074fc   0x000000f4   Code   RO          221    .text._ZNSt3__113__vector_baseIP11send_handleNS_9allocatorIS2_EEED2Ev  observer_pattern.o
    0x080075f0   0x080075f0   0x000000e6   Code   RO          126    .text._ZNSt3__114__split_bufferIP10BASE_COM_tRNS_9allocatorIS2_EEEC2EjjS5_  base_com.o
    0x080076d6   0x080076d6   0x00000002   PAD
    0x080076d8   0x080076d8   0x000000ea   Code   RO          130    .text._ZNSt3__114__split_bufferIP10BASE_COM_tRNS_9allocatorIS2_EEED2Ev  base_com.o
    0x080077c2   0x080077c2   0x00000002   PAD
    0x080077c4   0x080077c4   0x000000e6   Code   RO           61    .text._ZNSt3__114__split_bufferIP11send_handleRNS_9allocatorIS2_EEEC2EjjS5_  main.o
    0x080078aa   0x080078aa   0x00000002   PAD
    0x080078ac   0x080078ac   0x000000ea   Code   RO           65    .text._ZNSt3__114__split_bufferIP11send_handleRNS_9allocatorIS2_EEED2Ev  main.o
    0x08007996   0x08007996   0x00000002   PAD
    0x08007998   0x08007998   0x00000012   Code   RO           69    .text._ZNSt3__117_DeallocateCaller27__do_deallocate_handle_sizeEPvj  main.o
    0x080079aa   0x080079aa   0x00000002   PAD
    0x080079ac   0x080079ac   0x00000010   Code   RO           71    .text._ZNSt3__117_DeallocateCaller9__do_callEPv  main.o
    0x080079bc   0x080079bc   0x00000024   Code   RO          122    .text._ZNSt3__16vectorIP10BASE_COM_tNS_9allocatorIS2_EEE21_ConstructTransactionC2ERS5_j  base_com.o
    0x080079e0   0x080079e0   0x00000010   Code   RO          124    .text._ZNSt3__16vectorIP10BASE_COM_tNS_9allocatorIS2_EEE21_ConstructTransactionD2Ev  base_com.o
    0x080079f0   0x080079f0   0x0000027a   Code   RO          128    .text._ZNSt3__16vectorIP10BASE_COM_tNS_9allocatorIS2_EEE26__swap_out_circular_bufferERNS_14__split_bufferIS2_RS4_EE  base_com.o
    0x08007c6a   0x08007c6a   0x00000002   PAD
    0x08007c6c   0x08007c6c   0x000000c8   Code   RO          118    .text._ZNSt3__16vectorIP10BASE_COM_tNS_9allocatorIS2_EEED2Ev  base_com.o
    0x08007d34   0x08007d34   0x00000024   Code   RO           57    .text._ZNSt3__16vectorIP11send_handleNS_9allocatorIS2_EEE21_ConstructTransactionC2ERS5_j  main.o
    0x08007d58   0x08007d58   0x00000010   Code   RO           59    .text._ZNSt3__16vectorIP11send_handleNS_9allocatorIS2_EEE21_ConstructTransactionD2Ev  main.o
    0x08007d68   0x08007d68   0x0000027a   Code   RO           63    .text._ZNSt3__16vectorIP11send_handleNS_9allocatorIS2_EEE26__swap_out_circular_bufferERNS_14__split_bufferIS2_RS4_EE  main.o
    0x08007fe2   0x08007fe2   0x0000000c   Code   RO         1569    .text._ZSt15get_new_handlerv  libcppabi_w.l(cxa_handlers.cpp.o)
    0x08007fee   0x08007fee   0x00000004   Code   RO         1273    .text._ZdlPv        libcpp_w.l(new.cpp.o)
    0x08007ff2   0x08007ff2   0x00000002   PAD
    0x08007ff4   0x08007ff4   0x00000026   Code   RO         1265    .text._Znwj         libcpp_w.l(new.cpp.o)
    0x0800801a   0x0800801a   0x00000002   PAD
    0x0800801c   0x0800801c   0x00000010   Code   RO          375    .text.__NVIC_GetPriorityGrouping  stm32f4xx_hal_cortex.o
    0x0800802c   0x0800802c   0x00000044   Code   RO          377    .text.__NVIC_SetPriority  stm32f4xx_hal_cortex.o
    0x08008070   0x08008070   0x0000003c   Code   RO          371    .text.__NVIC_SetPriorityGrouping  stm32f4xx_hal_cortex.o
    0x080080ac   0x080080ac   0x00000028   Code   RO         1314    .text.__cxa_pure_virtual  libcppabi_w.l(cxa_virtual.cpp.o)
    0x080080d4   0x080080d4   0x0000004c   Code   RO            2    .text.__cxx_global_var_init  main.o
    0x08008120   0x08008120   0x00000062   Code   RO           90    .text.__cxx_global_var_init  base_com.o
    0x08008182   0x08008182   0x00000002   PAD
    0x08008184   0x08008184   0x0000004e   Code   RO            4    .text.__cxx_global_var_init.1  main.o
    0x080081d2   0x080081d2   0x00000002   PAD
    0x080081d4   0x080081d4   0x0000005a   Code   RO            6    .text.__cxx_global_var_init.2  main.o
    0x0800822e   0x0800822e   0x00000004   Code   RO         1552    .text.abort_message  libcppabi_w.l(abort_message.cpp.o)
    0x08008232   0x08008232   0x00000002   PAD
    0x08008234   0x08008234   0x00000aa0   Code   RO            8    .text.main          main.o
    0x08008cd4   0x08008cd4   0x0000003e   Code   RO         1693    CL$$btod_d2e        c_w.l(btod.o)
    0x08008d12   0x08008d12   0x00000046   Code   RO         1695    CL$$btod_d2e_denorm_low  c_w.l(btod.o)
    0x08008d58   0x08008d58   0x00000060   Code   RO         1694    CL$$btod_d2e_norm_op1  c_w.l(btod.o)
    0x08008db8   0x08008db8   0x00000338   Code   RO         1703    CL$$btod_div_common  c_w.l(btod.o)
    0x080090f0   0x080090f0   0x000000dc   Code   RO         1700    CL$$btod_e2e        c_w.l(btod.o)
    0x080091cc   0x080091cc   0x0000002a   Code   RO         1697    CL$$btod_ediv       c_w.l(btod.o)
    0x080091f6   0x080091f6   0x0000002a   Code   RO         1696    CL$$btod_emul       c_w.l(btod.o)
    0x08009220   0x08009220   0x00000244   Code   RO         1702    CL$$btod_mult_common  c_w.l(btod.o)
    0x08009464   0x08009464   0x00000030   Code   RO         1766    i.__ARM_fpclassify  m_wm.l(fpclassify.o)
    0x08009494   0x08009494   0x0000000e   Code   RO         1451    i._is_digit         c_w.l(__printf_wp.o)
    0x080094a2   0x080094a2   0x00000002   PAD
    0x080094a4   0x080094a4   0x0000002c   Code   RO         1718    locale$$code        c_w.l(lc_numeric_c.o)
    0x080094d0   0x080094d0   0x0000002c   Code   RO         1779    locale$$code        c_w.l(lc_ctype_c.o)
    0x080094fc   0x080094fc   0x0000001a   Code   RO         1655    x$fpl$fpinit        fz_wm.l(fpinit.o)
    0x08009516   0x08009516   0x00000004   Code   RO         1543    x$fpl$printf1       fz_wm.l(printf1.o)
    0x0800951a   0x0800951a   0x00000004   Code   RO         1545    x$fpl$printf2       fz_wm.l(printf2.o)
    0x0800951e   0x0800951e   0x00000000   Code   RO         1765    x$fpl$usenofp       fz_wm.l(usenofp.o)
    0x0800951e   0x0800951e   0x00000002   PAD
    0x08009520   0x08009520   0x00000008   Data   RO         1410    .constdata          c_w.l(_printf_wctomb.o)
    0x08009528   0x08009528   0x00000028   Data   RO         1439    .constdata          c_w.l(_printf_hex_int_ll_ptr.o)
    0x08009550   0x08009550   0x00000011   Data   RO         1459    .constdata          c_w.l(__printf_flags_ss_wp.o)
    0x08009561   0x08009561   0x00000026   Data   RO         1633    .constdata          c_w.l(_printf_fp_hex.o)
    0x08009587   0x08009587   0x00000001   PAD
    0x08009588   0x08009588   0x00000094   Data   RO         1691    .constdata          c_w.l(bigflt0.o)
    0x0800961c   0x0800961c   0x00000010   Data   RO         1221    .rodata.AHBPrescTable  system_stm32f4xx.o
    0x0800962c   0x0800962c   0x00000008   Data   RO         1222    .rodata.APBPrescTable  system_stm32f4xx.o
    0x08009634   0x08009634   0x00000020   Data   RO          108    .rodata._ZTV10BASE_COM_t  base_com.o
    0x08009654   0x08009654   0x00000020   Data   RO          185    .rodata._ZTV7I2C_COM  i2c_com.o
    0x08009674   0x08009674   0x00000020   Data   RO          156    .rodata._ZTV8UART_COM  uart_com.o
    0x08009694   0x08009694   0x00000050   Data   RO           47    .rodata.str1.1      main.o
    0x080096e4   0x080096e4   0x00000020   Data   RO         1817    Region$$Table       anon$$obj.o
    0x08009704   0x08009704   0x0000001c   Data   RO         1717    locale$$data        c_w.l(lc_numeric_c.o)
    0x08009720   0x08009720   0x00000110   Data   RO         1778    locale$$data        c_w.l(lc_ctype_c.o)
    0x08009830   0x08009830   0x00000004   Data   RO           48    .init_array         main.o
    0x08009834   0x08009830   0x00000004   Data   RO          110    .init_array         base_com.o
    0x08009838   0x08009830   0x00000000   Data   RO         1257    .init_array         c_w.l(init_aeabi.o)


    Execution Region RW_IRAM1 (Exec base: 0x20000000, Load base: 0x08009838, Size: 0x00001678, Max: 0x00020000, ABSOLUTE)

    Exec Addr    Load Addr    Size         Type   Attr      Idx    E Section Name        Object

    0x20000000   0x08009838   0x00000004   Data   RW         1220    .data.SystemCoreClock  system_stm32f4xx.o
    0x20000004   0x0800983c   0x00000001   Data   RW          279    .data.uwTickFreq    stm32f4xx_hal.o
    0x20000005   0x0800983d   0x00000003   PAD
    0x20000008   0x08009840   0x00000004   Data   RW          278    .data.uwTickPrio    stm32f4xx_hal.o
    0x2000000c   0x08009844   0x00000004   PAD
    0x20000010        -       0x00000060   Zero   RW         1669    .bss                c_w.l(libspace.o)
    0x20000070        -       0x0000000c   Zero   RW          106    .bss.COM_ABSTRACT   base_com.o
    0x2000007c        -       0x00000001   Zero   RW           43    .bss.I2C_send_trigger  main.o
    0x2000007d   0x08009844   0x00000003   PAD
    0x20000080        -       0x00000228   Zero   RW           46    .bss.My_I2C1        main.o
    0x200002a8        -       0x00000224   Zero   RW           44    .bss.My_UART4       main.o
    0x200004cc        -       0x00000224   Zero   RW           45    .bss.My_UART5       main.o
    0x200006f0        -       0x00000004   Zero   RW          107    .bss._ZN10BASE_COM_t16Num_of_instancesE  base_com.o
    0x200006f4        -       0x00000004   Zero   RW         1571    .bss.__cxa_new_handler  libcppabi_w.l(cxa_handlers.cpp.o)
    0x200006f8        -       0x000001f4   Zero   RW           40    .bss.generic_buffer  main.o
    0x200008ec        -       0x00000004   Zero   RW           41    .bss.generic_int    main.o
    0x200008f0        -       0x00000084   Zero   RW           42    .bss.i2c2           main.o
    0x20000974        -       0x00000004   Zero   RW          280    .bss.uwTick         stm32f4xx_hal.o
    0x20000978        -       0x00000900   Zero   RW         1208    HEAP                startup_stm32f446xx.o
    0x20001278        -       0x00000400   Zero   RW         1207    STACK               startup_stm32f446xx.o


==============================================================================

Image component sizes


      Code (inc. data)   RO Data    RW Data    ZI Data      Debug   Object Name

      3008          0         36          0         16      81190   base_com.o
       850          0         32          0          0      29369   i2c_com.o
      5158          0         84          0       2285      73523   main.o
      1644          0          0          0          0      80793   observer_pattern.o
        64         26        452          0       3328        860   startup_stm32f446xx.o
       274          0          0          5          4       7607   stm32f4xx_hal.o
       432          0          0          0          0       9835   stm32f4xx_hal_cortex.o
       326          0          0          0          0       8682   stm32f4xx_hal_dma.o
       934          0          0          0          0       5409   stm32f4xx_hal_gpio.o
      9226          0          0          0          0      40159   stm32f4xx_hal_i2c.o
       692          0          0          0          0       7925   stm32f4xx_hal_rcc.o
      2210         14          0          0          0      11241   stm32f4xx_hal_rcc_ex.o
      2938          0          0          0          0      22961   stm32f4xx_hal_uart.o
       326          0         24          4          0       2710   system_stm32f4xx.o
       942          0         32          0          0      29134   uart_com.o

    ----------------------------------------------------------------------
     29140         40        692         12       5640     411398   Object Totals
         0          0         32          0          0          0   (incl. Generated)
       116          0          0          3          7          0   (incl. Padding)

    ----------------------------------------------------------------------

      Code (inc. data)   RO Data    RW Data    ZI Data      Debug   Library Member Name

         8          0          0          0          0         68   __main.o
       392          4         17          0          0         92   __printf_flags_ss_wp.o
        14          0          0          0          0         68   __printf_wp.o
         0          0          0          0          0          0   __rtentry.o
        12          0          0          0          0          0   __rtentry2.o
         6          0          0          0          0          0   __rtentry4.o
        52          8          0          0          0          0   __scatter.o
        26          0          0          0          0          0   __scatter_copy.o
        28          0          0          0          0          0   __scatter_zi.o
        72          0          0          0          0         96   _c16rtomb.o
       264          0          0          0          0         96   _get_argv.o
         6          0          0          0          0          0   _printf_a.o
         6          0          0          0          0          0   _printf_c.o
        44          0          0          0          0        108   _printf_char.o
        48          6          0          0          0         96   _printf_char_common.o
        40          0          0          0          0         68   _printf_charcount.o
         6          0          0          0          0          0   _printf_d.o
       120         16          0          0          0         92   _printf_dec.o
         6          0          0          0          0          0   _printf_e.o
         6          0          0          0          0          0   _printf_f.o
      1052          0          0          0          0        148   _printf_fp_dec.o
       764          8         38          0          0        100   _printf_fp_hex.o
       128         16          0          0          0         84   _printf_fp_infnan.o
         6          0          0          0          0          0   _printf_g.o
       148          4         40          0          0        160   _printf_hex_int_ll_ptr.o
         6          0          0          0          0          0   _printf_i.o
       178          0          0          0          0         88   _printf_intcommon.o
        10          0          0          0          0          0   _printf_l.o
         6          0          0          0          0          0   _printf_lc.o
        10          0          0          0          0          0   _printf_ll.o
         6          0          0          0          0          0   _printf_lld.o
         6          0          0          0          0          0   _printf_lli.o
         6          0          0          0          0          0   _printf_llo.o
         6          0          0          0          0          0   _printf_llu.o
         6          0          0          0          0          0   _printf_llx.o
       124         16          0          0          0         92   _printf_longlong_dec.o
         6          0          0          0          0          0   _printf_ls.o
         6          0          0          0          0          0   _printf_n.o
         6          0          0          0          0          0   _printf_o.o
       112          8          0          0          0        124   _printf_oct_int_ll.o
         6          0          0          0          0          0   _printf_p.o
        78          0          0          0          0        108   _printf_pad.o
         0          0          0          0          0          0   _printf_percent.o
         4          0          0          0          0          0   _printf_percent_end.o
         6          0          0          0          0          0   _printf_s.o
        82          0          0          0          0         80   _printf_str.o
        36          0          0          0          0         84   _printf_truncate.o
         6          0          0          0          0          0   _printf_u.o
        44          0          0          0          0        108   _printf_wchar.o
       188          6          8          0          0         92   _printf_wctomb.o
         6          0          0          0          0          0   _printf_x.o
        10          0          0          0          0         68   _sputc.o
        22          0          0          0          0         80   abort.o
        46          0          0          0          0         84   aeabi_atexit.o
         4          0          0          0          0         68   argv_veneer.o
       228          4        148          0          0         96   bigflt0.o
      1936        128          0          0          0        672   btod.o
        10          0          0          0          0         68   cxa_atexit.o
        66          0          0          0          0         84   cxa_finalize.o
        48         34          0          0          0         76   defsig_abrt_inner.o
        14          0          0          0          0         80   defsig_abrt_outer.o
        10          0          0          0          0         68   defsig_exit.o
        50          0          0          0          0         88   defsig_general.o
        80         58          0          0          0         76   defsig_rtmem_inner.o
        14          0          0          0          0         80   defsig_rtmem_outer.o
        18          0          0          0          0         80   exit.o
        94          0          0          0          0         80   h1_alloc.o
        52          0          0          0          0         68   h1_extend.o
        78          0          0          0          0         80   h1_free.o
        14          0          0          0          0         84   h1_init.o
         6          0          0          0          0        152   heapauxi.o
         4          0          0          0          0        136   hguard.o
         4          0          0          0          0        136   hrguard.o
         0          0          0          0          0          0   indicate_semi.o
        36          8          0          0          0         80   init_aeabi.o
       138          0          0          0          0        168   init_alloc.o
        44         10        272          0          0         76   lc_ctype_c.o
        44         10         28          0          0         76   lc_numeric_c.o
         2          0          0          0          0          0   libinit.o
        54          0          0          0          0          0   libinit2.o
         2          0          0          0          0          0   libshutdown.o
         8          0          0          0          0          0   libshutdown2.o
         8          4          0          0         96         68   libspace.o
       138          0          0          0          0         80   lludiv10.o
       240          0          0          0          0        100   lludivv7m.o
         0          0          0          0          0          0   maybetermalloc1.o
        16          4          0          0          0         76   rt_ctype_table.o
         8          4          0          0          0         68   rt_ddtor_pointer_addr_intlibspace.o
         8          4          0          0          0         68   rt_heap_descriptor_intlibspace.o
         8          4          0          0          0         68   rt_locale_intlibspace.o
        68          0          0          0          0         68   rt_memclr.o
        78          0          0          0          0         80   rt_memclr_w.o
       100          0          0          0          0         80   rt_memcpy_w.o
         2          0          0          0          0          0   rtexit.o
        10          0          0          0          0          0   rtexit2.o
        44          6          0          0          0         84   sprintf.o
       124          0          0          0          0         88   strcmpv7em.o
        62          0          0          0          0         76   strlen.o
        24          0          0          0          0         76   sys_command.o
        12          4          0          0          0         68   sys_exit.o
        74          0          0          0          0         80   sys_stackheap_outer.o
        14          0          0          0          0         76   sys_wrch.o
         2          0          0          0          0         68   use_no_semi.o
        26          0          0          0          0        116   fpinit.o
         4          0          0          0          0        116   printf1.o
         4          0          0          0          0        116   printf2.o
         0          0          0          0          0          0   usenofp.o
        42          0          0          0          0          0   new.cpp.o
         4          0          0          0          0          0   vector.cpp.o
         4          0          0          0          0          0   abort_message.cpp.o
        12          0          0          0          4          0   cxa_handlers.cpp.o
        40         32          0          0          0          0   cxa_virtual.cpp.o
        48          0          0          0          0        124   fpclassify.o

    ----------------------------------------------------------------------
      8584        406        552          0        100       6800   Library Totals
        20          0          1          0          0          0   (incl. Padding)

    ----------------------------------------------------------------------

      Code (inc. data)   RO Data    RW Data    ZI Data      Debug   Library Name

      8380        374        551          0         96       6328   c_w.l
        34          0          0          0          0        348   fz_wm.l
        46          0          0          0          0          0   libcpp_w.l
        56         32          0          0          4          0   libcppabi_w.l
        48          0          0          0          0        124   m_wm.l

    ----------------------------------------------------------------------
      8584        406        552          0        100       6800   Library Totals

    ----------------------------------------------------------------------

==============================================================================


      Code (inc. data)   RO Data    RW Data    ZI Data      Debug   

     37724        446       1244         12       5740     414150   Grand Totals
     37724        446       1244         12       5740     414150   ELF Image Totals
     37724        446       1244         12          0          0   ROM Totals

==============================================================================

    Total RO  Size (Code + RO Data)                38968 (  38.05kB)
    Total RW  Size (RW Data + ZI Data)              5752 (   5.62kB)
    Total ROM Size (Code + RO Data + RW Data)      38980 (  38.07kB)

==============================================================================

