Component: ARM Compiler 6.14 Tool: armlink [5db06800]

==============================================================================

Section Cross References

    main.o(.text.main) refers to stm32f4xx_hal.o(.text.HAL_Init) for HAL_Init
    main.o(.text.main) refers to stm32f4xx_hal.o(.text.HAL_InitTick) for HAL_InitTick
    main.o(.text.main) refers to debug.o(.text.Debug_Init) for Debug_Init
    main.o(.text.main) refers to main.o(.bss.generic_int) for generic_int
    main.o(.text.main) refers to main.o(.bss.generic_buffer) for generic_buffer
    main.o(.text.main) refers to rt_memclr.o(.text) for __aeabi_memclr
    main.o(.text.main) refers to main.o(.rodata.str1.1) for .L.str
    main.o(.text.main) refers to sprintf.o(.text) for sprintf
    main.o(.text.main) refers to debug.o(.text.print_DebugMsg) for print_DebugMsg
    main.o(.text.main) refers to stm32f4xx_hal.o(.text.HAL_Delay) for HAL_Delay
    main.o(.ARM.exidx.text.main) refers to main.o(.text.main) for [Anonymous Symbol]
    debug.o(.text.Debug_Init) refers to stm32f4xx_hal_gpio.o(.text.HAL_GPIO_Init) for HAL_GPIO_Init
    debug.o(.text.Debug_Init) refers to debug.o(.bss.Debug_uart) for Debug_uart
    debug.o(.text.Debug_Init) refers to debug.o(.text.__NVIC_EnableIRQ) for __NVIC_EnableIRQ
    debug.o(.text.Debug_Init) refers to stm32f4xx_hal_uart.o(.text.HAL_UART_Init) for HAL_UART_Init
    debug.o(.ARM.exidx.text.Debug_Init) refers to debug.o(.text.Debug_Init) for [Anonymous Symbol]
    debug.o(.ARM.exidx.text.__NVIC_EnableIRQ) refers to debug.o(.text.__NVIC_EnableIRQ) for [Anonymous Symbol]
    debug.o(.text.print_DebugMsg) refers to debug.o(.bss.Debug_uart) for Debug_uart
    debug.o(.text.print_DebugMsg) refers to strlen.o(.text) for strlen
    debug.o(.text.print_DebugMsg) refers to stm32f4xx_hal_uart.o(.text.HAL_UART_Transmit_IT) for HAL_UART_Transmit_IT
    debug.o(.ARM.exidx.text.print_DebugMsg) refers to debug.o(.text.print_DebugMsg) for [Anonymous Symbol]
    debug.o(.text.SysTick_Handler) refers to stm32f4xx_hal.o(.text.HAL_IncTick) for HAL_IncTick
    debug.o(.ARM.exidx.text.SysTick_Handler) refers to debug.o(.text.SysTick_Handler) for [Anonymous Symbol]
    debug.o(.text.UART4_IRQHandler) refers to debug.o(.bss.Debug_uart) for Debug_uart
    debug.o(.text.UART4_IRQHandler) refers to stm32f4xx_hal_uart.o(.text.HAL_UART_IRQHandler) for HAL_UART_IRQHandler
    debug.o(.ARM.exidx.text.UART4_IRQHandler) refers to debug.o(.text.UART4_IRQHandler) for [Anonymous Symbol]
    base_com.o(.ARM.exidx.text._ZN8BASE_COM10Pin_setterEP12GPIO_TypeDefj) refers to base_com.o(.text._ZN8BASE_COM10Pin_setterEP12GPIO_TypeDefj) for [Anonymous Symbol]
    base_com.o(.text._ZN8BASE_COM8pin_readEv) refers to stm32f4xx_hal_gpio.o(.text.HAL_GPIO_ReadPin) for HAL_GPIO_ReadPin
    base_com.o(.ARM.exidx.text._ZN8BASE_COM8pin_readEv) refers to base_com.o(.text._ZN8BASE_COM8pin_readEv) for [Anonymous Symbol]
    stm32f4xx_hal.o(.text.HAL_Init) refers to stm32f4xx_hal_cortex.o(.text.HAL_NVIC_SetPriorityGrouping) for HAL_NVIC_SetPriorityGrouping
    stm32f4xx_hal.o(.text.HAL_Init) refers to stm32f4xx_hal.o(.text.HAL_InitTick) for HAL_InitTick
    stm32f4xx_hal.o(.text.HAL_Init) refers to stm32f4xx_hal.o(.text.HAL_MspInit) for HAL_MspInit
    stm32f4xx_hal.o(.ARM.exidx.text.HAL_Init) refers to stm32f4xx_hal.o(.text.HAL_Init) for [Anonymous Symbol]
    stm32f4xx_hal.o(.text.HAL_InitTick) refers to system_stm32f4xx.o(.data.SystemCoreClock) for SystemCoreClock
    stm32f4xx_hal.o(.text.HAL_InitTick) refers to stm32f4xx_hal.o(.data.uwTickFreq) for uwTickFreq
    stm32f4xx_hal.o(.text.HAL_InitTick) refers to stm32f4xx_hal_cortex.o(.text.HAL_SYSTICK_Config) for HAL_SYSTICK_Config
    stm32f4xx_hal.o(.text.HAL_InitTick) refers to stm32f4xx_hal_cortex.o(.text.HAL_NVIC_SetPriority) for HAL_NVIC_SetPriority
    stm32f4xx_hal.o(.text.HAL_InitTick) refers to stm32f4xx_hal.o(.data.uwTickPrio) for uwTickPrio
    stm32f4xx_hal.o(.ARM.exidx.text.HAL_InitTick) refers to stm32f4xx_hal.o(.text.HAL_InitTick) for [Anonymous Symbol]
    stm32f4xx_hal.o(.ARM.exidx.text.HAL_MspInit) refers to stm32f4xx_hal.o(.text.HAL_MspInit) for [Anonymous Symbol]
    stm32f4xx_hal.o(.text.HAL_DeInit) refers to stm32f4xx_hal.o(.text.HAL_MspDeInit) for HAL_MspDeInit
    stm32f4xx_hal.o(.ARM.exidx.text.HAL_DeInit) refers to stm32f4xx_hal.o(.text.HAL_DeInit) for [Anonymous Symbol]
    stm32f4xx_hal.o(.ARM.exidx.text.HAL_MspDeInit) refers to stm32f4xx_hal.o(.text.HAL_MspDeInit) for [Anonymous Symbol]
    stm32f4xx_hal.o(.text.HAL_IncTick) refers to stm32f4xx_hal.o(.data.uwTickFreq) for uwTickFreq
    stm32f4xx_hal.o(.text.HAL_IncTick) refers to stm32f4xx_hal.o(.bss.uwTick) for uwTick
    stm32f4xx_hal.o(.ARM.exidx.text.HAL_IncTick) refers to stm32f4xx_hal.o(.text.HAL_IncTick) for [Anonymous Symbol]
    stm32f4xx_hal.o(.text.HAL_GetTick) refers to stm32f4xx_hal.o(.bss.uwTick) for uwTick
    stm32f4xx_hal.o(.ARM.exidx.text.HAL_GetTick) refers to stm32f4xx_hal.o(.text.HAL_GetTick) for [Anonymous Symbol]
[...]
    .ARM.Collect$$_printf_percent$$0000000A  0x08000272   Section        6  _printf_u.o(.ARM.Collect$$_printf_percent$$0000000A)
    .ARM.Collect$$_printf_percent$$0000000B  0x08000278   Section        6  _printf_o.o(.ARM.Collect$$_printf_percent$$0000000B)
    .ARM.Collect$$_printf_percent$$0000000C  0x0800027e   Section        6  _printf_x.o(.ARM.Collect$$_printf_percent$$0000000C)
    .ARM.Collect$$_printf_percent$$0000000D  0x08000284   Section        6  _printf_lli.o(.ARM.Collect$$_printf_percent$$0000000D)
    .ARM.Collect$$_printf_percent$$0000000E  0x0800028a   Section        6  _printf_lld.o(.ARM.Collect$$_printf_percent$$0000000E)
    .ARM.Collect$$_printf_percent$$0000000F  0x08000290   Section        6  _printf_llu.o(.ARM.Collect$$_printf_percent$$0000000F)
    .ARM.Collect$$_printf_percent$$00000010  0x08000296   Section        6  _printf_llo.o(.ARM.Collect$$_printf_percent$$00000010)
    .ARM.Collect$$_printf_percent$$00000011  0x0800029c   Section        6  _printf_llx.o(.ARM.Collect$$_printf_percent$$00000011)
    .ARM.Collect$$_printf_percent$$00000012  0x080002a2   Section       10  _printf_l.o(.ARM.Collect$$_printf_percent$$00000012)
    .ARM.Collect$$_printf_percent$$00000013  0x080002ac   Section        6  _printf_c.o(.ARM.Collect$$_printf_percent$$00000013)
    .ARM.Collect$$_printf_percent$$00000014  0x080002b2   Section        6  _printf_s.o(.ARM.Collect$$_printf_percent$$00000014)
    .ARM.Collect$$_printf_percent$$00000015  0x080002b8   Section        6  _printf_lc.o(.ARM.Collect$$_printf_percent$$00000015)
    .ARM.Collect$$_printf_percent$$00000016  0x080002be   Section        6  _printf_ls.o(.ARM.Collect$$_printf_percent$$00000016)
    .ARM.Collect$$_printf_percent$$00000017  0x080002c4   Section        4  _printf_percent_end.o(.ARM.Collect$$_printf_percent$$00000017)
    .ARM.Collect$$libinit$$00000000          0x080002c8   Section        2  libinit.o(.ARM.Collect$$libinit$$00000000)
    .ARM.Collect$$libinit$$00000001          0x080002ca   Section        4  libinit2.o(.ARM.Collect$$libinit$$00000001)
    .ARM.Collect$$libinit$$00000004          0x080002ce   Section        0  libinit2.o(.ARM.Collect$$libinit$$00000004)
    .ARM.Collect$$libinit$$0000000A          0x080002ce   Section        0  libinit2.o(.ARM.Collect$$libinit$$0000000A)
    .ARM.Collect$$libinit$$0000000C          0x080002ce   Section        0  libinit2.o(.ARM.Collect$$libinit$$0000000C)
    .ARM.Collect$$libinit$$0000000E          0x080002ce   Section        0  libinit2.o(.ARM.Collect$$libinit$$0000000E)
    .ARM.Collect$$libinit$$0000000F          0x080002ce   Section        6  libinit2.o(.ARM.Collect$$libinit$$0000000F)
    .ARM.Collect$$libinit$$00000011          0x080002d4   Section        0  libinit2.o(.ARM.Collect$$libinit$$00000011)
    .ARM.Collect$$libinit$$00000012          0x080002d4   Section       12  libinit2.o(.ARM.Collect$$libinit$$00000012)
    .ARM.Collect$$libinit$$00000013          0x080002e0   Section        0  libinit2.o(.ARM.Collect$$libinit$$00000013)
    .ARM.Collect$$libinit$$00000015          0x080002e0   Section        0  libinit2.o(.ARM.Collect$$libinit$$00000015)
    .ARM.Collect$$libinit$$00000016          0x080002e0   Section       10  libinit2.o(.ARM.Collect$$libinit$$00000016)
    .ARM.Collect$$libinit$$00000017          0x080002ea   Section        0  libinit2.o(.ARM.Collect$$libinit$$00000017)
    .ARM.Collect$$libinit$$00000019          0x080002ea   Section        0  libinit2.o(.ARM.Collect$$libinit$$00000019)
    .ARM.Collect$$libinit$$0000001B          0x080002ea   Section        0  libinit2.o(.ARM.Collect$$libinit$$0000001B)
    .ARM.Collect$$libinit$$0000001D          0x080002ea   Section        0  libinit2.o(.ARM.Collect$$libinit$$0000001D)
    .ARM.Collect$$libinit$$0000001F          0x080002ea   Section        0  libinit2.o(.ARM.Collect$$libinit$$0000001F)
    .ARM.Collect$$libinit$$00000021          0x080002ea   Section        0  libinit2.o(.ARM.Collect$$libinit$$00000021)
    .ARM.Collect$$libinit$$00000023          0x080002ea   Section        0  libinit2.o(.ARM.Collect$$libinit$$00000023)
    .ARM.Collect$$libinit$$00000025          0x080002ea   Section        0  libinit2.o(.ARM.Collect$$libinit$$00000025)
    .ARM.Collect$$libinit$$00000027          0x080002ea   Section        8  libinit2.o(.ARM.Collect$$libinit$$00000027)
    .ARM.Collect$$libinit$$0000002E          0x080002f2   Section        0  libinit2.o(.ARM.Collect$$libinit$$0000002E)
    .ARM.Collect$$libinit$$00000030          0x080002f2   Section        0  libinit2.o(.ARM.Collect$$libinit$$00000030)
    .ARM.Collect$$libinit$$00000032          0x080002f2   Section        0  libinit2.o(.ARM.Collect$$libinit$$00000032)
    .ARM.Collect$$libinit$$00000033          0x080002f2   Section        2  libinit2.o(.ARM.Collect$$libinit$$00000033)
    .ARM.Collect$$libshutdown$$00000000      0x080002f4   Section        2  libshutdown.o(.ARM.Collect$$libshutdown$$00000000)
    .ARM.Collect$$libshutdown$$00000002      0x080002f6   Section        0  libshutdown2.o(.ARM.Collect$$libshutdown$$00000002)
    .ARM.Collect$$libshutdown$$00000004      0x080002f6   Section        0  libshutdown2.o(.ARM.Collect$$libshutdown$$00000004)
    .ARM.Collect$$libshutdown$$00000007      0x080002f6   Section        0  libshutdown2.o(.ARM.Collect$$libshutdown$$00000007)
    .ARM.Collect$$libshutdown$$0000000A      0x080002f6   Section        0  libshutdown2.o(.ARM.Collect$$libshutdown$$0000000A)
    .ARM.Collect$$libshutdown$$0000000C      0x080002f6   Section        0  libshutdown2.o(.ARM.Collect$$libshutdown$$0000000C)
    .ARM.Collect$$libshutdown$$0000000F      0x080002f6   Section        0  libshutdown2.o(.ARM.Collect$$libshutdown$$0000000F)
    .ARM.Collect$$libshutdown$$00000010      0x080002f6   Section        2  libshutdown2.o(.ARM.Collect$$libshutdown$$00000010)
    .ARM.Collect$$rtentry$$00000000          0x080002f8   Section        0  __rtentry.o(.ARM.Collect$$rtentry$$00000000)
    .ARM.Collect$$rtentry$$00000002          0x080002f8   Section        0  __rtentry2.o(.ARM.Collect$$rtentry$$00000002)
    .ARM.Collect$$rtentry$$00000004          0x080002f8   Section        6  __rtentry4.o(.ARM.Collect$$rtentry$$00000004)
    .ARM.Collect$$rtentry$$00000009          0x080002fe   Section        0  __rtentry2.o(.ARM.Collect$$rtentry$$00000009)
    .ARM.Collect$$rtentry$$0000000A          0x080002fe   Section        4  __rtentry2.o(.ARM.Collect$$rtentry$$0000000A)
    .ARM.Collect$$rtentry$$0000000C          0x08000302   Section        0  __rtentry2.o(.ARM.Collect$$rtentry$$0000000C)
    .ARM.Collect$$rtentry$$0000000D          0x08000302   Section        8  __rtentry2.o(.ARM.Collect$$rtentry$$0000000D)
    .ARM.Collect$$rtexit$$00000000           0x0800030a   Section        2  rtexit.o(.ARM.Collect$$rtexit$$00000000)
    .ARM.Collect$$rtexit$$00000002           0x0800030c   Section        0  rtexit2.o(.ARM.Collect$$rtexit$$00000002)
    .ARM.Collect$$rtexit$$00000003           0x0800030c   Section        4  rtexit2.o(.ARM.Collect$$rtexit$$00000003)
    .ARM.Collect$$rtexit$$00000004           0x08000310   Section        6  rtexit2.o(.ARM.Collect$$rtexit$$00000004)
    .emb_text                                0x08000318   Section        4  argv_veneer.o(.emb_text)
    $v0                                      0x0800031c   Number         0  startup_stm32f446xx.o(.text)
    .text                                    0x0800031c   Section       64  startup_stm32f446xx.o(.text)
    .text                                    0x0800035c   Section      240  lludivv7m.o(.text)
    .text                                    0x0800044c   Section        0  sprintf.o(.text)
    .text                                    0x08000478   Section        0  strlen.o(.text)
    .text                                    0x080004b6   Section       68  rt_memclr.o(.text)
    .text                                    0x080004fa   Section        0  heapauxi.o(.text)
    .text                                    0x08000500   Section        0  _printf_pad.o(.text)
    .text                                    0x0800054e   Section        0  _printf_truncate.o(.text)
    .text                                    0x08000572   Section        0  _printf_str.o(.text)
    .text                                    0x080005c4   Section        0  _printf_dec.o(.text)
    .text                                    0x0800063c   Section        0  _printf_charcount.o(.text)
    _printf_input_char                       0x08000665   Thumb Code    10  _printf_char_common.o(.text)
    .text                                    0x08000664   Section        0  _printf_char_common.o(.text)
    .text                                    0x08000694   Section        0  _sputc.o(.text)
    .text                                    0x080006a0   Section        0  _printf_wctomb.o(.text)
    .text                                    0x0800075c   Section        0  _printf_longlong_dec.o(.text)
    _printf_longlong_oct_internal            0x080007d9   Thumb Code     0  _printf_oct_int_ll.o(.text)
    .text                                    0x080007d8   Section        0  _printf_oct_int_ll.o(.text)
    _printf_hex_common                       0x08000849   Thumb Code     0  _printf_hex_int_ll_ptr.o(.text)
    .text                                    0x08000848   Section        0  _printf_hex_int_ll_ptr.o(.text)
    .text                                    0x080008dc   Section        0  __printf_flags_ss_wp.o(.text)
    .text                                    0x08000a64   Section       78  rt_memclr_w.o(.text)
    .text                                    0x08000ab2   Section      138  lludiv10.o(.text)
    .text                                    0x08000b3c   Section        0  _printf_intcommon.o(.text)
    _fp_digits                               0x08000bef   Thumb Code   432  _printf_fp_dec.o(.text)
    .text                                    0x08000bee   Section        0  _printf_fp_dec.o(.text)
    .text                                    0x0800100c   Section        0  _printf_fp_hex.o(.text)
    .text                                    0x08001308   Section        0  _printf_char.o(.text)
    .text                                    0x08001334   Section        0  _printf_wchar.o(.text)
    .text                                    0x08001360   Section        0  _c16rtomb.o(.text)
    .text                                    0x080013a8   Section       74  sys_stackheap_outer.o(.text)
    .text                                    0x080013f4   Section       16  rt_ctype_table.o(.text)
    .text                                    0x08001404   Section        8  rt_locale_intlibspace.o(.text)
    .text                                    0x0800140c   Section        0  _printf_fp_infnan.o(.text)
    .text                                    0x0800148c   Section        0  bigflt0.o(.text)
    .text                                    0x08001570   Section        0  exit.o(.text)
    .text                                    0x08001584   Section        8  libspace.o(.text)
    .text                                    0x0800158c   Section        0  defsig_exit.o(.text)
    .text                                    0x08001598   Section      124  strcmpv7em.o(.text)
    .text                                    0x08001614   Section        0  sys_exit.o(.text)
    .text                                    0x08001620   Section        0  defsig_general.o(.text)
    .text                                    0x08001652   Section        0  sys_wrch.o(.text)
    .text                                    0x08001660   Section        2  use_no_semi.o(.text)
    .text                                    0x08001662   Section        0  indicate_semi.o(.text)
    .text                                    0x08001662   Section        0  _get_argv_nomalloc.o(.text)
    .text                                    0x08001790   Section        0  sys_command.o(.text)
    .text                                    0x080017a8   Section        0  hrguard.o(.text)
    .text                                    0x080017ac   Section        0  defsig_rtmem_inner.o(.text)
    .text                                    0x080017fc   Section        0  defsig_rtmem_outer.o(.text)
    [Anonymous Symbol]                       0x0800180c   Section        0  debug.o(.text.Debug_Init)
    [Anonymous Symbol]                       0x080018c0   Section        0  stm32f4xx_hal_dma.o(.text.HAL_DMA_Abort)
    [Anonymous Symbol]                       0x080019b4   Section        0  stm32f4xx_hal_dma.o(.text.HAL_DMA_Abort_IT)
    [Anonymous Symbol]                       0x080019f8   Section        0  stm32f4xx_hal.o(.text.HAL_Delay)
    [Anonymous Symbol]                       0x08001a3c   Section        0  stm32f4xx_hal_gpio.o(.text.HAL_GPIO_Init)
    [Anonymous Symbol]                       0x08001de4   Section        0  stm32f4xx_hal.o(.text.HAL_GetTick)
    [Anonymous Symbol]                       0x08001df0   Section        0  stm32f4xx_hal.o(.text.HAL_IncTick)
    [Anonymous Symbol]                       0x08001e0c   Section        0  stm32f4xx_hal.o(.text.HAL_Init)
    [Anonymous Symbol]                       0x08001e40   Section        0  stm32f4xx_hal.o(.text.HAL_InitTick)
    [Anonymous Symbol]                       0x08001eb4   Section        0  stm32f4xx_hal.o(.text.HAL_MspInit)
    [Anonymous Symbol]                       0x08001eb8   Section        0  stm32f4xx_hal_cortex.o(.text.HAL_NVIC_SetPriority)
    [Anonymous Symbol]                       0x08001ef8   Section        0  stm32f4xx_hal_cortex.o(.text.HAL_NVIC_SetPriorityGrouping)
    [Anonymous Symbol]                       0x08001f08   Section        0  stm32f4xx_hal_rcc.o(.text.HAL_RCC_GetHCLKFreq)
    [Anonymous Symbol]                       0x08001f14   Section        0  stm32f4xx_hal_rcc.o(.text.HAL_RCC_GetPCLK1Freq)
    [Anonymous Symbol]                       0x08001f38   Section        0  stm32f4xx_hal_rcc.o(.text.HAL_RCC_GetPCLK2Freq)
    [Anonymous Symbol]                       0x08001f5c   Section        0  stm32f4xx_hal_cortex.o(.text.HAL_SYSTICK_Config)
    [Anonymous Symbol]                       0x08001f6c   Section        0  stm32f4xx_hal_uart.o(.text.HAL_UARTEx_RxEventCallback)
    [Anonymous Symbol]                       0x08001f7c   Section        0  stm32f4xx_hal_uart.o(.text.HAL_UART_ErrorCallback)
    [Anonymous Symbol]                       0x08001f84   Section        0  stm32f4xx_hal_uart.o(.text.HAL_UART_IRQHandler)
    [Anonymous Symbol]                       0x080023b4   Section        0  stm32f4xx_hal_uart.o(.text.HAL_UART_Init)
    [Anonymous Symbol]                       0x08002454   Section        0  stm32f4xx_hal_uart.o(.text.HAL_UART_MspInit)
    [Anonymous Symbol]                       0x0800245c   Section        0  stm32f4xx_hal_uart.o(.text.HAL_UART_RxCpltCallback)
    [Anonymous Symbol]                       0x08002464   Section        0  stm32f4xx_hal_uart.o(.text.HAL_UART_Transmit_IT)
    [Anonymous Symbol]                       0x0800250c   Section        0  stm32f4xx_hal_uart.o(.text.HAL_UART_TxCpltCallback)
    NVIC_EncodePriority                      0x08002515   Thumb Code   110  stm32f4xx_hal_cortex.o(.text.NVIC_EncodePriority)
    [Anonymous Symbol]                       0x08002514   Section        0  stm32f4xx_hal_cortex.o(.text.NVIC_EncodePriority)
    SysTick_Config                           0x08002585   Thumb Code    82  stm32f4xx_hal_cortex.o(.text.SysTick_Config)
    [Anonymous Symbol]                       0x08002584   Section        0  stm32f4xx_hal_cortex.o(.text.SysTick_Config)
    [Anonymous Symbol]                       0x080025d8   Section        0  debug.o(.text.SysTick_Handler)
    [Anonymous Symbol]                       0x080025e0   Section        0  system_stm32f4xx.o(.text.SystemInit)
    [Anonymous Symbol]                       0x080025f4   Section        0  debug.o(.text.UART4_IRQHandler)
    UART_DMAAbortOnError                     0x08002605   Thumb Code    32  stm32f4xx_hal_uart.o(.text.UART_DMAAbortOnError)
    [Anonymous Symbol]                       0x08002604   Section        0  stm32f4xx_hal_uart.o(.text.UART_DMAAbortOnError)
    UART_EndRxTransfer                       0x08002625   Thumb Code   148  stm32f4xx_hal_uart.o(.text.UART_EndRxTransfer)
    [Anonymous Symbol]                       0x08002624   Section        0  stm32f4xx_hal_uart.o(.text.UART_EndRxTransfer)
    UART_EndTransmit_IT                      0x080026b9   Thumb Code    38  stm32f4xx_hal_uart.o(.text.UART_EndTransmit_IT)
    [Anonymous Symbol]                       0x080026b8   Section        0  stm32f4xx_hal_uart.o(.text.UART_EndTransmit_IT)
    UART_Receive_IT                          0x080026e1   Thumb Code   362  stm32f4xx_hal_uart.o(.text.UART_Receive_IT)
    [Anonymous Symbol]                       0x080026e0   Section        0  stm32f4xx_hal_uart.o(.text.UART_Receive_IT)
    UART_SetConfig                           0x0800284d   Thumb Code   342  stm32f4xx_hal_uart.o(.text.UART_SetConfig)
    [Anonymous Symbol]                       0x0800284c   Section        0  stm32f4xx_hal_uart.o(.text.UART_SetConfig)
    UART_Transmit_IT                         0x080029a5   Thumb Code   152  stm32f4xx_hal_uart.o(.text.UART_Transmit_IT)
    [Anonymous Symbol]                       0x080029a4   Section        0  stm32f4xx_hal_uart.o(.text.UART_Transmit_IT)
    __NVIC_EnableIRQ                         0x08002a3d   Thumb Code    52  debug.o(.text.__NVIC_EnableIRQ)
    [Anonymous Symbol]                       0x08002a3c   Section        0  debug.o(.text.__NVIC_EnableIRQ)
    __NVIC_GetPriorityGrouping               0x08002a71   Thumb Code    16  stm32f4xx_hal_cortex.o(.text.__NVIC_GetPriorityGrouping)
    [Anonymous Symbol]                       0x08002a70   Section        0  stm32f4xx_hal_cortex.o(.text.__NVIC_GetPriorityGrouping)
    __NVIC_SetPriority                       0x08002a81   Thumb Code    68  stm32f4xx_hal_cortex.o(.text.__NVIC_SetPriority)
    [Anonymous Symbol]                       0x08002a80   Section        0  stm32f4xx_hal_cortex.o(.text.__NVIC_SetPriority)
    __NVIC_SetPriorityGrouping               0x08002ac5   Thumb Code    60  stm32f4xx_hal_cortex.o(.text.__NVIC_SetPriorityGrouping)
    [Anonymous Symbol]                       0x08002ac4   Section        0  stm32f4xx_hal_cortex.o(.text.__NVIC_SetPriorityGrouping)
    [Anonymous Symbol]                       0x08002b00   Section        0  main.o(.text.main)
    [Anonymous Symbol]                       0x08002b6c   Section        0  debug.o(.text.print_DebugMsg)
    CL$$btod_d2e                             0x08002ba2   Section       62  btod.o(CL$$btod_d2e)
    CL$$btod_d2e_denorm_low                  0x08002be0   Section       70  btod.o(CL$$btod_d2e_denorm_low)
    CL$$btod_d2e_norm_op1                    0x08002c26   Section       96  btod.o(CL$$btod_d2e_norm_op1)
    CL$$btod_div_common                      0x08002c86   Section      824  btod.o(CL$$btod_div_common)
    CL$$btod_e2e                             0x08002fbe   Section      220  btod.o(CL$$btod_e2e)
    CL$$btod_ediv                            0x0800309a   Section       42  btod.o(CL$$btod_ediv)
    CL$$btod_emul                            0x080030c4   Section       42  btod.o(CL$$btod_emul)
    CL$$btod_mult_common                     0x080030ee   Section      580  btod.o(CL$$btod_mult_common)
    i.__ARM_fpclassify                       0x08003332   Section        0  fpclassify.o(i.__ARM_fpclassify)
    i._is_digit                              0x08003362   Section        0  __printf_wp.o(i._is_digit)
    locale$$code                             0x08003370   Section       44  lc_numeric_c.o(locale$$code)
    locale$$code                             0x0800339c   Section       44  lc_ctype_c.o(locale$$code)
    $v0                                      0x080033c8   Number         0  fpinit.o(x$fpl$fpinit)
    x$fpl$fpinit                             0x080033c8   Section       26  fpinit.o(x$fpl$fpinit)
    $v0                                      0x080033e2   Number         0  printf1.o(x$fpl$printf1)
    x$fpl$printf1                            0x080033e2   Section        4  printf1.o(x$fpl$printf1)
    $v0                                      0x080033e6   Number         0  printf2.o(x$fpl$printf2)
    x$fpl$printf2                            0x080033e6   Section        4  printf2.o(x$fpl$printf2)
    x$fpl$usenofp                            0x080033ea   Section        0  usenofp.o(x$fpl$usenofp)
    initial_mbstate                          0x080033ec   Data           8  _printf_wctomb.o(.constdata)
    .constdata                               0x080033ec   Section        8  _printf_wctomb.o(.constdata)
    uc_hextab                                0x080033f4   Data          20  _printf_hex_int_ll_ptr.o(.constdata)
    .constdata                               0x080033f4   Section       40  _printf_hex_int_ll_ptr.o(.constdata)
    lc_hextab                                0x08003408   Data          20  _printf_hex_int_ll_ptr.o(.constdata)
    maptable                                 0x0800341c   Data          17  __printf_flags_ss_wp.o(.constdata)
    .constdata                               0x0800341c   Section       17  __printf_flags_ss_wp.o(.constdata)
    lc_hextab                                0x0800342d   Data          19  _printf_fp_hex.o(.constdata)
    .constdata                               0x0800342d   Section       38  _printf_fp_hex.o(.constdata)
    uc_hextab                                0x08003440   Data          19  _printf_fp_hex.o(.constdata)
    tenpwrs_x                                0x08003454   Data          60  bigflt0.o(.constdata)
    .constdata                               0x08003454   Section      148  bigflt0.o(.constdata)
    tenpwrs_i                                0x08003490   Data          64  bigflt0.o(.constdata)
    .L.str                                   0x080034f0   Data          10  main.o(.rodata.str1.1)
    [Anonymous Symbol]                       0x080034f0   Section        0  main.o(.rodata.str1.1)
    locale$$data                             0x0800351c   Section       28  lc_numeric_c.o(locale$$data)
    __lcnum_c_name                           0x08003520   Data           2  lc_numeric_c.o(locale$$data)
    __lcnum_c_start                          0x08003528   Data           0  lc_numeric_c.o(locale$$data)
    __lcnum_c_point                          0x08003534   Data           0  lc_numeric_c.o(locale$$data)
    __lcnum_c_thousands                      0x08003536   Data           0  lc_numeric_c.o(locale$$data)
    __lcnum_c_grouping                       0x08003537   Data           0  lc_numeric_c.o(locale$$data)
    __lcnum_c_end                            0x08003538   Data           0  lc_numeric_c.o(locale$$data)
    locale$$data                             0x08003538   Section      272  lc_ctype_c.o(locale$$data)
    __lcctype_c_name                         0x0800353c   Data           2  lc_ctype_c.o(locale$$data)
    __lcctype_c_start                        0x08003544   Data           0  lc_ctype_c.o(locale$$data)
    __lcctype_c_end                          0x08003648   Data           0  lc_ctype_c.o(locale$$data)
    .bss                                     0x20000010   Section       96  libspace.o(.bss)
    Heap_Mem                                 0x200002b0   Data         512  startup_stm32f446xx.o(HEAP)
    HEAP                                     0x200002b0   Section      512  startup_stm32f446xx.o(HEAP)
    Stack_Mem                                0x200004b0   Data        1024  startup_stm32f446xx.o(STACK)
    STACK                                    0x200004b0   Section     1024  startup_stm32f446xx.o(STACK)
    __initial_sp                             0x200008b0   Data           0  startup_stm32f446xx.o(STACK)

    Global Symbols

    Symbol Name                              Value     Ov Type        Size  Object(Section)

    BuildAttributes$$THM_ISAv4$E$P$D$K$B$S$7EM$VFPi3$EXTD16$VFPS$VFMA$PE$A:L22UL41UL21$X:L11$S22US41US21$IEEE1$IW$~IW$USESV6$~STKCKD$USESV7$~SHL$OTIME$ROPI$IEEEJ$EBA8$UX$STANDARDLIB$REQ8$PRES8$EABIv2 0x00000000   Number         0  anon$$obj.o ABSOLUTE
    _printf_flags                            0x00000000   Number         0  printf_stubs.o ABSOLUTE
    _printf_return_value                     0x00000000   Number         0  printf_stubs.o ABSOLUTE
    _printf_sizespec                         0x00000000   Number         0  printf_stubs.o ABSOLUTE
    _printf_widthprec                        0x00000000   Number         0  printf_stubs.o ABSOLUTE
    __ARM_exceptions_init                     - Undefined Weak Reference
    __alloca_initialize                       - Undefined Weak Reference
    __arm_preinit_                            - Undefined Weak Reference
    __cpp_initialize__aeabi_                  - Undefined Weak Reference
    __cxa_finalize                            - Undefined Weak Reference
    __sigvec_lookup                           - Undefined Weak Reference
    _atexit_init                              - Undefined Weak Reference
    _call_atexit_fns                          - Undefined Weak Reference
    _clock_init                               - Undefined Weak Reference
    _fp_trap_init                             - Undefined Weak Reference
    _fp_trap_shutdown                         - Undefined Weak Reference
    _get_lc_collate                           - Undefined Weak Reference
    _get_lc_monetary                          - Undefined Weak Reference
    _get_lc_time                              - Undefined Weak Reference
    _getenv_init                              - Undefined Weak Reference
    _handle_redirection                       - Undefined Weak Reference
    _init_alloc                               - Undefined Weak Reference
    _init_user_alloc                          - Undefined Weak Reference
    _initio                                   - Undefined Weak Reference
    _printf_mbtowc                            - Undefined Weak Reference
    _printf_wc                                - Undefined Weak Reference
    _rand_init                                - Undefined Weak Reference
    _signal_finish                            - Undefined Weak Reference
    _signal_init                              - Undefined Weak Reference
    _terminate_alloc                          - Undefined Weak Reference
    _terminate_user_alloc                     - Undefined Weak Reference
    _terminateio                              - Undefined Weak Reference
    __Vectors_Size                           0x000001c4   Number         0  startup_stm32f446xx.o ABSOLUTE
    __Vectors                                0x08000000   Data           4  startup_stm32f446xx.o(RESET)
    __Vectors_End                            0x080001c4   Data           0  startup_stm32f446xx.o(RESET)
    __main                                   0x080001c5   Thumb Code     8  __main.o(!!!main)
    __scatterload                            0x080001cd   Thumb Code     0  __scatter.o(!!!scatter)
    __scatterload_rt2                        0x080001cd   Thumb Code    44  __scatter.o(!!!scatter)
    __scatterload_rt2_thumb_only             0x080001cd   Thumb Code     0  __scatter.o(!!!scatter)
    __scatterload_null                       0x080001db   Thumb Code     0  __scatter.o(!!!scatter)
    __scatterload_copy                       0x08000201   Thumb Code    26  __scatter_copy.o(!!handler_copy)
    __scatterload_zeroinit                   0x0800021d   Thumb Code    28  __scatter_zi.o(!!handler_zi)
    _printf_n                                0x08000239   Thumb Code     0  _printf_n.o(.ARM.Collect$$_printf_percent$$00000001)
    _printf_percent                          0x08000239   Thumb Code     0  _printf_percent.o(.ARM.Collect$$_printf_percent$$00000000)
    _printf_p                                0x0800023f   Thumb Code     0  _printf_p.o(.ARM.Collect$$_printf_percent$$00000002)
    _printf_f                                0x08000245   Thumb Code     0  _printf_f.o(.ARM.Collect$$_printf_percent$$00000003)
    _printf_e                                0x0800024b   Thumb Code     0  _printf_e.o(.ARM.Collect$$_printf_percent$$00000004)
    _printf_g                                0x08000251   Thumb Code     0  _printf_g.o(.ARM.Collect$$_printf_percent$$00000005)
    _printf_a                                0x08000257   Thumb Code     0  _printf_a.o(.ARM.Collect$$_printf_percent$$00000006)
    _printf_ll                               0x0800025d   Thumb Code     0  _printf_ll.o(.ARM.Collect$$_printf_percent$$00000007)
    _printf_i                                0x08000267   Thumb Code     0  _printf_i.o(.ARM.Collect$$_printf_percent$$00000008)
    _printf_d                                0x0800026d   Thumb Code     0  _printf_d.o(.ARM.Collect$$_printf_percent$$00000009)
    _printf_u                                0x08000273   Thumb Code     0  _printf_u.o(.ARM.Collect$$_printf_percent$$0000000A)
    _printf_o                                0x08000279   Thumb Code     0  _printf_o.o(.ARM.Collect$$_printf_percent$$0000000B)
    _printf_x                                0x0800027f   Thumb Code     0  _printf_x.o(.ARM.Collect$$_printf_percent$$0000000C)
    _printf_lli                              0x08000285   Thumb Code     0  _printf_lli.o(.ARM.Collect$$_printf_percent$$0000000D)
    _printf_lld                              0x0800028b   Thumb Code     0  _printf_lld.o(.ARM.Collect$$_printf_percent$$0000000E)
    _printf_llu                              0x08000291   Thumb Code     0  _printf_llu.o(.ARM.Collect$$_printf_percent$$0000000F)
    _printf_llo                              0x08000297   Thumb Code     0  _printf_llo.o(.ARM.Collect$$_printf_percent$$00000010)
    _printf_llx                              0x0800029d   Thumb Code     0  _printf_llx.o(.ARM.Collect$$_printf_percent$$00000011)
    _printf_l                                0x080002a3   Thumb Code     0  _printf_l.o(.ARM.Collect$$_printf_percent$$00000012)
    _printf_c                                0x080002ad   Thumb Code     0  _printf_c.o(.ARM.Collect$$_printf_percent$$00000013)
    _printf_s                                0x080002b3   Thumb Code     0  _printf_s.o(.ARM.Collect$$_printf_percent$$00000014)
    _printf_lc                               0x080002b9   Thumb Code     0  _printf_lc.o(.ARM.Collect$$_printf_percent$$00000015)
    _printf_ls                               0x080002bf   Thumb Code     0  _printf_ls.o(.ARM.Collect$$_printf_percent$$00000016)
    _printf_percent_end                      0x080002c5   Thumb Code     0  _printf_percent_end.o(.ARM.Collect$$_printf_percent$$00000017)
    __rt_lib_init                            0x080002c9   Thumb Code     0  libinit.o(.ARM.Collect$$libinit$$00000000)
    __rt_lib_init_fp_1                       0x080002cb   Thumb Code     0  libinit2.o(.ARM.Collect$$libinit$$00000001)
    __rt_lib_init_heap_1                     0x080002cf   Thumb Code     0  libinit2.o(.ARM.Collect$$libinit$$0000000A)
    __rt_lib_init_lc_common                  0x080002cf   Thumb Code     0  libinit2.o(.ARM.Collect$$libinit$$0000000F)
    __rt_lib_init_preinit_1                  0x080002cf   Thumb Code     0  libinit2.o(.ARM.Collect$$libinit$$00000004)
    __rt_lib_init_rand_1                     0x080002cf   Thumb Code     0  libinit2.o(.ARM.Collect$$libinit$$0000000E)
    __rt_lib_init_user_alloc_1               0x080002cf   Thumb Code     0  libinit2.o(.ARM.Collect$$libinit$$0000000C)
    __rt_lib_init_lc_collate_1               0x080002d5   Thumb Code     0  libinit2.o(.ARM.Collect$$libinit$$00000011)
    __rt_lib_init_lc_ctype_2                 0x080002d5   Thumb Code     0  libinit2.o(.ARM.Collect$$libinit$$00000012)
    __rt_lib_init_lc_ctype_1                 0x080002e1   Thumb Code     0  libinit2.o(.ARM.Collect$$libinit$$00000013)
    __rt_lib_init_lc_monetary_1              0x080002e1   Thumb Code     0  libinit2.o(.ARM.Collect$$libinit$$00000015)
    __rt_lib_init_lc_numeric_2               0x080002e1   Thumb Code     0  libinit2.o(.ARM.Collect$$libinit$$00000016)
    __rt_lib_init_argv_1                     0x080002eb   Thumb Code     0  libinit2.o(.ARM.Collect$$libinit$$00000027)
    __rt_lib_init_atexit_1                   0x080002eb   Thumb Code     0  libinit2.o(.ARM.Collect$$libinit$$0000001B)
    __rt_lib_init_clock_1                    0x080002eb   Thumb Code     0  libinit2.o(.ARM.Collect$$libinit$$00000021)
    __rt_lib_init_fp_trap_1                  0x080002eb   Thumb Code     0  libinit2.o(.ARM.Collect$$libinit$$0000001F)
    __rt_lib_init_getenv_1                   0x080002eb   Thumb Code     0  libinit2.o(.ARM.Collect$$libinit$$00000023)
    __rt_lib_init_heapregion_libspace_used   0x080002eb   Thumb Code     0  libinit2.o(.ARM.Collect$$libinit$$00000027)
    __rt_lib_init_lc_numeric_1               0x080002eb   Thumb Code     0  libinit2.o(.ARM.Collect$$libinit$$00000017)
    __rt_lib_init_lc_time_1                  0x080002eb   Thumb Code     0  libinit2.o(.ARM.Collect$$libinit$$00000019)
    __rt_lib_init_signal_1                   0x080002eb   Thumb Code     0  libinit2.o(.ARM.Collect$$libinit$$0000001D)
    __rt_lib_init_stdio_1                    0x080002eb   Thumb Code     0  libinit2.o(.ARM.Collect$$libinit$$00000025)
    __rt_lib_init_alloca_1                   0x080002f3   Thumb Code     0  libinit2.o(.ARM.Collect$$libinit$$0000002E)
    __rt_lib_init_cpp_1                      0x080002f3   Thumb Code     0  libinit2.o(.ARM.Collect$$libinit$$00000032)
    __rt_lib_init_exceptions_1               0x080002f3   Thumb Code     0  libinit2.o(.ARM.Collect$$libinit$$00000030)
    __rt_lib_init_return                     0x080002f3   Thumb Code     0  libinit2.o(.ARM.Collect$$libinit$$00000033)
    __rt_lib_shutdown                        0x080002f5   Thumb Code     0  libshutdown.o(.ARM.Collect$$libshutdown$$00000000)
    __rt_lib_shutdown_cpp_1                  0x080002f7   Thumb Code     0  libshutdown2.o(.ARM.Collect$$libshutdown$$00000002)
    __rt_lib_shutdown_fp_trap_1              0x080002f7   Thumb Code     0  libshutdown2.o(.ARM.Collect$$libshutdown$$00000007)
    __rt_lib_shutdown_heap_1                 0x080002f7   Thumb Code     0  libshutdown2.o(.ARM.Collect$$libshutdown$$0000000F)
    __rt_lib_shutdown_return                 0x080002f7   Thumb Code     0  libshutdown2.o(.ARM.Collect$$libshutdown$$00000010)
    __rt_lib_shutdown_signal_1               0x080002f7   Thumb Code     0  libshutdown2.o(.ARM.Collect$$libshutdown$$0000000A)
    __rt_lib_shutdown_stdio_1                0x080002f7   Thumb Code     0  libshutdown2.o(.ARM.Collect$$libshutdown$$00000004)
    __rt_lib_shutdown_user_alloc_1           0x080002f7   Thumb Code     0  libshutdown2.o(.ARM.Collect$$libshutdown$$0000000C)
    __rt_entry                               0x080002f9   Thumb Code     0  __rtentry.o(.ARM.Collect$$rtentry$$00000000)
    __rt_entry_presh_1                       0x080002f9   Thumb Code     0  __rtentry2.o(.ARM.Collect$$rtentry$$00000002)
    __rt_entry_sh                            0x080002f9   Thumb Code     0  __rtentry4.o(.ARM.Collect$$rtentry$$00000004)
    __rt_entry_li                            0x080002ff   Thumb Code     0  __rtentry2.o(.ARM.Collect$$rtentry$$0000000A)
    __rt_entry_postsh_1                      0x080002ff   Thumb Code     0  __rtentry2.o(.ARM.Collect$$rtentry$$00000009)
    __rt_entry_main                          0x08000303   Thumb Code     0  __rtentry2.o(.ARM.Collect$$rtentry$$0000000D)
    __rt_entry_postli_1                      0x08000303   Thumb Code     0  __rtentry2.o(.ARM.Collect$$rtentry$$0000000C)
    __rt_exit                                0x0800030b   Thumb Code     0  rtexit.o(.ARM.Collect$$rtexit$$00000000)
    __rt_exit_ls                             0x0800030d   Thumb Code     0  rtexit2.o(.ARM.Collect$$rtexit$$00000003)
    __rt_exit_prels_1                        0x0800030d   Thumb Code     0  rtexit2.o(.ARM.Collect$$rtexit$$00000002)
    __rt_exit_exit                           0x08000311   Thumb Code     0  rtexit2.o(.ARM.Collect$$rtexit$$00000004)
    __ARM_argv_veneer                        0x08000319   Thumb Code     4  argv_veneer.o(.emb_text)
    Reset_Handler                            0x0800031d   Thumb Code     8  startup_stm32f446xx.o(.text)
    NMI_Handler                              0x08000325   Thumb Code     2  startup_stm32f446xx.o(.text)
    HardFault_Handler                        0x08000327   Thumb Code     2  startup_stm32f446xx.o(.text)
    MemManage_Handler                        0x08000329   Thumb Code     2  startup_stm32f446xx.o(.text)
    BusFault_Handler                         0x0800032b   Thumb Code     2  startup_stm32f446xx.o(.text)
    UsageFault_Handler                       0x0800032d   Thumb Code     2  startup_stm32f446xx.o(.text)
    SVC_Handler                              0x0800032f   Thumb Code     2  startup_stm32f446xx.o(.text)
    DebugMon_Handler                         0x08000331   Thumb Code     2  startup_stm32f446xx.o(.text)
    PendSV_Handler                           0x08000333   Thumb Code     2  startup_stm32f446xx.o(.text)
    ADC_IRQHandler                           0x08000337   Thumb Code     0  startup_stm32f446xx.o(.text)
    CAN1_RX0_IRQHandler                      0x08000337   Thumb Code     0  startup_stm32f446xx.o(.text)
    CAN1_RX1_IRQHandler                      0x08000337   Thumb Code     0  startup_stm32f446xx.o(.text)
    CAN1_SCE_IRQHandler                      0x08000337   Thumb Code     0  startup_stm32f446xx.o(.text)
    CAN1_TX_IRQHandler                       0x08000337   Thumb Code     0  startup_stm32f446xx.o(.text)
    CAN2_RX0_IRQHandler                      0x08000337   Thumb Code     0  startup_stm32f446xx.o(.text)
    CAN2_RX1_IRQHandler                      0x08000337   Thumb Code     0  startup_stm32f446xx.o(.text)
    CAN2_SCE_IRQHandler                      0x08000337   Thumb Code     0  startup_stm32f446xx.o(.text)
    CAN2_TX_IRQHandler                       0x08000337   Thumb Code     0  startup_stm32f446xx.o(.text)
    CEC_IRQHandler                           0x08000337   Thumb Code     0  startup_stm32f446xx.o(.text)
    DCMI_IRQHandler                          0x08000337   Thumb Code     0  startup_stm32f446xx.o(.text)
    DMA1_Stream0_IRQHandler                  0x08000337   Thumb Code     0  startup_stm32f446xx.o(.text)
    DMA1_Stream1_IRQHandler                  0x08000337   Thumb Code     0  startup_stm32f446xx.o(.text)
    DMA1_Stream2_IRQHandler                  0x08000337   Thumb Code     0  startup_stm32f446xx.o(.text)
    DMA1_Stream3_IRQHandler                  0x08000337   Thumb Code     0  startup_stm32f446xx.o(.text)
    DMA1_Stream4_IRQHandler                  0x08000337   Thumb Code     0  startup_stm32f446xx.o(.text)
    DMA1_Stream5_IRQHandler                  0x08000337   Thumb Code     0  startup_stm32f446xx.o(.text)
    DMA1_Stream6_IRQHandler                  0x08000337   Thumb Code     0  startup_stm32f446xx.o(.text)
    DMA1_Stream7_IRQHandler                  0x08000337   Thumb Code     0  startup_stm32f446xx.o(.text)
    DMA2_Stream0_IRQHandler                  0x08000337   Thumb Code     0  startup_stm32f446xx.o(.text)
    DMA2_Stream1_IRQHandler                  0x08000337   Thumb Code     0  startup_stm32f446xx.o(.text)
    DMA2_Stream2_IRQHandler                  0x08000337   Thumb Code     0  startup_stm32f446xx.o(.text)
    DMA2_Stream3_IRQHandler                  0x08000337   Thumb Code     0  startup_stm32f446xx.o(.text)
    DMA2_Stream4_IRQHandler                  0x08000337   Thumb Code     0  startup_stm32f446xx.o(.text)
    DMA2_Stream5_IRQHandler                  0x08000337   Thumb Code     0  startup_stm32f446xx.o(.text)
    DMA2_Stream6_IRQHandler                  0x08000337   Thumb Code     0  startup_stm32f446xx.o(.text)
    DMA2_Stream7_IRQHandler                  0x08000337   Thumb Code     0  startup_stm32f446xx.o(.text)
    EXTI0_IRQHandler                         0x08000337   Thumb Code     0  startup_stm32f446xx.o(.text)
    EXTI15_10_IRQHandler                     0x08000337   Thumb Code     0  startup_stm32f446xx.o(.text)
    EXTI1_IRQHandler                         0x08000337   Thumb Code     0  startup_stm32f446xx.o(.text)
    EXTI2_IRQHandler                         0x08000337   Thumb Code     0  startup_stm32f446xx.o(.text)
    EXTI3_IRQHandler                         0x08000337   Thumb Code     0  startup_stm32f446xx.o(.text)
    EXTI4_IRQHandler                         0x08000337   Thumb Code     0  startup_stm32f446xx.o(.text)
    EXTI9_5_IRQHandler                       0x08000337   Thumb Code     0  startup_stm32f446xx.o(.text)
    FLASH_IRQHandler                         0x08000337   Thumb Code     0  startup_stm32f446xx.o(.text)
    FMC_IRQHandler                           0x08000337   Thumb Code     0  startup_stm32f446xx.o(.text)
    FMPI2C1_ER_IRQHandler                    0x08000337   Thumb Code     0  startup_stm32f446xx.o(.text)
    FMPI2C1_EV_IRQHandler                    0x08000337   Thumb Code     0  startup_stm32f446xx.o(.text)
    FPU_IRQHandler                           0x08000337   Thumb Code     0  startup_stm32f446xx.o(.text)
    I2C1_ER_IRQHandler                       0x08000337   Thumb Code     0  startup_stm32f446xx.o(.text)
    I2C1_EV_IRQHandler                       0x08000337   Thumb Code     0  startup_stm32f446xx.o(.text)
    I2C2_ER_IRQHandler                       0x08000337   Thumb Code     0  startup_stm32f446xx.o(.text)
    I2C2_EV_IRQHandler                       0x08000337   Thumb Code     0  startup_stm32f446xx.o(.text)
    I2C3_ER_IRQHandler                       0x08000337   Thumb Code     0  startup_stm32f446xx.o(.text)
    I2C3_EV_IRQHandler                       0x08000337   Thumb Code     0  startup_stm32f446xx.o(.text)
    OTG_FS_IRQHandler                        0x08000337   Thumb Code     0  startup_stm32f446xx.o(.text)
    OTG_FS_WKUP_IRQHandler                   0x08000337   Thumb Code     0  startup_stm32f446xx.o(.text)
    OTG_HS_EP1_IN_IRQHandler                 0x08000337   Thumb Code     0  startup_stm32f446xx.o(.text)
    OTG_HS_EP1_OUT_IRQHandler                0x08000337   Thumb Code     0  startup_stm32f446xx.o(.text)
    OTG_HS_IRQHandler                        0x08000337   Thumb Code     0  startup_stm32f446xx.o(.text)
    OTG_HS_WKUP_IRQHandler                   0x08000337   Thumb Code     0  startup_stm32f446xx.o(.text)
    PVD_IRQHandler                           0x08000337   Thumb Code     0  startup_stm32f446xx.o(.text)
    QUADSPI_IRQHandler                       0x08000337   Thumb Code     0  startup_stm32f446xx.o(.text)
    RCC_IRQHandler                           0x08000337   Thumb Code     0  startup_stm32f446xx.o(.text)
    RTC_Alarm_IRQHandler                     0x08000337   Thumb Code     0  startup_stm32f446xx.o(.text)
    RTC_WKUP_IRQHandler                      0x08000337   Thumb Code     0  startup_stm32f446xx.o(.text)
    SAI1_IRQHandler                          0x08000337   Thumb Code     0  startup_stm32f446xx.o(.text)
    SAI2_IRQHandler                          0x08000337   Thumb Code     0  startup_stm32f446xx.o(.text)
    SDIO_IRQHandler                          0x08000337   Thumb Code     0  startup_stm32f446xx.o(.text)
    SPDIF_RX_IRQHandler                      0x08000337   Thumb Code     0  startup_stm32f446xx.o(.text)
    SPI1_IRQHandler                          0x08000337   Thumb Code     0  startup_stm32f446xx.o(.text)
    SPI2_IRQHandler                          0x08000337   Thumb Code     0  startup_stm32f446xx.o(.text)
    SPI3_IRQHandler                          0x08000337   Thumb Code     0  startup_stm32f446xx.o(.text)
    SPI4_IRQHandler                          0x08000337   Thumb Code     0  startup_stm32f446xx.o(.text)
    TAMP_STAMP_IRQHandler                    0x08000337   Thumb Code     0  startup_stm32f446xx.o(.text)
    TIM1_BRK_TIM9_IRQHandler                 0x08000337   Thumb Code     0  startup_stm32f446xx.o(.text)
    TIM1_CC_IRQHandler                       0x08000337   Thumb Code     0  startup_stm32f446xx.o(.text)
    TIM1_TRG_COM_TIM11_IRQHandler            0x08000337   Thumb Code     0  startup_stm32f446xx.o(.text)
    TIM1_UP_TIM10_IRQHandler                 0x08000337   Thumb Code     0  startup_stm32f446xx.o(.text)
    TIM2_IRQHandler                          0x08000337   Thumb Code     0  startup_stm32f446xx.o(.text)
    TIM3_IRQHandler                          0x08000337   Thumb Code     0  startup_stm32f446xx.o(.text)
    TIM4_IRQHandler                          0x08000337   Thumb Code     0  startup_stm32f446xx.o(.text)
    TIM5_IRQHandler                          0x08000337   Thumb Code     0  startup_stm32f446xx.o(.text)
    TIM6_DAC_IRQHandler                      0x08000337   Thumb Code     0  startup_stm32f446xx.o(.text)
    TIM7_IRQHandler                          0x08000337   Thumb Code     0  startup_stm32f446xx.o(.text)
    TIM8_BRK_TIM12_IRQHandler                0x08000337   Thumb Code     0  startup_stm32f446xx.o(.text)
    TIM8_CC_IRQHandler                       0x08000337   Thumb Code     0  startup_stm32f446xx.o(.text)
    TIM8_TRG_COM_TIM14_IRQHandler            0x08000337   Thumb Code     0  startup_stm32f446xx.o(.text)
    TIM8_UP_TIM13_IRQHandler                 0x08000337   Thumb Code     0  startup_stm32f446xx.o(.text)
    UART5_IRQHandler                         0x08000337   Thumb Code     0  startup_stm32f446xx.o(.text)
    USART1_IRQHandler                        0x08000337   Thumb Code     0  startup_stm32f446xx.o(.text)
    USART2_IRQHandler                        0x08000337   Thumb Code     0  startup_stm32f446xx.o(.text)
    USART3_IRQHandler                        0x08000337   Thumb Code     0  startup_stm32f446xx.o(.text)
    USART6_IRQHandler                        0x08000337   Thumb Code     0  startup_stm32f446xx.o(.text)
    WWDG_IRQHandler                          0x08000337   Thumb Code     0  startup_stm32f446xx.o(.text)
    __user_initial_stackheap                 0x08000339   Thumb Code     0  startup_stm32f446xx.o(.text)
    __aeabi_uldivmod                         0x0800035d   Thumb Code     0  lludivv7m.o(.text)
    _ll_udiv                                 0x0800035d   Thumb Code   240  lludivv7m.o(.text)
    sprintf                                  0x0800044d   Thumb Code    38  sprintf.o(.text)
    strlen                                   0x08000479   Thumb Code    62  strlen.o(.text)
    __aeabi_memclr                           0x080004b7   Thumb Code     0  rt_memclr.o(.text)
    __rt_memclr                              0x080004b7   Thumb Code    68  rt_memclr.o(.text)
    _memset                                  0x080004bb   Thumb Code     0  rt_memclr.o(.text)
    __use_two_region_memory                  0x080004fb   Thumb Code     2  heapauxi.o(.text)
    __rt_heap_escrow$2region                 0x080004fd   Thumb Code     2  heapauxi.o(.text)
    __rt_heap_expand$2region                 0x080004ff   Thumb Code     2  heapauxi.o(.text)
    _printf_pre_padding                      0x08000501   Thumb Code    44  _printf_pad.o(.text)
    _printf_post_padding                     0x0800052d   Thumb Code    34  _printf_pad.o(.text)
    _printf_truncate_signed                  0x0800054f   Thumb Code    18  _printf_truncate.o(.text)
    _printf_truncate_unsigned                0x08000561   Thumb Code    18  _printf_truncate.o(.text)
    _printf_str                              0x08000573   Thumb Code    82  _printf_str.o(.text)
    _printf_int_dec                          0x080005c5   Thumb Code   104  _printf_dec.o(.text)
    _printf_charcount                        0x0800063d   Thumb Code    40  _printf_charcount.o(.text)
    _printf_char_common                      0x0800066f   Thumb Code    32  _printf_char_common.o(.text)
    _sputc                                   0x08000695   Thumb Code    10  _sputc.o(.text)
    _printf_wctomb                           0x080006a1   Thumb Code   182  _printf_wctomb.o(.text)
    _printf_longlong_dec                     0x0800075d   Thumb Code   108  _printf_longlong_dec.o(.text)
    _printf_longlong_oct                     0x080007d9   Thumb Code    68  _printf_oct_int_ll.o(.text)
    _printf_int_oct                          0x0800081d   Thumb Code    24  _printf_oct_int_ll.o(.text)
    _printf_ll_oct                           0x08000835   Thumb Code    12  _printf_oct_int_ll.o(.text)
    _printf_longlong_hex                     0x08000849   Thumb Code    86  _printf_hex_int_ll_ptr.o(.text)
    _printf_int_hex                          0x0800089f   Thumb Code    28  _printf_hex_int_ll_ptr.o(.text)
    _printf_ll_hex                           0x080008bb   Thumb Code    12  _printf_hex_int_ll_ptr.o(.text)
    _printf_hex_ptr                          0x080008c7   Thumb Code    18  _printf_hex_int_ll_ptr.o(.text)
    __printf                                 0x080008dd   Thumb Code   388  __printf_flags_ss_wp.o(.text)
    __aeabi_memclr4                          0x08000a65   Thumb Code     0  rt_memclr_w.o(.text)
    __aeabi_memclr8                          0x08000a65   Thumb Code     0  rt_memclr_w.o(.text)
    __rt_memclr_w                            0x08000a65   Thumb Code    78  rt_memclr_w.o(.text)
    _memset_w                                0x08000a69   Thumb Code     0  rt_memclr_w.o(.text)
    _ll_udiv10                               0x08000ab3   Thumb Code   138  lludiv10.o(.text)
    _printf_int_common                       0x08000b3d   Thumb Code   178  _printf_intcommon.o(.text)
    _printf_fp_dec_real                      0x08000d9f   Thumb Code   620  _printf_fp_dec.o(.text)
    _printf_fp_hex_real                      0x0800100d   Thumb Code   756  _printf_fp_hex.o(.text)
    _printf_cs_common                        0x08001309   Thumb Code    20  _printf_char.o(.text)
    _printf_char                             0x0800131d   Thumb Code    16  _printf_char.o(.text)
    _printf_string                           0x0800132d   Thumb Code     8  _printf_char.o(.text)
    _printf_lcs_common                       0x08001335   Thumb Code    20  _printf_wchar.o(.text)
    _printf_wchar                            0x08001349   Thumb Code    16  _printf_wchar.o(.text)
    _printf_wstring                          0x08001359   Thumb Code     8  _printf_wchar.o(.text)
    _c16rtomb                                0x08001361   Thumb Code    72  _c16rtomb.o(.text)
    _wcrtomb                                 0x08001361   Thumb Code     0  _c16rtomb.o(.text)
    __user_setup_stackheap                   0x080013a9   Thumb Code    74  sys_stackheap_outer.o(.text)
    __rt_ctype_table                         0x080013f5   Thumb Code    16  rt_ctype_table.o(.text)
    __rt_locale                              0x08001405   Thumb Code     8  rt_locale_intlibspace.o(.text)
    _printf_fp_infnan                        0x0800140d   Thumb Code   112  _printf_fp_infnan.o(.text)
    _btod_etento                             0x0800148d   Thumb Code   224  bigflt0.o(.text)
    exit                                     0x08001571   Thumb Code    18  exit.o(.text)
    __user_libspace                          0x08001585   Thumb Code     8  libspace.o(.text)
    __user_perproc_libspace                  0x08001585   Thumb Code     0  libspace.o(.text)
    __user_perthread_libspace                0x08001585   Thumb Code     0  libspace.o(.text)
    __sig_exit                               0x0800158d   Thumb Code    10  defsig_exit.o(.text)
    strcmp                                   0x08001599   Thumb Code   124  strcmpv7em.o(.text)
    _sys_exit                                0x08001615   Thumb Code     8  sys_exit.o(.text)
    __default_signal_display                 0x08001621   Thumb Code    50  defsig_general.o(.text)
    _ttywrch                                 0x08001653   Thumb Code    14  sys_wrch.o(.text)
    __I$use$semihosting                      0x08001661   Thumb Code     0  use_no_semi.o(.text)
    __use_no_semihosting_swi                 0x08001661   Thumb Code     2  use_no_semi.o(.text)
    __argv_alloc                             0x08001663   Thumb Code    34  _get_argv_nomalloc.o(.text)
    __semihosting_library_function           0x08001663   Thumb Code     0  indicate_semi.o(.text)
    __ARM_get_argv                           0x08001685   Thumb Code   268  _get_argv_nomalloc.o(.text)
    _sys_command_string                      0x08001791   Thumb Code    24  sys_command.o(.text)
    __use_no_heap_region                     0x080017a9   Thumb Code     2  hrguard.o(.text)
    __heap_region$guard                      0x080017ab   Thumb Code     2  hrguard.o(.text)
    __rt_SIGRTMEM_inner                      0x080017ad   Thumb Code    22  defsig_rtmem_inner.o(.text)
    __rt_SIGRTMEM                            0x080017fd   Thumb Code    14  defsig_rtmem_outer.o(.text)
    Debug_Init                               0x0800180d   Thumb Code   178  debug.o(.text.Debug_Init)
    HAL_DMA_Abort                            0x080018c1   Thumb Code   244  stm32f4xx_hal_dma.o(.text.HAL_DMA_Abort)
    HAL_DMA_Abort_IT                         0x080019b5   Thumb Code    68  stm32f4xx_hal_dma.o(.text.HAL_DMA_Abort_IT)
    HAL_Delay                                0x080019f9   Thumb Code    68  stm32f4xx_hal.o(.text.HAL_Delay)
    HAL_GPIO_Init                            0x08001a3d   Thumb Code   934  stm32f4xx_hal_gpio.o(.text.HAL_GPIO_Init)
    HAL_GetTick                              0x08001de5   Thumb Code    12  stm32f4xx_hal.o(.text.HAL_GetTick)
    HAL_IncTick                              0x08001df1   Thumb Code    26  stm32f4xx_hal.o(.text.HAL_IncTick)
    HAL_Init                                 0x08001e0d   Thumb Code    52  stm32f4xx_hal.o(.text.HAL_Init)
    HAL_InitTick                             0x08001e41   Thumb Code   114  stm32f4xx_hal.o(.text.HAL_InitTick)
    HAL_MspInit                              0x08001eb5   Thumb Code     2  stm32f4xx_hal.o(.text.HAL_MspInit)
    HAL_NVIC_SetPriority                     0x08001eb9   Thumb Code    64  stm32f4xx_hal_cortex.o(.text.HAL_NVIC_SetPriority)
    HAL_NVIC_SetPriorityGrouping             0x08001ef9   Thumb Code    16  stm32f4xx_hal_cortex.o(.text.HAL_NVIC_SetPriorityGrouping)
    HAL_RCC_GetHCLKFreq                      0x08001f09   Thumb Code    12  stm32f4xx_hal_rcc.o(.text.HAL_RCC_GetHCLKFreq)
    HAL_RCC_GetPCLK1Freq                     0x08001f15   Thumb Code    34  stm32f4xx_hal_rcc.o(.text.HAL_RCC_GetPCLK1Freq)
    HAL_RCC_GetPCLK2Freq                     0x08001f39   Thumb Code    34  stm32f4xx_hal_rcc.o(.text.HAL_RCC_GetPCLK2Freq)
    HAL_SYSTICK_Config                       0x08001f5d   Thumb Code    16  stm32f4xx_hal_cortex.o(.text.HAL_SYSTICK_Config)
    HAL_UARTEx_RxEventCallback               0x08001f6d   Thumb Code    14  stm32f4xx_hal_uart.o(.text.HAL_UARTEx_RxEventCallback)
    HAL_UART_ErrorCallback                   0x08001f7d   Thumb Code     8  stm32f4xx_hal_uart.o(.text.HAL_UART_ErrorCallback)
    HAL_UART_IRQHandler                      0x08001f85   Thumb Code  1072  stm32f4xx_hal_uart.o(.text.HAL_UART_IRQHandler)
    HAL_UART_Init                            0x080023b5   Thumb Code   160  stm32f4xx_hal_uart.o(.text.HAL_UART_Init)
    HAL_UART_MspInit                         0x08002455   Thumb Code     8  stm32f4xx_hal_uart.o(.text.HAL_UART_MspInit)
    HAL_UART_RxCpltCallback                  0x0800245d   Thumb Code     8  stm32f4xx_hal_uart.o(.text.HAL_UART_RxCpltCallback)
    HAL_UART_Transmit_IT                     0x08002465   Thumb Code   168  stm32f4xx_hal_uart.o(.text.HAL_UART_Transmit_IT)
    HAL_UART_TxCpltCallback                  0x0800250d   Thumb Code     8  stm32f4xx_hal_uart.o(.text.HAL_UART_TxCpltCallback)
    SysTick_Handler                          0x080025d9   Thumb Code     8  debug.o(.text.SysTick_Handler)
    SystemInit                               0x080025e1   Thumb Code    18  system_stm32f4xx.o(.text.SystemInit)
    UART4_IRQHandler                         0x080025f5   Thumb Code    16  debug.o(.text.UART4_IRQHandler)
    main                                     0x08002b01   Thumb Code   108  main.o(.text.main)
    print_DebugMsg                           0x08002b6d   Thumb Code    54  debug.o(.text.print_DebugMsg)
    _btod_d2e                                0x08002ba3   Thumb Code    62  btod.o(CL$$btod_d2e)
    _d2e_denorm_low                          0x08002be1   Thumb Code    70  btod.o(CL$$btod_d2e_denorm_low)
    _d2e_norm_op1                            0x08002c27   Thumb Code    96  btod.o(CL$$btod_d2e_norm_op1)
    __btod_div_common                        0x08002c87   Thumb Code   696  btod.o(CL$$btod_div_common)
    _e2e                                     0x08002fbf   Thumb Code   220  btod.o(CL$$btod_e2e)
    _btod_ediv                               0x0800309b   Thumb Code    42  btod.o(CL$$btod_ediv)
    _btod_emul                               0x080030c5   Thumb Code    42  btod.o(CL$$btod_emul)
    __btod_mult_common                       0x080030ef   Thumb Code   580  btod.o(CL$$btod_mult_common)
    __ARM_fpclassify                         0x08003333   Thumb Code    48  fpclassify.o(i.__ARM_fpclassify)
    _is_digit                                0x08003363   Thumb Code    14  __printf_wp.o(i._is_digit)
    _get_lc_numeric                          0x08003371   Thumb Code    44  lc_numeric_c.o(locale$$code)
    _get_lc_ctype                            0x0800339d   Thumb Code    44  lc_ctype_c.o(locale$$code)
    _fp_init                                 0x080033c9   Thumb Code    26  fpinit.o(x$fpl$fpinit)
    __fplib_config_fpu_vfp                   0x080033e1   Thumb Code     0  fpinit.o(x$fpl$fpinit)
    __fplib_config_pureend_doubles           0x080033e1   Thumb Code     0  fpinit.o(x$fpl$fpinit)
    _printf_fp_dec                           0x080033e3   Thumb Code     4  printf1.o(x$fpl$printf1)
    _printf_fp_hex                           0x080033e7   Thumb Code     4  printf2.o(x$fpl$printf2)
    __I$use$fp                               0x080033ea   Number         0  usenofp.o(x$fpl$usenofp)
    APBPrescTable                            0x080034e8   Data           8  system_stm32f4xx.o(.rodata.APBPrescTable)
    Region$$Table$$Base                      0x080034fc   Number         0  anon$$obj.o(Region$$Table)
    Region$$Table$$Limit                     0x0800351c   Number         0  anon$$obj.o(Region$$Table)
    __ctype                                  0x08003545   Data           0  lc_ctype_c.o(locale$$data)
    SystemCoreClock                          0x20000000   Data           4  system_stm32f4xx.o(.data.SystemCoreClock)
    uwTickFreq                               0x20000004   Data           1  stm32f4xx_hal.o(.data.uwTickFreq)
    uwTickPrio                               0x20000008   Data           4  stm32f4xx_hal.o(.data.uwTickPrio)
    __libspace_start                         0x20000010   Data          96  libspace.o(.bss)
    Debug_uart                               0x20000070   Data          68  debug.o(.bss.Debug_uart)
    __temporary_stack_top$libspace           0x20000070   Data           0  libspace.o(.bss)
    generic_buffer                           0x200000b4   Data         500  main.o(.bss.generic_buffer)
    generic_int                              0x200002a8   Data           4  main.o(.bss.generic_int)
    uwTick                                   0x200002ac   Data           4  stm32f4xx_hal.o(.bss.uwTick)



==============================================================================

Memory Map of the image

  Image Entry point : 0x080001c5

  Load Region LR_IROM1 (Base: 0x08000000, Size: 0x00003658, Max: 0x00080000, ABSOLUTE)

    Execution Region ER_IROM1 (Exec base: 0x08000000, Load base: 0x08000000, Size: 0x00003648, Max: 0x00080000, ABSOLUTE)

    Exec Addr    Load Addr    Size         Type   Attr      Idx    E Section Name        Object

    0x08000000   0x08000000   0x000001c4   Data   RO          995    RESET               startup_stm32f446xx.o
    0x080001c4   0x080001c4   0x00000008   Code   RO         1028  * !!!main             c_w.l(__main.o)
    0x080001cc   0x080001cc   0x00000034   Code   RO         1375    !!!scatter          c_w.l(__scatter.o)
    0x08000200   0x08000200   0x0000001a   Code   RO         1377    !!handler_copy      c_w.l(__scatter_copy.o)
    0x0800021a   0x0800021a   0x00000002   PAD
    0x0800021c   0x0800021c   0x0000001c   Code   RO         1379    !!handler_zi        c_w.l(__scatter_zi.o)
    0x08000238   0x08000238   0x00000000   Code   RO         1116    .ARM.Collect$$_printf_percent$$00000000  c_w.l(_printf_percent.o)
    0x08000238   0x08000238   0x00000006   Code   RO         1105    .ARM.Collect$$_printf_percent$$00000001  c_w.l(_printf_n.o)
    0x0800023e   0x0800023e   0x00000006   Code   RO         1107    .ARM.Collect$$_printf_percent$$00000002  c_w.l(_printf_p.o)
    0x08000244   0x08000244   0x00000006   Code   RO         1112    .ARM.Collect$$_printf_percent$$00000003  c_w.l(_printf_f.o)
    0x0800024a   0x0800024a   0x00000006   Code   RO         1113    .ARM.Collect$$_printf_percent$$00000004  c_w.l(_printf_e.o)
    0x08000250   0x08000250   0x00000006   Code   RO         1114    .ARM.Collect$$_printf_percent$$00000005  c_w.l(_printf_g.o)
    0x08000256   0x08000256   0x00000006   Code   RO         1115    .ARM.Collect$$_printf_percent$$00000006  c_w.l(_printf_a.o)
    0x0800025c   0x0800025c   0x0000000a   Code   RO         1120    .ARM.Collect$$_printf_percent$$00000007  c_w.l(_printf_ll.o)
    0x08000266   0x08000266   0x00000006   Code   RO         1109    .ARM.Collect$$_printf_percent$$00000008  c_w.l(_printf_i.o)
    0x0800026c   0x0800026c   0x00000006   Code   RO         1110    .ARM.Collect$$_printf_percent$$00000009  c_w.l(_printf_d.o)
    0x08000272   0x08000272   0x00000006   Code   RO         1111    .ARM.Collect$$_printf_percent$$0000000A  c_w.l(_printf_u.o)
    0x08000278   0x08000278   0x00000006   Code   RO         1108    .ARM.Collect$$_printf_percent$$0000000B  c_w.l(_printf_o.o)
    0x0800027e   0x0800027e   0x00000006   Code   RO         1106    .ARM.Collect$$_printf_percent$$0000000C  c_w.l(_printf_x.o)
    0x08000284   0x08000284   0x00000006   Code   RO         1117    .ARM.Collect$$_printf_percent$$0000000D  c_w.l(_printf_lli.o)
    0x0800028a   0x0800028a   0x00000006   Code   RO         1118    .ARM.Collect$$_printf_percent$$0000000E  c_w.l(_printf_lld.o)
    0x08000290   0x08000290   0x00000006   Code   RO         1119    .ARM.Collect$$_printf_percent$$0000000F  c_w.l(_printf_llu.o)
    0x08000296   0x08000296   0x00000006   Code   RO         1124    .ARM.Collect$$_printf_percent$$00000010  c_w.l(_printf_llo.o)
    0x0800029c   0x0800029c   0x00000006   Code   RO         1125    .ARM.Collect$$_printf_percent$$00000011  c_w.l(_printf_llx.o)
    0x080002a2   0x080002a2   0x0000000a   Code   RO         1121    .ARM.Collect$$_printf_percent$$00000012  c_w.l(_printf_l.o)
    0x080002ac   0x080002ac   0x00000006   Code   RO         1103    .ARM.Collect$$_printf_percent$$00000013  c_w.l(_printf_c.o)
    0x080002b2   0x080002b2   0x00000006   Code   RO         1104    .ARM.Collect$$_printf_percent$$00000014  c_w.l(_printf_s.o)
    0x080002b8   0x080002b8   0x00000006   Code   RO         1122    .ARM.Collect$$_printf_percent$$00000015  c_w.l(_printf_lc.o)
    0x080002be   0x080002be   0x00000006   Code   RO         1123    .ARM.Collect$$_printf_percent$$00000016  c_w.l(_printf_ls.o)
    0x080002c4   0x080002c4   0x00000004   Code   RO         1170    .ARM.Collect$$_printf_percent$$00000017  c_w.l(_printf_percent_end.o)
    0x080002c8   0x080002c8   0x00000002   Code   RO         1225    .ARM.Collect$$libinit$$00000000  c_w.l(libinit.o)
    0x080002ca   0x080002ca   0x00000004   Code   RO         1249    .ARM.Collect$$libinit$$00000001  c_w.l(libinit2.o)
    0x080002ce   0x080002ce   0x00000000   Code   RO         1252    .ARM.Collect$$libinit$$00000004  c_w.l(libinit2.o)
    0x080002ce   0x080002ce   0x00000000   Code   RO         1255    .ARM.Collect$$libinit$$0000000A  c_w.l(libinit2.o)
    0x080002ce   0x080002ce   0x00000000   Code   RO         1257    .ARM.Collect$$libinit$$0000000C  c_w.l(libinit2.o)
    0x080002ce   0x080002ce   0x00000000   Code   RO         1259    .ARM.Collect$$libinit$$0000000E  c_w.l(libinit2.o)
    0x080002ce   0x080002ce   0x00000006   Code   RO         1260    .ARM.Collect$$libinit$$0000000F  c_w.l(libinit2.o)
    0x080002d4   0x080002d4   0x00000000   Code   RO         1262    .ARM.Collect$$libinit$$00000011  c_w.l(libinit2.o)
    0x080002d4   0x080002d4   0x0000000c   Code   RO         1263    .ARM.Collect$$libinit$$00000012  c_w.l(libinit2.o)
    0x080002e0   0x080002e0   0x00000000   Code   RO         1264    .ARM.Collect$$libinit$$00000013  c_w.l(libinit2.o)
    0x080002e0   0x080002e0   0x00000000   Code   RO         1266    .ARM.Collect$$libinit$$00000015  c_w.l(libinit2.o)
    0x080002e0   0x080002e0   0x0000000a   Code   RO         1267    .ARM.Collect$$libinit$$00000016  c_w.l(libinit2.o)
    0x080002ea   0x080002ea   0x00000000   Code   RO         1268    .ARM.Collect$$libinit$$00000017  c_w.l(libinit2.o)
    0x080002ea   0x080002ea   0x00000000   Code   RO         1270    .ARM.Collect$$libinit$$00000019  c_w.l(libinit2.o)
    0x080002ea   0x080002ea   0x00000000   Code   RO         1272    .ARM.Collect$$libinit$$0000001B  c_w.l(libinit2.o)
    0x080002ea   0x080002ea   0x00000000   Code   RO         1274    .ARM.Collect$$libinit$$0000001D  c_w.l(libinit2.o)
    0x080002ea   0x080002ea   0x00000000   Code   RO         1276    .ARM.Collect$$libinit$$0000001F  c_w.l(libinit2.o)
    0x080002ea   0x080002ea   0x00000000   Code   RO         1278    .ARM.Collect$$libinit$$00000021  c_w.l(libinit2.o)
    0x080002ea   0x080002ea   0x00000000   Code   RO         1280    .ARM.Collect$$libinit$$00000023  c_w.l(libinit2.o)
    0x080002ea   0x080002ea   0x00000000   Code   RO         1282    .ARM.Collect$$libinit$$00000025  c_w.l(libinit2.o)
    0x080002ea   0x080002ea   0x00000008   Code   RO         1284    .ARM.Collect$$libinit$$00000027  c_w.l(libinit2.o)
    0x080002f2   0x080002f2   0x00000000   Code   RO         1288    .ARM.Collect$$libinit$$0000002E  c_w.l(libinit2.o)
    0x080002f2   0x080002f2   0x00000000   Code   RO         1290    .ARM.Collect$$libinit$$00000030  c_w.l(libinit2.o)
    0x080002f2   0x080002f2   0x00000000   Code   RO         1292    .ARM.Collect$$libinit$$00000032  c_w.l(libinit2.o)
    0x080002f2   0x080002f2   0x00000002   Code   RO         1293    .ARM.Collect$$libinit$$00000033  c_w.l(libinit2.o)
    0x080002f4   0x080002f4   0x00000002   Code   RO         1330    .ARM.Collect$$libshutdown$$00000000  c_w.l(libshutdown.o)
    0x080002f6   0x080002f6   0x00000000   Code   RO         1358    .ARM.Collect$$libshutdown$$00000002  c_w.l(libshutdown2.o)
    0x080002f6   0x080002f6   0x00000000   Code   RO         1360    .ARM.Collect$$libshutdown$$00000004  c_w.l(libshutdown2.o)
    0x080002f6   0x080002f6   0x00000000   Code   RO         1363    .ARM.Collect$$libshutdown$$00000007  c_w.l(libshutdown2.o)
    0x080002f6   0x080002f6   0x00000000   Code   RO         1366    .ARM.Collect$$libshutdown$$0000000A  c_w.l(libshutdown2.o)
    0x080002f6   0x080002f6   0x00000000   Code   RO         1368    .ARM.Collect$$libshutdown$$0000000C  c_w.l(libshutdown2.o)
    0x080002f6   0x080002f6   0x00000000   Code   RO         1371    .ARM.Collect$$libshutdown$$0000000F  c_w.l(libshutdown2.o)
    0x080002f6   0x080002f6   0x00000002   Code   RO         1372    .ARM.Collect$$libshutdown$$00000010  c_w.l(libshutdown2.o)
    0x080002f8   0x080002f8   0x00000000   Code   RO         1030    .ARM.Collect$$rtentry$$00000000  c_w.l(__rtentry.o)
    0x080002f8   0x080002f8   0x00000000   Code   RO         1137    .ARM.Collect$$rtentry$$00000002  c_w.l(__rtentry2.o)
    0x080002f8   0x080002f8   0x00000006   Code   RO         1149    .ARM.Collect$$rtentry$$00000004  c_w.l(__rtentry4.o)
    0x080002fe   0x080002fe   0x00000000   Code   RO         1139    .ARM.Collect$$rtentry$$00000009  c_w.l(__rtentry2.o)
    0x080002fe   0x080002fe   0x00000004   Code   RO         1140    .ARM.Collect$$rtentry$$0000000A  c_w.l(__rtentry2.o)
    0x08000302   0x08000302   0x00000000   Code   RO         1142    .ARM.Collect$$rtentry$$0000000C  c_w.l(__rtentry2.o)
    0x08000302   0x08000302   0x00000008   Code   RO         1143    .ARM.Collect$$rtentry$$0000000D  c_w.l(__rtentry2.o)
    0x0800030a   0x0800030a   0x00000002   Code   RO         1234    .ARM.Collect$$rtexit$$00000000  c_w.l(rtexit.o)
    0x0800030c   0x0800030c   0x00000000   Code   RO         1299    .ARM.Collect$$rtexit$$00000002  c_w.l(rtexit2.o)
    0x0800030c   0x0800030c   0x00000004   Code   RO         1300    .ARM.Collect$$rtexit$$00000003  c_w.l(rtexit2.o)
    0x08000310   0x08000310   0x00000006   Code   RO         1301    .ARM.Collect$$rtexit$$00000004  c_w.l(rtexit2.o)
    0x08000316   0x08000316   0x00000002   PAD
    0x08000318   0x08000318   0x00000004   Code   RO         1311    .emb_text           c_w.l(argv_veneer.o)
    0x0800031c   0x0800031c   0x00000040   Code   RO          996    .text               startup_stm32f446xx.o
    0x0800035c   0x0800035c   0x000000f0   Code   RO         1018    .text               c_w.l(lludivv7m.o)
    0x0800044c   0x0800044c   0x0000002c   Code   RO         1020    .text               c_w.l(sprintf.o)
    0x08000478   0x08000478   0x0000003e   Code   RO         1022    .text               c_w.l(strlen.o)
    0x080004b6   0x080004b6   0x00000044   Code   RO         1024    .text               c_w.l(rt_memclr.o)
    0x080004fa   0x080004fa   0x00000006   Code   RO         1026    .text               c_w.l(heapauxi.o)
    0x08000500   0x08000500   0x0000004e   Code   RO         1037    .text               c_w.l(_printf_pad.o)
    0x0800054e   0x0800054e   0x00000024   Code   RO         1039    .text               c_w.l(_printf_truncate.o)
    0x08000572   0x08000572   0x00000052   Code   RO         1041    .text               c_w.l(_printf_str.o)
    0x080005c4   0x080005c4   0x00000078   Code   RO         1043    .text               c_w.l(_printf_dec.o)
    0x0800063c   0x0800063c   0x00000028   Code   RO         1045    .text               c_w.l(_printf_charcount.o)
    0x08000664   0x08000664   0x00000030   Code   RO         1047    .text               c_w.l(_printf_char_common.o)
    0x08000694   0x08000694   0x0000000a   Code   RO         1049    .text               c_w.l(_sputc.o)
    0x0800069e   0x0800069e   0x00000002   PAD
    0x080006a0   0x080006a0   0x000000bc   Code   RO         1051    .text               c_w.l(_printf_wctomb.o)
    0x0800075c   0x0800075c   0x0000007c   Code   RO         1054    .text               c_w.l(_printf_longlong_dec.o)
    0x080007d8   0x080007d8   0x00000070   Code   RO         1060    .text               c_w.l(_printf_oct_int_ll.o)
    0x08000848   0x08000848   0x00000094   Code   RO         1080    .text               c_w.l(_printf_hex_int_ll_ptr.o)
    0x080008dc   0x080008dc   0x00000188   Code   RO         1100    .text               c_w.l(__printf_flags_ss_wp.o)
    0x08000a64   0x08000a64   0x0000004e   Code   RO         1126    .text               c_w.l(rt_memclr_w.o)
    0x08000ab2   0x08000ab2   0x0000008a   Code   RO         1153    .text               c_w.l(lludiv10.o)
    0x08000b3c   0x08000b3c   0x000000b2   Code   RO         1155    .text               c_w.l(_printf_intcommon.o)
    0x08000bee   0x08000bee   0x0000041c   Code   RO         1157    .text               c_w.l(_printf_fp_dec.o)
    0x0800100a   0x0800100a   0x00000002   PAD
    0x0800100c   0x0800100c   0x000002fc   Code   RO         1161    .text               c_w.l(_printf_fp_hex.o)
    0x08001308   0x08001308   0x0000002c   Code   RO         1166    .text               c_w.l(_printf_char.o)
    0x08001334   0x08001334   0x0000002c   Code   RO         1168    .text               c_w.l(_printf_wchar.o)
    0x08001360   0x08001360   0x00000048   Code   RO         1171    .text               c_w.l(_c16rtomb.o)
    0x080013a8   0x080013a8   0x0000004a   Code   RO         1173    .text               c_w.l(sys_stackheap_outer.o)
    0x080013f2   0x080013f2   0x00000002   PAD
    0x080013f4   0x080013f4   0x00000010   Code   RO         1175    .text               c_w.l(rt_ctype_table.o)
    0x08001404   0x08001404   0x00000008   Code   RO         1180    .text               c_w.l(rt_locale_intlibspace.o)
    0x0800140c   0x0800140c   0x00000080   Code   RO         1182    .text               c_w.l(_printf_fp_infnan.o)
    0x0800148c   0x0800148c   0x000000e4   Code   RO         1184    .text               c_w.l(bigflt0.o)
    0x08001570   0x08001570   0x00000012   Code   RO         1214    .text               c_w.l(exit.o)
    0x08001582   0x08001582   0x00000002   PAD
    0x08001584   0x08001584   0x00000008   Code   RO         1231    .text               c_w.l(libspace.o)
    0x0800158c   0x0800158c   0x0000000a   Code   RO         1243    .text               c_w.l(defsig_exit.o)
    0x08001596   0x08001596   0x00000002   PAD
    0x08001598   0x08001598   0x0000007c   Code   RO         1247    .text               c_w.l(strcmpv7em.o)
    0x08001614   0x08001614   0x0000000c   Code   RO         1294    .text               c_w.l(sys_exit.o)
    0x08001620   0x08001620   0x00000032   Code   RO         1309    .text               c_w.l(defsig_general.o)
    0x08001652   0x08001652   0x0000000e   Code   RO         1315    .text               c_w.l(sys_wrch.o)
    0x08001660   0x08001660   0x00000002   Code   RO         1319    .text               c_w.l(use_no_semi.o)
    0x08001662   0x08001662   0x00000000   Code   RO         1321    .text               c_w.l(indicate_semi.o)
    0x08001662   0x08001662   0x0000012e   Code   RO         1326    .text               c_w.l(_get_argv_nomalloc.o)
    0x08001790   0x08001790   0x00000018   Code   RO         1331    .text               c_w.l(sys_command.o)
    0x080017a8   0x080017a8   0x00000004   Code   RO         1335    .text               c_w.l(hrguard.o)
    0x080017ac   0x080017ac   0x00000050   Code   RO         1341    .text               c_w.l(defsig_rtmem_inner.o)
    0x080017fc   0x080017fc   0x0000000e   Code   RO         1343    .text               c_w.l(defsig_rtmem_outer.o)
    0x0800180a   0x0800180a   0x00000002   PAD
    0x0800180c   0x0800180c   0x000000b2   Code   RO           13    .text.Debug_Init    debug.o
    0x080018be   0x080018be   0x00000002   PAD
    0x080018c0   0x080018c0   0x000000f4   Code   RO          271    .text.HAL_DMA_Abort  stm32f4xx_hal_dma.o
    0x080019b4   0x080019b4   0x00000044   Code   RO          273    .text.HAL_DMA_Abort_IT  stm32f4xx_hal_dma.o
    0x080019f8   0x080019f8   0x00000044   Code   RO           63    .text.HAL_Delay     stm32f4xx_hal.o
    0x08001a3c   0x08001a3c   0x000003a6   Code   RO          310    .text.HAL_GPIO_Init  stm32f4xx_hal_gpio.o
    0x08001de2   0x08001de2   0x00000002   PAD
    0x08001de4   0x08001de4   0x0000000c   Code   RO           55    .text.HAL_GetTick   stm32f4xx_hal.o
    0x08001df0   0x08001df0   0x0000001a   Code   RO           53    .text.HAL_IncTick   stm32f4xx_hal.o
    0x08001e0a   0x08001e0a   0x00000002   PAD
    0x08001e0c   0x08001e0c   0x00000034   Code   RO           43    .text.HAL_Init      stm32f4xx_hal.o
    0x08001e40   0x08001e40   0x00000072   Code   RO           45    .text.HAL_InitTick  stm32f4xx_hal.o
    0x08001eb2   0x08001eb2   0x00000002   PAD
    0x08001eb4   0x08001eb4   0x00000002   Code   RO           47    .text.HAL_MspInit   stm32f4xx_hal.o
    0x08001eb6   0x08001eb6   0x00000002   PAD
    0x08001eb8   0x08001eb8   0x00000040   Code   RO          190    .text.HAL_NVIC_SetPriority  stm32f4xx_hal_cortex.o
    0x08001ef8   0x08001ef8   0x00000010   Code   RO          186    .text.HAL_NVIC_SetPriorityGrouping  stm32f4xx_hal_cortex.o
    0x08001f08   0x08001f08   0x0000000c   Code   RO          593    .text.HAL_RCC_GetHCLKFreq  stm32f4xx_hal_rcc.o
    0x08001f14   0x08001f14   0x00000022   Code   RO          595    .text.HAL_RCC_GetPCLK1Freq  stm32f4xx_hal_rcc.o
    0x08001f36   0x08001f36   0x00000002   PAD
    0x08001f38   0x08001f38   0x00000022   Code   RO          597    .text.HAL_RCC_GetPCLK2Freq  stm32f4xx_hal_rcc.o
    0x08001f5a   0x08001f5a   0x00000002   PAD
    0x08001f5c   0x08001f5c   0x00000010   Code   RO          210    .text.HAL_SYSTICK_Config  stm32f4xx_hal_cortex.o
    0x08001f6c   0x08001f6c   0x0000000e   Code   RO          860    .text.HAL_UARTEx_RxEventCallback  stm32f4xx_hal_uart.o
    0x08001f7a   0x08001f7a   0x00000002   PAD
    0x08001f7c   0x08001f7c   0x00000008   Code   RO          858    .text.HAL_UART_ErrorCallback  stm32f4xx_hal_uart.o
    0x08001f84   0x08001f84   0x00000430   Code   RO          852    .text.HAL_UART_IRQHandler  stm32f4xx_hal_uart.o
    0x080023b4   0x080023b4   0x000000a0   Code   RO          770    .text.HAL_UART_Init  stm32f4xx_hal_uart.o
    0x08002454   0x08002454   0x00000008   Code   RO          772    .text.HAL_UART_MspInit  stm32f4xx_hal_uart.o
    0x0800245c   0x0800245c   0x00000008   Code   RO          870    .text.HAL_UART_RxCpltCallback  stm32f4xx_hal_uart.o
    0x08002464   0x08002464   0x000000a8   Code   RO          792    .text.HAL_UART_Transmit_IT  stm32f4xx_hal_uart.o
    0x0800250c   0x0800250c   0x00000008   Code   RO          866    .text.HAL_UART_TxCpltCallback  stm32f4xx_hal_uart.o
    0x08002514   0x08002514   0x0000006e   Code   RO          196    .text.NVIC_EncodePriority  stm32f4xx_hal_cortex.o
    0x08002582   0x08002582   0x00000002   PAD
    0x08002584   0x08002584   0x00000052   Code   RO          212    .text.SysTick_Config  stm32f4xx_hal_cortex.o
    0x080025d6   0x080025d6   0x00000002   PAD
    0x080025d8   0x080025d8   0x00000008   Code   RO           19    .text.SysTick_Handler  debug.o
    0x080025e0   0x080025e0   0x00000012   Code   RO         1003    .text.SystemInit    system_stm32f4xx.o
    0x080025f2   0x080025f2   0x00000002   PAD
    0x080025f4   0x080025f4   0x00000010   Code   RO           21    .text.UART4_IRQHandler  debug.o
    0x08002604   0x08002604   0x00000020   Code   RO          856    .text.UART_DMAAbortOnError  stm32f4xx_hal_uart.o
    0x08002624   0x08002624   0x00000094   Code   RO          818    .text.UART_EndRxTransfer  stm32f4xx_hal_uart.o
    0x080026b8   0x080026b8   0x00000026   Code   RO          864    .text.UART_EndTransmit_IT  stm32f4xx_hal_uart.o
    0x080026de   0x080026de   0x00000002   PAD
    0x080026e0   0x080026e0   0x0000016a   Code   RO          854    .text.UART_Receive_IT  stm32f4xx_hal_uart.o
    0x0800284a   0x0800284a   0x00000002   PAD
    0x0800284c   0x0800284c   0x00000156   Code   RO          774    .text.UART_SetConfig  stm32f4xx_hal_uart.o
    0x080029a2   0x080029a2   0x00000002   PAD
    0x080029a4   0x080029a4   0x00000098   Code   RO          862    .text.UART_Transmit_IT  stm32f4xx_hal_uart.o
    0x08002a3c   0x08002a3c   0x00000034   Code   RO           15    .text.__NVIC_EnableIRQ  debug.o
    0x08002a70   0x08002a70   0x00000010   Code   RO          192    .text.__NVIC_GetPriorityGrouping  stm32f4xx_hal_cortex.o
    0x08002a80   0x08002a80   0x00000044   Code   RO          194    .text.__NVIC_SetPriority  stm32f4xx_hal_cortex.o
    0x08002ac4   0x08002ac4   0x0000003c   Code   RO          188    .text.__NVIC_SetPriorityGrouping  stm32f4xx_hal_cortex.o
    0x08002b00   0x08002b00   0x0000006c   Code   RO            2    .text.main          main.o
    0x08002b6c   0x08002b6c   0x00000036   Code   RO           17    .text.print_DebugMsg  debug.o
    0x08002ba2   0x08002ba2   0x0000003e   Code   RO         1187    CL$$btod_d2e        c_w.l(btod.o)
    0x08002be0   0x08002be0   0x00000046   Code   RO         1189    CL$$btod_d2e_denorm_low  c_w.l(btod.o)
    0x08002c26   0x08002c26   0x00000060   Code   RO         1188    CL$$btod_d2e_norm_op1  c_w.l(btod.o)
    0x08002c86   0x08002c86   0x00000338   Code   RO         1197    CL$$btod_div_common  c_w.l(btod.o)
    0x08002fbe   0x08002fbe   0x000000dc   Code   RO         1194    CL$$btod_e2e        c_w.l(btod.o)
    0x0800309a   0x0800309a   0x0000002a   Code   RO         1191    CL$$btod_ediv       c_w.l(btod.o)
    0x080030c4   0x080030c4   0x0000002a   Code   RO         1190    CL$$btod_emul       c_w.l(btod.o)
    0x080030ee   0x080030ee   0x00000244   Code   RO         1196    CL$$btod_mult_common  c_w.l(btod.o)
    0x08003332   0x08003332   0x00000030   Code   RO         1229    i.__ARM_fpclassify  m_wm.l(fpclassify.o)
    0x08003362   0x08003362   0x0000000e   Code   RO         1093    i._is_digit         c_w.l(__printf_wp.o)
    0x08003370   0x08003370   0x0000002c   Code   RO         1212    locale$$code        c_w.l(lc_numeric_c.o)
    0x0800339c   0x0800339c   0x0000002c   Code   RO         1241    locale$$code        c_w.l(lc_ctype_c.o)
    0x080033c8   0x080033c8   0x0000001a   Code   RO         1313    x$fpl$fpinit        fz_wm.l(fpinit.o)
    0x080033e2   0x080033e2   0x00000004   Code   RO         1128    x$fpl$printf1       fz_wm.l(printf1.o)
    0x080033e6   0x080033e6   0x00000004   Code   RO         1130    x$fpl$printf2       fz_wm.l(printf2.o)
    0x080033ea   0x080033ea   0x00000000   Code   RO         1228    x$fpl$usenofp       fz_wm.l(usenofp.o)
    0x080033ea   0x080033ea   0x00000002   PAD
    0x080033ec   0x080033ec   0x00000008   Data   RO         1052    .constdata          c_w.l(_printf_wctomb.o)
    0x080033f4   0x080033f4   0x00000028   Data   RO         1081    .constdata          c_w.l(_printf_hex_int_ll_ptr.o)
    0x0800341c   0x0800341c   0x00000011   Data   RO         1101    .constdata          c_w.l(__printf_flags_ss_wp.o)
    0x0800342d   0x0800342d   0x00000026   Data   RO         1162    .constdata          c_w.l(_printf_fp_hex.o)
    0x08003453   0x08003453   0x00000001   PAD
    0x08003454   0x08003454   0x00000094   Data   RO         1185    .constdata          c_w.l(bigflt0.o)
    0x080034e8   0x080034e8   0x00000008   Data   RO         1009    .rodata.APBPrescTable  system_stm32f4xx.o
    0x080034f0   0x080034f0   0x0000000a   Data   RO            6    .rodata.str1.1      main.o
    0x080034fa   0x080034fa   0x00000002   PAD
    0x080034fc   0x080034fc   0x00000020   Data   RO         1374    Region$$Table       anon$$obj.o
    0x0800351c   0x0800351c   0x0000001c   Data   RO         1211    locale$$data        c_w.l(lc_numeric_c.o)
    0x08003538   0x08003538   0x00000110   Data   RO         1240    locale$$data        c_w.l(lc_ctype_c.o)


    Execution Region RW_IRAM1 (Exec base: 0x20000000, Load base: 0x08003648, Size: 0x000008b0, Max: 0x00020000, ABSOLUTE)

    Exec Addr    Load Addr    Size         Type   Attr      Idx    E Section Name        Object

    0x20000000   0x08003648   0x00000004   Data   RW         1007    .data.SystemCoreClock  system_stm32f4xx.o
    0x20000004   0x0800364c   0x00000001   Data   RW           98    .data.uwTickFreq    stm32f4xx_hal.o
    0x20000005   0x0800364d   0x00000003   PAD
    0x20000008   0x08003650   0x00000004   Data   RW           97    .data.uwTickPrio    stm32f4xx_hal.o
    0x2000000c   0x08003654   0x00000004   PAD
    0x20000010        -       0x00000060   Zero   RW         1232    .bss                c_w.l(libspace.o)
    0x20000070        -       0x00000044   Zero   RW           23    .bss.Debug_uart     debug.o
    0x200000b4        -       0x000001f4   Zero   RW            4    .bss.generic_buffer  main.o
    0x200002a8        -       0x00000004   Zero   RW            5    .bss.generic_int    main.o
    0x200002ac        -       0x00000004   Zero   RW           99    .bss.uwTick         stm32f4xx_hal.o
    0x200002b0        -       0x00000200   Zero   RW          994    HEAP                startup_stm32f446xx.o
    0x200004b0        -       0x00000400   Zero   RW          993    STACK               startup_stm32f446xx.o


==============================================================================

Image component sizes


      Code (inc. data)   RO Data    RW Data    ZI Data      Debug   Object Name

       308          0          0          0         68       7517   debug.o
       108          0         10          0        504      17198   main.o
        64         26        452          0       1536        860   startup_stm32f446xx.o
       274          0          0          5          4       7605   stm32f4xx_hal.o
       432          0          0          0          0       9833   stm32f4xx_hal_cortex.o
       312          0          0          0          0       8680   stm32f4xx_hal_dma.o
       934          0          0          0          0       5407   stm32f4xx_hal_gpio.o
        80          0          0          0          0       7923   stm32f4xx_hal_rcc.o
      2520          0          0          0          0      20334   stm32f4xx_hal_uart.o
        18          0          8          4          0       2706   system_stm32f4xx.o

    ----------------------------------------------------------------------
      5078         26        504         12       2116      88063   Object Totals
         0          0         32          0          0          0   (incl. Generated)
        28          0          2          3          4          0   (incl. Padding)

    ----------------------------------------------------------------------

      Code (inc. data)   RO Data    RW Data    ZI Data      Debug   Library Member Name

         8          0          0          0          0         68   __main.o
       392          4         17          0          0         92   __printf_flags_ss_wp.o
        14          0          0          0          0         68   __printf_wp.o
         0          0          0          0          0          0   __rtentry.o
        12          0          0          0          0          0   __rtentry2.o
         6          0          0          0          0          0   __rtentry4.o
        52          8          0          0          0          0   __scatter.o
        26          0          0          0          0          0   __scatter_copy.o
        28          0          0          0          0          0   __scatter_zi.o
        72          0          0          0          0         96   _c16rtomb.o
       302          0          0          0          0        168   _get_argv_nomalloc.o
         6          0          0          0          0          0   _printf_a.o
         6          0          0          0          0          0   _printf_c.o
        44          0          0          0          0        108   _printf_char.o
        48          6          0          0          0         96   _printf_char_common.o
        40          0          0          0          0         68   _printf_charcount.o
         6          0          0          0          0          0   _printf_d.o
       120         16          0          0          0         92   _printf_dec.o
         6          0          0          0          0          0   _printf_e.o
         6          0          0          0          0          0   _printf_f.o
      1052          0          0          0          0        148   _printf_fp_dec.o
       764          8         38          0          0        100   _printf_fp_hex.o
       128         16          0          0          0         84   _printf_fp_infnan.o
         6          0          0          0          0          0   _printf_g.o
       148          4         40          0          0        160   _printf_hex_int_ll_ptr.o
         6          0          0          0          0          0   _printf_i.o
       178          0          0          0          0         88   _printf_intcommon.o
        10          0          0          0          0          0   _printf_l.o
         6          0          0          0          0          0   _printf_lc.o
        10          0          0          0          0          0   _printf_ll.o
         6          0          0          0          0          0   _printf_lld.o
         6          0          0          0          0          0   _printf_lli.o
         6          0          0          0          0          0   _printf_llo.o
         6          0          0          0          0          0   _printf_llu.o
         6          0          0          0          0          0   _printf_llx.o
       124         16          0          0          0         92   _printf_longlong_dec.o
         6          0          0          0          0          0   _printf_ls.o
         6          0          0          0          0          0   _printf_n.o
         6          0          0          0          0          0   _printf_o.o
       112          8          0          0          0        124   _printf_oct_int_ll.o
         6          0          0          0          0          0   _printf_p.o
        78          0          0          0          0        108   _printf_pad.o
         0          0          0          0          0          0   _printf_percent.o
         4          0          0          0          0          0   _printf_percent_end.o
         6          0          0          0          0          0   _printf_s.o
        82          0          0          0          0         80   _printf_str.o
        36          0          0          0          0         84   _printf_truncate.o
         6          0          0          0          0          0   _printf_u.o
        44          0          0          0          0        108   _printf_wchar.o
       188          6          8          0          0         92   _printf_wctomb.o
         6          0          0          0          0          0   _printf_x.o
        10          0          0          0          0         68   _sputc.o
         4          0          0          0          0         68   argv_veneer.o
       228          4        148          0          0         96   bigflt0.o
      1936        128          0          0          0        672   btod.o
        10          0          0          0          0         68   defsig_exit.o
        50          0          0          0          0         88   defsig_general.o
        80         58          0          0          0         76   defsig_rtmem_inner.o
        14          0          0          0          0         80   defsig_rtmem_outer.o
        18          0          0          0          0         80   exit.o
         6          0          0          0          0        152   heapauxi.o
         4          0          0          0          0        136   hrguard.o
         0          0          0          0          0          0   indicate_semi.o
        44         10        272          0          0         76   lc_ctype_c.o
        44         10         28          0          0         76   lc_numeric_c.o
         2          0          0          0          0          0   libinit.o
        42          0          0          0          0          0   libinit2.o
         2          0          0          0          0          0   libshutdown.o
         2          0          0          0          0          0   libshutdown2.o
         8          4          0          0         96         68   libspace.o
       138          0          0          0          0         80   lludiv10.o
       240          0          0          0          0        100   lludivv7m.o
        16          4          0          0          0         76   rt_ctype_table.o
         8          4          0          0          0         68   rt_locale_intlibspace.o
        68          0          0          0          0         68   rt_memclr.o
        78          0          0          0          0         80   rt_memclr_w.o
         2          0          0          0          0          0   rtexit.o
        10          0          0          0          0          0   rtexit2.o
        44          6          0          0          0         84   sprintf.o
       124          0          0          0          0         88   strcmpv7em.o
        62          0          0          0          0         76   strlen.o
        24          0          0          0          0         76   sys_command.o
        12          4          0          0          0         68   sys_exit.o
        74          0          0          0          0         80   sys_stackheap_outer.o
        14          0          0          0          0         76   sys_wrch.o
         2          0          0          0          0         68   use_no_semi.o
        26          0          0          0          0        116   fpinit.o
         4          0          0          0          0        116   printf1.o
         4          0          0          0          0        116   printf2.o
         0          0          0          0          0          0   usenofp.o
        48          0          0          0          0        124   fpclassify.o

    ----------------------------------------------------------------------
      7762        324        552          0         96       5488   Library Totals
        18          0          1          0          0          0   (incl. Padding)

    ----------------------------------------------------------------------

      Code (inc. data)   RO Data    RW Data    ZI Data      Debug   Library Name

      7662        324        551          0         96       5016   c_w.l
        34          0          0          0          0        348   fz_wm.l
        48          0          0          0          0        124   m_wm.l

    ----------------------------------------------------------------------
      7762        324        552          0         96       5488   Library Totals

    ----------------------------------------------------------------------

==============================================================================


      Code (inc. data)   RO Data    RW Data    ZI Data      Debug   

     12840        350       1056         12       2212      90467   Grand Totals
     12840        350       1056         12       2212      90467   ELF Image Totals
     12840        350       1056         12          0          0   ROM Totals

==============================================================================

    Total RO  Size (Code + RO Data)                13896 (  13.57kB)
    Total RW  Size (RW Data + ZI Data)              2224 (   2.17kB)
    Total ROM Size (Code + RO Data + RW Data)      13908 (  13.58kB)

==============================================================================

